Component: ARM Compiler 5.06 update 1 (build 61) Tool: armlink [4d35a8]

==============================================================================

Section Cross References

    programme.o(i.Init_UART) refers to uart_lpc17xx.o(.constdata) for Driver_USART1
    programme.o(i.change_mod) refers to programme.o(.data) for tab
    programme.o(i.main) refers to _printf_percent.o(.ARM.Collect$$_printf_percent$$00000000) for _printf_percent
    programme.o(i.main) refers to _printf_x.o(.ARM.Collect$$_printf_percent$$0000000C) for _printf_x
    programme.o(i.main) refers to _printf_hex_int.o(.text) for _printf_longlong_hex
    programme.o(i.main) refers to _printf_d.o(.ARM.Collect$$_printf_percent$$00000009) for _printf_d
    programme.o(i.main) refers to _printf_dec.o(.text) for _printf_int_dec
    programme.o(i.main) refers to programme.o(i.Init_UART) for Init_UART
    programme.o(i.main) refers to programme.o(i.Lidar_PWM) for Lidar_PWM
    programme.o(i.main) refers to glcd_mcb1700.o(i.GLCD_Initialize) for GLCD_Initialize
    programme.o(i.main) refers to glcd_mcb1700.o(i.GLCD_ClearScreen) for GLCD_ClearScreen
    programme.o(i.main) refers to glcd_mcb1700.o(i.GLCD_SetFont) for GLCD_SetFont
    programme.o(i.main) refers to noretval__2sprintf.o(.text) for __2sprintf
    programme.o(i.main) refers to glcd_mcb1700.o(i.GLCD_DrawString) for GLCD_DrawString
    programme.o(i.main) refers to programme.o(i.reverse) for reverse
    programme.o(i.main) refers to glcd_fonts.o(.constdata) for GLCD_Font_16x24
    programme.o(i.main) refers to uart_lpc17xx.o(.constdata) for Driver_USART1
    programme.o(i.main) refers to programme.o(.data) for tab
    glcd_mcb1700.o(i.GLCD_ClearScreen) refers to glcd_mcb1700.o(i.GLCD_WindowMax) for GLCD_WindowMax
    glcd_mcb1700.o(i.GLCD_ClearScreen) refers to glcd_mcb1700.o(i.wr_cmd) for wr_cmd
    glcd_mcb1700.o(i.GLCD_ClearScreen) refers to glcd_mcb1700.o(i.wr_dat_start) for wr_dat_start
    glcd_mcb1700.o(i.GLCD_ClearScreen) refers to glcd_mcb1700.o(i.wr_dat_only) for wr_dat_only
    glcd_mcb1700.o(i.GLCD_ClearScreen) refers to glcd_mcb1700.o(i.wr_dat_stop) for wr_dat_stop
    glcd_mcb1700.o(i.GLCD_ClearScreen) refers to glcd_mcb1700.o(.data) for background_color
    glcd_mcb1700.o(i.GLCD_DrawBargraph) refers to glcd_mcb1700.o(i.GLCD_SetWindow) for GLCD_SetWindow
    glcd_mcb1700.o(i.GLCD_DrawBargraph) refers to glcd_mcb1700.o(i.wr_cmd) for wr_cmd
    glcd_mcb1700.o(i.GLCD_DrawBargraph) refers to glcd_mcb1700.o(i.wr_dat_start) for wr_dat_start
    glcd_mcb1700.o(i.GLCD_DrawBargraph) refers to glcd_mcb1700.o(i.wr_dat_only) for wr_dat_only
    glcd_mcb1700.o(i.GLCD_DrawBargraph) refers to glcd_mcb1700.o(i.wr_dat_stop) for wr_dat_stop
    glcd_mcb1700.o(i.GLCD_DrawBargraph) refers to glcd_mcb1700.o(.data) for background_color
    glcd_mcb1700.o(i.GLCD_DrawBitmap) refers to glcd_mcb1700.o(i.GLCD_SetWindow) for GLCD_SetWindow
    glcd_mcb1700.o(i.GLCD_DrawBitmap) refers to glcd_mcb1700.o(i.wr_cmd) for wr_cmd
    glcd_mcb1700.o(i.GLCD_DrawBitmap) refers to glcd_mcb1700.o(i.wr_dat_start) for wr_dat_start
    glcd_mcb1700.o(i.GLCD_DrawBitmap) refers to glcd_mcb1700.o(i.wr_dat_only) for wr_dat_only
    glcd_mcb1700.o(i.GLCD_DrawBitmap) refers to glcd_mcb1700.o(i.wr_dat_stop) for wr_dat_stop
    glcd_mcb1700.o(i.GLCD_DrawChar) refers to glcd_mcb1700.o(i.GLCD_SetWindow) for GLCD_SetWindow
    glcd_mcb1700.o(i.GLCD_DrawChar) refers to glcd_mcb1700.o(i.wr_cmd) for wr_cmd
    glcd_mcb1700.o(i.GLCD_DrawChar) refers to glcd_mcb1700.o(i.wr_dat_start) for wr_dat_start
    glcd_mcb1700.o(i.GLCD_DrawChar) refers to glcd_mcb1700.o(i.wr_dat_only) for wr_dat_only
    glcd_mcb1700.o(i.GLCD_DrawChar) refers to glcd_mcb1700.o(i.wr_dat_stop) for wr_dat_stop
    glcd_mcb1700.o(i.GLCD_DrawChar) refers to glcd_mcb1700.o(.data) for active_font
    glcd_mcb1700.o(i.GLCD_DrawHLine) refers to glcd_mcb1700.o(i.GLCD_SetWindow) for GLCD_SetWindow
    glcd_mcb1700.o(i.GLCD_DrawHLine) refers to glcd_mcb1700.o(i.wr_cmd) for wr_cmd
    glcd_mcb1700.o(i.GLCD_DrawHLine) refers to glcd_mcb1700.o(i.wr_dat_start) for wr_dat_start
    glcd_mcb1700.o(i.GLCD_DrawHLine) refers to glcd_mcb1700.o(i.wr_dat_only) for wr_dat_only
    glcd_mcb1700.o(i.GLCD_DrawHLine) refers to glcd_mcb1700.o(i.wr_dat_stop) for wr_dat_stop
    glcd_mcb1700.o(i.GLCD_DrawHLine) refers to glcd_mcb1700.o(.data) for foreground_color
    glcd_mcb1700.o(i.GLCD_DrawPixel) refers to glcd_mcb1700.o(i.wr_reg) for wr_reg
    glcd_mcb1700.o(i.GLCD_DrawPixel) refers to glcd_mcb1700.o(i.wr_cmd) for wr_cmd
    glcd_mcb1700.o(i.GLCD_DrawPixel) refers to glcd_mcb1700.o(i.wr_dat) for wr_dat
    glcd_mcb1700.o(i.GLCD_DrawPixel) refers to glcd_mcb1700.o(.data) for Himax
    glcd_mcb1700.o(i.GLCD_DrawRectangle) refers to glcd_mcb1700.o(i.GLCD_DrawHLine) for GLCD_DrawHLine
    glcd_mcb1700.o(i.GLCD_DrawRectangle) refers to glcd_mcb1700.o(i.GLCD_DrawVLine) for GLCD_DrawVLine
[...]
    __NVIC_ClearPendingIRQ                   0x0000522d   Thumb Code    22  ssp_lpc17xx.o(i.__NVIC_ClearPendingIRQ)
    i.__NVIC_ClearPendingIRQ                 0x00005248   Section        0  uart_lpc17xx.o(i.__NVIC_ClearPendingIRQ)
    __NVIC_ClearPendingIRQ                   0x00005249   Thumb Code    22  uart_lpc17xx.o(i.__NVIC_ClearPendingIRQ)
    i.__NVIC_ClearPendingIRQ                 0x00005264   Section        0  gpdma_lpc17xx.o(i.__NVIC_ClearPendingIRQ)
    __NVIC_ClearPendingIRQ                   0x00005265   Thumb Code    22  gpdma_lpc17xx.o(i.__NVIC_ClearPendingIRQ)
    i._init_box                              0x00005280   Section        0  rt_membox.o(i._init_box)
    i._mutex_acquire                         0x000052c8   Section        0  rtx_conf_cm.o(i._mutex_acquire)
    __tagsym$$used                           0x000052c9   Number         0  rtx_conf_cm.o(i._mutex_acquire)
    i._mutex_release                         0x000052e8   Section        0  rtx_conf_cm.o(i._mutex_release)
    __tagsym$$used                           0x000052e9   Number         0  rtx_conf_cm.o(i._mutex_release)
    i.dbg_init                               0x00005304   Section        0  hal_cm.o(i.dbg_init)
    i.dbg_task_notify                        0x00005334   Section        0  hal_cm.o(i.dbg_task_notify)
    i.dbg_task_switch                        0x00005354   Section        0  hal_cm.o(i.dbg_task_switch)
    i.delay_ms                               0x00005364   Section        0  glcd_mcb1700.o(i.delay_ms)
    delay_ms                                 0x00005365   Thumb Code    38  glcd_mcb1700.o(i.delay_ms)
    i.isrMessageGet                          0x00005390   Section        0  rt_cmsis.o(i.isrMessageGet)
    i.isrMessagePut                          0x000053ba   Section        0  rt_cmsis.o(i.isrMessagePut)
    i.isr_mbx_receive                        0x000053e8   Section        0  rt_mailbox.o(i.isr_mbx_receive)
    i.isr_mbx_send                           0x0000543e   Section        0  rt_mailbox.o(i.isr_mbx_send)
    i.main                                   0x0000544c   Section        0  programme.o(i.main)
    i.osKernelInitialize                     0x000055cc   Section        0  rt_cmsis.o(i.osKernelInitialize)
    i.osKernelStart                          0x000055f0   Section        0  rt_cmsis.o(i.osKernelStart)
    i.osMessageGet                           0x0000565c   Section        0  rt_cmsis.o(i.osMessageGet)
    i.osThreadCreate                         0x00005674   Section        0  rt_cmsis.o(i.osThreadCreate)
    i.osThreadExit                           0x000056a0   Section        0  rt_cmsis.o(i.osThreadExit)
    i.osTimerCall                            0x000056b8   Section        0  rt_cmsis.o(i.osTimerCall)
    i.osTimerThread                          0x000056c4   Section        0  rt_cmsis.o(i.osTimerThread)
    i.os_error                               0x000056f0   Section        0  rtx_conf_cm.o(i.os_error)
    i.os_idle_demon                          0x00005712   Section        0  rtx_conf_cm.o(i.os_idle_demon)
    i.os_tick_init                           0x00005718   Section        0  rt_system.o(i.os_tick_init)
    i.os_tick_irqack                         0x00005740   Section        0  rt_system.o(i.os_tick_irqack)
    i.rd_dat                                 0x00005744   Section        0  glcd_mcb1700.o(i.rd_dat)
    rd_dat                                   0x00005745   Thumb Code    64  glcd_mcb1700.o(i.rd_dat)
    i.rd_id_man                              0x00005788   Section        0  glcd_mcb1700.o(i.rd_id_man)
    rd_id_man                                0x00005789   Thumb Code   196  glcd_mcb1700.o(i.rd_id_man)
    i.rd_reg                                 0x00005850   Section        0  glcd_mcb1700.o(i.rd_reg)
    rd_reg                                   0x00005851   Thumb Code    16  glcd_mcb1700.o(i.rd_reg)
    i.reverse                                0x00005860   Section        0  programme.o(i.reverse)
    i.rt_alloc_box                           0x0000587e   Section        0  rt_membox.o(i.rt_alloc_box)
    i.rt_alloc_mem                           0x00005898   Section        0  rt_memory.o(i.rt_alloc_mem)
    i.rt_block                               0x000058d8   Section        0  rt_task.o(i.rt_block)
    i.rt_chk_robin                           0x00005910   Section        0  rt_robin.o(i.rt_chk_robin)
    i.rt_dec_dly                             0x00005958   Section        0  rt_list.o(i.rt_dec_dly)
    i.rt_dispatch                            0x000059c8   Section        0  rt_task.o(i.rt_dispatch)
    i.rt_evt_psh                             0x00005a0c   Section        0  rt_event.o(i.rt_evt_psh)
    i.rt_free_box                            0x00005a5c   Section        0  rt_membox.o(i.rt_free_box)
    i.rt_free_mem                            0x00005a88   Section        0  rt_memory.o(i.rt_free_mem)
    i.rt_get_first                           0x00005ab0   Section        0  rt_list.o(i.rt_get_first)
    i.rt_id2obj                              0x00005ad8   Section        0  rt_cmsis.o(i.rt_id2obj)
    rt_id2obj                                0x00005ad9   Thumb Code     8  rt_cmsis.o(i.rt_id2obj)
    i.rt_init_context                        0x00005ae0   Section        0  rt_task.o(i.rt_init_context)
    rt_init_context                          0x00005ae1   Thumb Code    66  rt_task.o(i.rt_init_context)
    i.rt_init_mem                            0x00005b28   Section        0  rt_memory.o(i.rt_init_mem)
    i.rt_init_robin                          0x00005b44   Section        0  rt_robin.o(i.rt_init_robin)
    i.rt_init_stack                          0x00005b5c   Section        0  hal_cm.o(i.rt_init_stack)
    i.rt_mbx_check                           0x00005bdc   Section        0  rt_mailbox.o(i.rt_mbx_check)
    i.rt_mbx_init                            0x00005be4   Section        0  rt_mailbox.o(i.rt_mbx_init)
    i.rt_mbx_psh                             0x00005c00   Section        0  rt_mailbox.o(i.rt_mbx_psh)
    i.rt_mbx_wait                            0x00005cf0   Section        0  rt_mailbox.o(i.rt_mbx_wait)
    i.rt_ms2tick                             0x00005da4   Section        0  rt_cmsis.o(i.rt_ms2tick)
    rt_ms2tick                               0x00005da5   Thumb Code    58  rt_cmsis.o(i.rt_ms2tick)
    i.rt_mut_release                         0x00005de8   Section        0  rt_mutex.o(i.rt_mut_release)
    i.rt_mut_wait                            0x00005ec0   Section        0  rt_mutex.o(i.rt_mut_wait)
    i.rt_pop_req                             0x00005f38   Section        0  rt_system.o(i.rt_pop_req)
    i.rt_psh_req                             0x00005fb4   Section        0  rt_system.o(i.rt_psh_req)
    i.rt_psq_enq                             0x00005fd4   Section        0  rt_list.o(i.rt_psq_enq)
    i.rt_put_dly                             0x00006030   Section        0  rt_list.o(i.rt_put_dly)
    i.rt_put_prio                            0x00006078   Section        0  rt_list.o(i.rt_put_prio)
    i.rt_put_rdy_first                       0x000060b0   Section        0  rt_list.o(i.rt_put_rdy_first)
    i.rt_resort_prio                         0x000060c4   Section        0  rt_list.o(i.rt_resort_prio)
    i.rt_ret_val                             0x000060f8   Section        0  hal_cm.o(i.rt_ret_val)
    i.rt_ret_val2                            0x000060fe   Section        0  hal_cm.o(i.rt_ret_val2)
    i.rt_rmv_dly                             0x00006106   Section        0  rt_list.o(i.rt_rmv_dly)
    i.rt_rmv_list                            0x00006130   Section        0  rt_list.o(i.rt_rmv_list)
    i.rt_sem_psh                             0x00006160   Section        0  rt_semaphore.o(i.rt_sem_psh)
    i.rt_stk_check                           0x00006194   Section        0  rt_system.o(i.rt_stk_check)
    i.rt_switch_req                          0x000061b8   Section        0  rt_task.o(i.rt_switch_req)
    i.rt_sys_init                            0x000061e0   Section        0  rt_task.o(i.rt_sys_init)
    i.rt_sys_start                           0x000062ac   Section        0  rt_task.o(i.rt_sys_start)
    i.rt_systick                             0x00006324   Section        0  rt_system.o(i.rt_systick)
    i.rt_tid2ptcb                            0x00006364   Section        0  rt_cmsis.o(i.rt_tid2ptcb)
    rt_tid2ptcb                              0x00006365   Thumb Code    18  rt_cmsis.o(i.rt_tid2ptcb)
    i.rt_timer_insert                        0x00006378   Section        0  rt_cmsis.o(i.rt_timer_insert)
    rt_timer_insert                          0x00006379   Thumb Code    48  rt_cmsis.o(i.rt_timer_insert)
    i.rt_tsk_create                          0x000063ac   Section        0  rt_task.o(i.rt_tsk_create)
    i.rt_tsk_delete                          0x00006434   Section        0  rt_task.o(i.rt_tsk_delete)
    i.rt_tsk_prio                            0x000065b0   Section        0  rt_task.o(i.rt_tsk_prio)
    i.rt_tsk_self                            0x0000662c   Section        0  rt_task.o(i.rt_tsk_self)
    i.spi_tran                               0x0000663c   Section        0  glcd_mcb1700.o(i.spi_tran)
    spi_tran                                 0x0000663d   Thumb Code    40  glcd_mcb1700.o(i.spi_tran)
    i.spi_tran_man                           0x00006668   Section        0  glcd_mcb1700.o(i.spi_tran_man)
    spi_tran_man                             0x00006669   Thumb Code   132  glcd_mcb1700.o(i.spi_tran_man)
    i.svcKernelInitialize                    0x000066f0   Section        0  rt_cmsis.o(i.svcKernelInitialize)
    i.svcKernelStart                         0x00006760   Section        0  rt_cmsis.o(i.svcKernelStart)
    i.svcMessageCreate                       0x000067a8   Section        0  rt_cmsis.o(i.svcMessageCreate)
    i.svcMessageGet                          0x000067cc   Section        0  rt_cmsis.o(i.svcMessageGet)
    i.svcThreadCreate                        0x00006808   Section        0  rt_cmsis.o(i.svcThreadCreate)
    i.svcThreadGetId                         0x00006874   Section        0  rt_cmsis.o(i.svcThreadGetId)
    i.svcThreadTerminate                     0x00006890   Section        0  rt_cmsis.o(i.svcThreadTerminate)
    i.svcTimerCall                           0x000068c8   Section        0  rt_cmsis.o(i.svcTimerCall)
    i.sysTimerTick                           0x000068e0   Section        0  rt_cmsis.o(i.sysTimerTick)
    i.wr_cmd                                 0x0000693c   Section        0  glcd_mcb1700.o(i.wr_cmd)
    wr_cmd                                   0x0000693d   Thumb Code    70  glcd_mcb1700.o(i.wr_cmd)
    i.wr_dat_only                            0x00006988   Section        0  glcd_mcb1700.o(i.wr_dat_only)
    wr_dat_only                              0x00006989   Thumb Code    46  glcd_mcb1700.o(i.wr_dat_only)
    i.wr_dat_start                           0x000069bc   Section        0  glcd_mcb1700.o(i.wr_dat_start)
    wr_dat_start                             0x000069bd   Thumb Code    20  glcd_mcb1700.o(i.wr_dat_start)
    i.wr_dat_stop                            0x000069d4   Section        0  glcd_mcb1700.o(i.wr_dat_stop)
    wr_dat_stop                              0x000069d5   Thumb Code    14  glcd_mcb1700.o(i.wr_dat_stop)
    i.wr_reg                                 0x000069e8   Section        0  glcd_mcb1700.o(i.wr_reg)
    wr_reg                                   0x000069e9   Thumb Code   140  glcd_mcb1700.o(i.wr_reg)
    .constdata                               0x00006a78   Section     6304  glcd_fonts.o(.constdata)
    Font_6x8_h                               0x00006a78   Data         896  glcd_fonts.o(.constdata)
    Font_16x24_h                             0x00006df8   Data        5376  glcd_fonts.o(.constdata)
    .constdata                               0x00008318   Section      104  rtx_conf_cm.o(.constdata)
    __tagsym$$used                           0x00008334   Number         0  rtx_conf_cm.o(.constdata)
    __tagsym$$used                           0x00008338   Number         0  rtx_conf_cm.o(.constdata)
    __tagsym$$used                           0x0000833c   Number         0  rtx_conf_cm.o(.constdata)
    __tagsym$$used                           0x00008340   Number         0  rtx_conf_cm.o(.constdata)
    .constdata                               0x00008380   Section       84  can_lpc17xx.o(.constdata)
    can_driver_version                       0x00008380   Data           4  can_lpc17xx.o(.constdata)
    can_driver_capabilities                  0x00008384   Data           4  can_lpc17xx.o(.constdata)
    can_object_capabilities_rx               0x00008388   Data           4  can_lpc17xx.o(.constdata)
    can_object_capabilities_tx               0x0000838c   Data           4  can_lpc17xx.o(.constdata)
    ptr_CANx                                 0x00008390   Data           8  can_lpc17xx.o(.constdata)
    .constdata                               0x000083d4   Section      124  ssp_lpc17xx.o(.constdata)
    DriverVersion                            0x000083d4   Data           4  ssp_lpc17xx.o(.constdata)
    DriverCapabilities                       0x000083d8   Data           4  ssp_lpc17xx.o(.constdata)
    SSP1_Resources                           0x000083dc   Data          72  ssp_lpc17xx.o(.constdata)
    .constdata                               0x00008450   Section      464  uart_lpc17xx.o(.constdata)
    usart_driver_version                     0x00008450   Data           4  uart_lpc17xx.o(.constdata)
    fract_div_lookup_table                   0x00008454   Data         288  uart_lpc17xx.o(.constdata)
    USART1_DMA_Tx                            0x00008574   Data           8  uart_lpc17xx.o(.constdata)
    USART1_DMA_Rx                            0x0000857c   Data           8  uart_lpc17xx.o(.constdata)
    USART1_Resources                         0x00008584   Data         100  uart_lpc17xx.o(.constdata)
    .constdata                               0x00008620   Section       40  _printf_hex_int.o(.constdata)
    uc_hextab                                0x00008620   Data          20  _printf_hex_int.o(.constdata)
    lc_hextab                                0x00008634   Data          20  _printf_hex_int.o(.constdata)
    .constdata                               0x00008648   Section       17  __printf_flags.o(.constdata)
    maptable                                 0x00008648   Data          17  __printf_flags.o(.constdata)
    .data                                    0x10000000   Section        2  programme.o(.data)
    .data                                    0x10000004   Section       17  glcd_mcb1700.o(.data)
    spi1_pins                                0x10000004   Data           8  glcd_mcb1700.o(.data)
    foreground_color                         0x1000000c   Data           2  glcd_mcb1700.o(.data)
    background_color                         0x1000000e   Data           2  glcd_mcb1700.o(.data)
    active_font                              0x10000010   Data           4  glcd_mcb1700.o(.data)
    Himax                                    0x10000014   Data           1  glcd_mcb1700.o(.data)
    .data                                    0x10000018   Section       20  rtx_conf_cm.o(.data)
    nr_mutex                                 0x10000028   Data           4  rtx_conf_cm.o(.data)
    .data                                    0x1000002c   Section       20  can_lpc17xx.o(.data)
    can_driver_powered                       0x1000002c   Data           1  can_lpc17xx.o(.data)
    can_driver_initialized                   0x1000002d   Data           1  can_lpc17xx.o(.data)
    can_obj_tx_alloc                         0x1000002e   Data           3  can_lpc17xx.o(.data)
    can_obj_tx_alloc_lock                    0x10000031   Data           1  can_lpc17xx.o(.data)
    can_no_retransmission                    0x10000032   Data           1  can_lpc17xx.o(.data)
    can_loopback                             0x10000033   Data           1  can_lpc17xx.o(.data)
    can_obj_cfg_msk                          0x10000034   Data           1  can_lpc17xx.o(.data)
    can_unit_state                           0x10000035   Data           1  can_lpc17xx.o(.data)
    can_last_error_code                      0x10000036   Data           1  can_lpc17xx.o(.data)
    CAN_SignalUnitEvent                      0x10000038   Data           4  can_lpc17xx.o(.data)
    CAN_SignalObjectEvent                    0x1000003c   Data           4  can_lpc17xx.o(.data)
    .data                                    0x10000040   Section       16  ssp_lpc17xx.o(.data)
    SSP1_pin_sck                             0x10000040   Data           2  ssp_lpc17xx.o(.data)
    SSP1_pin_miso                            0x10000042   Data           2  ssp_lpc17xx.o(.data)
    SSP1_pin_mosi                            0x10000044   Data           2  ssp_lpc17xx.o(.data)
    SSP1_pin_ssel                            0x10000046   Data           2  ssp_lpc17xx.o(.data)
    dummy_data                               0x10000048   Data           4  ssp_lpc17xx.o(.data)
    dummy_data                               0x1000004c   Data           4  ssp_lpc17xx.o(.data)
    .data                                    0x10000050   Section        4  uart_lpc17xx.o(.data)
    USART1_pin_tx                            0x10000050   Data           2  uart_lpc17xx.o(.data)
    USART1_pin_rx                            0x10000052   Data           2  uart_lpc17xx.o(.data)
    .data                                    0x10000054   Section        8  gpdma_lpc17xx.o(.data)
    Channel_active                           0x10000054   Data           4  gpdma_lpc17xx.o(.data)
    Init_cnt                                 0x10000058   Data           4  gpdma_lpc17xx.o(.data)
    .data                                    0x1000005c   Section        4  system_lpc17xx.o(.data)
    .data                                    0x10000060   Section        8  rt_cmsis.o(.data)
    .data                                    0x10000068   Section        8  rt_task.o(.data)
    .data                                    0x10000070   Section        8  rt_system.o(.data)
    os_lock                                  0x10000070   Data           1  rt_system.o(.data)
    os_psh_flag                              0x10000071   Data           1  rt_system.o(.data)
    pend_flags                               0x10000072   Data           1  rt_system.o(.data)
    .data                                    0x10000078   Section        4  rt_time.o(.data)
    .data                                    0x1000007c   Section        8  rt_robin.o(.data)
    .data                                    0x10000084   Section        1  hal_cm.o(.data)
    .bss                                     0x10000088   Section     3016  rtx_conf_cm.o(.bss)
    std_libspace                             0x10000930   Data         672  rtx_conf_cm.o(.bss)
    std_libmutex                             0x10000bd0   Data         128  rtx_conf_cm.o(.bss)
    .bss                                     0x10000c50   Section       40  ssp_lpc17xx.o(.bss)
    SSP1_Info                                0x10000c50   Data          12  ssp_lpc17xx.o(.bss)
    SSP1_Xfer                                0x10000c5c   Data          28  ssp_lpc17xx.o(.bss)
    .bss                                     0x10000c78   Section       52  uart_lpc17xx.o(.bss)
    USART1_Info                              0x10000c78   Data          52  uart_lpc17xx.o(.bss)
    .bss                                     0x10000cac   Section      160  gpdma_lpc17xx.o(.bss)
    Channel_info                             0x10000cac   Data         160  gpdma_lpc17xx.o(.bss)
    .bss                                     0x10000d4c   Section       52  rt_task.o(.bss)
    .bss                                     0x10000d80   Section       48  rt_list.o(.bss)
    .bss                                     0x10000db0   Section       96  libspace.o(.bss)
    HEAP                                     0x10000e10   Section        0  startup_lpc17xx.o(HEAP)
    STACK                                    0x10000e10   Section      512  startup_lpc17xx.o(STACK)
    Heap_Mem                                 0x10000e10   Data           0  startup_lpc17xx.o(HEAP)
    Stack_Mem                                0x10000e10   Data         512  startup_lpc17xx.o(STACK)
    __initial_sp                             0x10001010   Data           0  startup_lpc17xx.o(STACK)

    Global Symbols

    Symbol Name                              Value     Ov Type        Size  Object(Section)

    BuildAttributes$$THM_ISAv4$P$D$K$B$S$PE$A:L22UL41UL21$X:L11$S22US41US21$IEEE1$IW$USESV6$~STKCKD$USESV7$~SHL$OSPACE$ROPI$EBA8$UX$STANDARDLIB$REQ8$PRES8$EABIv2 0x00000000   Number         0  anon$$obj.o ABSOLUTE
    __ARM_use_no_argv                        0x00000000   Number         0  programme.o ABSOLUTE
    __Vectors                                0x00000000   Data           4  startup_lpc17xx.o(RESET)
    _printf_flags                            0x00000000   Number         0  printf_stubs.o ABSOLUTE
    _printf_return_value                     0x00000000   Number         0  printf_stubs.o ABSOLUTE
    _printf_sizespec                         0x00000000   Number         0  printf_stubs.o ABSOLUTE
    _printf_widthprec                        0x00000000   Number         0  printf_stubs.o ABSOLUTE
    __ARM_exceptions_init                     - Undefined Weak Reference
    __alloca_initialize                       - Undefined Weak Reference
    __arm_preinit_                            - Undefined Weak Reference
    __cpp_initialize__aeabi_                  - Undefined Weak Reference
    __cxa_finalize                            - Undefined Weak Reference
    __rt_locale                               - Undefined Weak Reference
    __sigvec_lookup                           - Undefined Weak Reference
    _atexit_init                              - Undefined Weak Reference
    _call_atexit_fns                          - Undefined Weak Reference
    _clock_init                               - Undefined Weak Reference
    _fp_trap_init                             - Undefined Weak Reference
    _fp_trap_shutdown                         - Undefined Weak Reference
    _get_lc_collate                           - Undefined Weak Reference
    _get_lc_ctype                             - Undefined Weak Reference
    _get_lc_monetary                          - Undefined Weak Reference
    _get_lc_numeric                           - Undefined Weak Reference
    _get_lc_time                              - Undefined Weak Reference
    _getenv_init                              - Undefined Weak Reference
    _handle_redirection                       - Undefined Weak Reference
    _init_alloc                               - Undefined Weak Reference
    _init_user_alloc                          - Undefined Weak Reference
    _initio                                   - Undefined Weak Reference
    _printf_post_padding                      - Undefined Weak Reference
    _printf_pre_padding                       - Undefined Weak Reference
    _printf_truncate_signed                   - Undefined Weak Reference
    _printf_truncate_unsigned                 - Undefined Weak Reference
    _rand_init                                - Undefined Weak Reference
    _signal_finish                            - Undefined Weak Reference
    _signal_init                              - Undefined Weak Reference
    _terminate_alloc                          - Undefined Weak Reference
    _terminate_user_alloc                     - Undefined Weak Reference
    _terminateio                              - Undefined Weak Reference
    __main                                   0x000000cd   Thumb Code     8  __main.o(!!!main)
    __scatterload                            0x000000d5   Thumb Code     0  __scatter.o(!!!scatter)
    __scatterload_rt2                        0x000000d5   Thumb Code    44  __scatter.o(!!!scatter)
    __scatterload_rt2_thumb_only             0x000000d5   Thumb Code     0  __scatter.o(!!!scatter)
    __scatterload_null                       0x000000e3   Thumb Code     0  __scatter.o(!!!scatter)
    __scatterload_copy                       0x00000109   Thumb Code    26  __scatter_copy.o(!!handler_copy)
    __scatterload_zeroinit                   0x00000125   Thumb Code    28  __scatter_zi.o(!!handler_zi)
    _printf_d                                0x00000141   Thumb Code     0  _printf_d.o(.ARM.Collect$$_printf_percent$$00000009)
    _printf_percent                          0x00000141   Thumb Code     0  _printf_percent.o(.ARM.Collect$$_printf_percent$$00000000)
    _printf_x                                0x00000147   Thumb Code     0  _printf_x.o(.ARM.Collect$$_printf_percent$$0000000C)
    _printf_percent_end                      0x0000014d   Thumb Code     0  _printf_percent_end.o(.ARM.Collect$$_printf_percent$$00000017)
    __rt_lib_init                            0x00000151   Thumb Code     0  libinit.o(.ARM.Collect$$libinit$$00000000)
    __rt_lib_init_alloca_1                   0x00000153   Thumb Code     0  libinit2.o(.ARM.Collect$$libinit$$0000002E)
    __rt_lib_init_argv_1                     0x00000153   Thumb Code     0  libinit2.o(.ARM.Collect$$libinit$$0000002C)
    __rt_lib_init_atexit_1                   0x00000153   Thumb Code     0  libinit2.o(.ARM.Collect$$libinit$$0000001B)
    __rt_lib_init_clock_1                    0x00000153   Thumb Code     0  libinit2.o(.ARM.Collect$$libinit$$00000021)
    __rt_lib_init_cpp_1                      0x00000153   Thumb Code     0  libinit2.o(.ARM.Collect$$libinit$$00000032)
    __rt_lib_init_exceptions_1               0x00000153   Thumb Code     0  libinit2.o(.ARM.Collect$$libinit$$00000030)
    __rt_lib_init_fp_1                       0x00000153   Thumb Code     0  libinit2.o(.ARM.Collect$$libinit$$00000002)
    __rt_lib_init_fp_trap_1                  0x00000153   Thumb Code     0  libinit2.o(.ARM.Collect$$libinit$$0000001F)
    __rt_lib_init_getenv_1                   0x00000153   Thumb Code     0  libinit2.o(.ARM.Collect$$libinit$$00000023)
    __rt_lib_init_heap_1                     0x00000153   Thumb Code     0  libinit2.o(.ARM.Collect$$libinit$$0000000A)
    __rt_lib_init_lc_collate_1               0x00000153   Thumb Code     0  libinit2.o(.ARM.Collect$$libinit$$00000011)
    __rt_lib_init_lc_ctype_1                 0x00000153   Thumb Code     0  libinit2.o(.ARM.Collect$$libinit$$00000013)
    __rt_lib_init_lc_monetary_1              0x00000153   Thumb Code     0  libinit2.o(.ARM.Collect$$libinit$$00000015)
    __rt_lib_init_lc_numeric_1               0x00000153   Thumb Code     0  libinit2.o(.ARM.Collect$$libinit$$00000017)
    __rt_lib_init_lc_time_1                  0x00000153   Thumb Code     0  libinit2.o(.ARM.Collect$$libinit$$00000019)
    __rt_lib_init_preinit_1                  0x00000153   Thumb Code     0  libinit2.o(.ARM.Collect$$libinit$$00000004)
    __rt_lib_init_rand_1                     0x00000153   Thumb Code     0  libinit2.o(.ARM.Collect$$libinit$$0000000E)
    __rt_lib_init_return                     0x00000153   Thumb Code     0  libinit2.o(.ARM.Collect$$libinit$$00000033)
    __rt_lib_init_signal_1                   0x00000153   Thumb Code     0  libinit2.o(.ARM.Collect$$libinit$$0000001D)
    __rt_lib_init_stdio_1                    0x00000153   Thumb Code     0  libinit2.o(.ARM.Collect$$libinit$$00000025)
    __rt_lib_init_user_alloc_1               0x00000153   Thumb Code     0  libinit2.o(.ARM.Collect$$libinit$$0000000C)
    __rt_lib_shutdown                        0x00000155   Thumb Code     0  libshutdown.o(.ARM.Collect$$libshutdown$$00000000)
    __rt_lib_shutdown_cpp_1                  0x00000157   Thumb Code     0  libshutdown2.o(.ARM.Collect$$libshutdown$$00000002)
    __rt_lib_shutdown_fp_trap_1              0x00000157   Thumb Code     0  libshutdown2.o(.ARM.Collect$$libshutdown$$00000007)
    __rt_lib_shutdown_heap_1                 0x00000157   Thumb Code     0  libshutdown2.o(.ARM.Collect$$libshutdown$$0000000F)
    __rt_lib_shutdown_return                 0x00000157   Thumb Code     0  libshutdown2.o(.ARM.Collect$$libshutdown$$00000010)
    __rt_lib_shutdown_signal_1               0x00000157   Thumb Code     0  libshutdown2.o(.ARM.Collect$$libshutdown$$0000000A)
    __rt_lib_shutdown_stdio_1                0x00000157   Thumb Code     0  libshutdown2.o(.ARM.Collect$$libshutdown$$00000004)
    __rt_lib_shutdown_user_alloc_1           0x00000157   Thumb Code     0  libshutdown2.o(.ARM.Collect$$libshutdown$$0000000C)
    __rt_entry                               0x00000159   Thumb Code     0  __rtentry.o(.ARM.Collect$$rtentry$$00000000)
    __rt_entry_presh_1                       0x00000159   Thumb Code     0  __rtentry2.o(.ARM.Collect$$rtentry$$00000002)
    __rt_entry_sh                            0x00000159   Thumb Code     0  __rtentry4.o(.ARM.Collect$$rtentry$$00000004)
    __rt_entry_li                            0x0000015f   Thumb Code     0  __rtentry2.o(.ARM.Collect$$rtentry$$0000000A)
    __rt_entry_postsh_1                      0x0000015f   Thumb Code     0  __rtentry2.o(.ARM.Collect$$rtentry$$00000009)
    __rt_entry_postli_1                      0x00000163   Thumb Code     0  __rtentry2.o(.ARM.Collect$$rtentry$$0000000B)
    __rt_entry_main                          0x0000016b   Thumb Code     0  __rtentry2.o(.ARM.Collect$$rtentry$$0000000D)
    __rt_exit                                0x00000173   Thumb Code     0  rtexit.o(.ARM.Collect$$rtexit$$00000000)
    __rt_exit_ls                             0x00000175   Thumb Code     0  rtexit2.o(.ARM.Collect$$rtexit$$00000003)
    __rt_exit_prels_1                        0x00000175   Thumb Code     0  rtexit2.o(.ARM.Collect$$rtexit$$00000002)
    __rt_exit_exit                           0x00000179   Thumb Code     0  rtexit2.o(.ARM.Collect$$rtexit$$00000004)
    _platform_post_lib_init                  0x00000181   Thumb Code    24  rtx_conf_cm.o(.emb_text)
    rt_set_PSP                               0x0000019d   Thumb Code     6  hal_cm3.o(.emb_text)
    rt_get_PSP                               0x000001a3   Thumb Code     6  hal_cm3.o(.emb_text)
    os_set_env                               0x000001a9   Thumb Code    24  hal_cm3.o(.emb_text)
    _alloc_box                               0x000001c5   Thumb Code    28  hal_cm3.o(.emb_text)
    _free_box                                0x000001e5   Thumb Code    28  hal_cm3.o(.emb_text)
    SVC_Handler                              0x00000205   Thumb Code   108  hal_cm3.o(.emb_text)
    PendSV_Handler                           0x0000027d   Thumb Code    56  hal_cm3.o(.emb_text)
    SysTick_Handler                          0x000002b9   Thumb Code     8  hal_cm3.o(.emb_text)
    OS_Tick_Handler                          0x000002c1   Thumb Code    12  hal_cm3.o(.emb_text)
    __user_libspace                          0x000002cd   Thumb Code     8  libspace.o(.text)
    __user_perproc_libspace                  0x000002cd   Thumb Code     0  libspace.o(.text)
    __2sprintf                               0x000002d5   Thumb Code    34  noretval__2sprintf.o(.text)
    Reset_Handler                            0x00000301   Thumb Code     8  startup_lpc17xx.o(.text)
    NMI_Handler                              0x00000309   Thumb Code     2  startup_lpc17xx.o(.text)
    HardFault_Handler                        0x0000030b   Thumb Code     2  startup_lpc17xx.o(.text)
    MemManage_Handler                        0x0000030d   Thumb Code     2  startup_lpc17xx.o(.text)
    BusFault_Handler                         0x0000030f   Thumb Code     2  startup_lpc17xx.o(.text)
    UsageFault_Handler                       0x00000311   Thumb Code     2  startup_lpc17xx.o(.text)
    DebugMon_Handler                         0x00000315   Thumb Code     2  startup_lpc17xx.o(.text)
    ADC_IRQHandler                           0x0000031b   Thumb Code     0  startup_lpc17xx.o(.text)
    BOD_IRQHandler                           0x0000031b   Thumb Code     0  startup_lpc17xx.o(.text)
    CANActivity_IRQHandler                   0x0000031b   Thumb Code     0  startup_lpc17xx.o(.text)
    EINT0_IRQHandler                         0x0000031b   Thumb Code     0  startup_lpc17xx.o(.text)
    EINT1_IRQHandler                         0x0000031b   Thumb Code     0  startup_lpc17xx.o(.text)
    EINT2_IRQHandler                         0x0000031b   Thumb Code     0  startup_lpc17xx.o(.text)
    EINT3_IRQHandler                         0x0000031b   Thumb Code     0  startup_lpc17xx.o(.text)
    ENET_IRQHandler                          0x0000031b   Thumb Code     0  startup_lpc17xx.o(.text)
    I2C0_IRQHandler                          0x0000031b   Thumb Code     0  startup_lpc17xx.o(.text)
    I2C1_IRQHandler                          0x0000031b   Thumb Code     0  startup_lpc17xx.o(.text)
    I2C2_IRQHandler                          0x0000031b   Thumb Code     0  startup_lpc17xx.o(.text)
    I2S_IRQHandler                           0x0000031b   Thumb Code     0  startup_lpc17xx.o(.text)
    MCPWM_IRQHandler                         0x0000031b   Thumb Code     0  startup_lpc17xx.o(.text)
    PLL0_IRQHandler                          0x0000031b   Thumb Code     0  startup_lpc17xx.o(.text)
    PLL1_IRQHandler                          0x0000031b   Thumb Code     0  startup_lpc17xx.o(.text)
    PWM1_IRQHandler                          0x0000031b   Thumb Code     0  startup_lpc17xx.o(.text)
    QEI_IRQHandler                           0x0000031b   Thumb Code     0  startup_lpc17xx.o(.text)
    RIT_IRQHandler                           0x0000031b   Thumb Code     0  startup_lpc17xx.o(.text)
    RTC_IRQHandler                           0x0000031b   Thumb Code     0  startup_lpc17xx.o(.text)
    SPI_IRQHandler                           0x0000031b   Thumb Code     0  startup_lpc17xx.o(.text)
    SSP0_IRQHandler                          0x0000031b   Thumb Code     0  startup_lpc17xx.o(.text)
    TIMER0_IRQHandler                        0x0000031b   Thumb Code     0  startup_lpc17xx.o(.text)
    TIMER1_IRQHandler                        0x0000031b   Thumb Code     0  startup_lpc17xx.o(.text)
    TIMER2_IRQHandler                        0x0000031b   Thumb Code     0  startup_lpc17xx.o(.text)
    TIMER3_IRQHandler                        0x0000031b   Thumb Code     0  startup_lpc17xx.o(.text)
    UART0_IRQHandler                         0x0000031b   Thumb Code     0  startup_lpc17xx.o(.text)
    UART2_IRQHandler                         0x0000031b   Thumb Code     0  startup_lpc17xx.o(.text)
    UART3_IRQHandler                         0x0000031b   Thumb Code     0  startup_lpc17xx.o(.text)
    USBActivity_IRQHandler                   0x0000031b   Thumb Code     0  startup_lpc17xx.o(.text)
    USB_IRQHandler                           0x0000031b   Thumb Code     0  startup_lpc17xx.o(.text)
    WDT_IRQHandler                           0x0000031b   Thumb Code     0  startup_lpc17xx.o(.text)
    __user_initial_stackheap                 0x0000031d   Thumb Code     0  startup_lpc17xx.o(.text)
    __aeabi_uldivmod                         0x0000033d   Thumb Code     0  lludivv7m.o(.text)
    _ll_udiv                                 0x0000033d   Thumb Code   238  lludivv7m.o(.text)
    _printf_int_dec                          0x0000042d   Thumb Code   104  _printf_dec.o(.text)
    __RL_RTX_VER                             0x00000482   Number         0  rt_system.o ABSOLUTE
    _printf_int_hex                          0x000004a5   Thumb Code    84  _printf_hex_int.o(.text)
    _printf_longlong_hex                     0x000004a5   Thumb Code     0  _printf_hex_int.o(.text)
    __printf                                 0x000004fd   Thumb Code   144  __printf_flags.o(.text)
    exit                                     0x00000591   Thumb Code    18  exit.o(.text)
    __aeabi_memcpy                           0x000005a3   Thumb Code     0  rt_memcpy_v6.o(.text)
    __rt_memcpy                              0x000005a3   Thumb Code   138  rt_memcpy_v6.o(.text)
    _memcpy_lastbytes                        0x00000609   Thumb Code     0  rt_memcpy_v6.o(.text)
    __aeabi_memclr4                          0x0000062d   Thumb Code     0  rt_memclr_w.o(.text)
    __aeabi_memclr8                          0x0000062d   Thumb Code     0  rt_memclr_w.o(.text)
    __rt_memclr_w                            0x0000062d   Thumb Code    78  rt_memclr_w.o(.text)
    _memset_w                                0x00000631   Thumb Code     0  rt_memclr_w.o(.text)
    __use_two_region_memory                  0x0000067b   Thumb Code     2  heapauxi.o(.text)
    __rt_heap_escrow$2region                 0x0000067d   Thumb Code     2  heapauxi.o(.text)
    __rt_heap_expand$2region                 0x0000067f   Thumb Code     2  heapauxi.o(.text)
    _printf_int_common                       0x00000681   Thumb Code   178  _printf_intcommon.o(.text)
    _printf_char_common                      0x0000073f   Thumb Code    32  _printf_char_common.o(.text)
    _sputc                                   0x00000765   Thumb Code    10  _sputc.o(.text)
    __aeabi_memcpy4                          0x0000076f   Thumb Code     0  rt_memcpy_w.o(.text)
    __aeabi_memcpy8                          0x0000076f   Thumb Code     0  rt_memcpy_w.o(.text)
    __rt_memcpy_w                            0x0000076f   Thumb Code   100  rt_memcpy_w.o(.text)
    _memcpy_lastbytes_aligned                0x000007b7   Thumb Code     0  rt_memcpy_w.o(.text)
    _sys_exit                                0x000007d5   Thumb Code     8  sys_exit.o(.text)
    __user_setup_stackheap                   0x000007e1   Thumb Code    74  sys_stackheap_outer.o(.text)
    __I$use$semihosting                      0x0000082b   Thumb Code     0  use_no_semi.o(.text)
    __use_no_semihosting_swi                 0x0000082b   Thumb Code     2  use_no_semi.o(.text)
    SVC_Count                                0x0000082c   Data           4  svc_table.o(SVC_TABLE)
    __semihosting_library_function           0x0000082d   Thumb Code     0  indicate_semi.o(.text)
    SVC_Table                                0x00000830   Data           0  svc_table.o(SVC_TABLE)
    CAN1_ObjectGetCapabilities               0x000008b5   Thumb Code    16  can_lpc17xx.o(i.CAN1_ObjectGetCapabilities)
    CAN_IRQHandler                           0x00000939   Thumb Code   448  can_lpc17xx.o(i.CAN_IRQHandler)
    CANx_GetClock                            0x00000fc5   Thumb Code   154  can_lpc17xx.o(i.CANx_GetClock)
    CANx_ObjectGetCapabilities               0x000014a5   Thumb Code    32  can_lpc17xx.o(i.CANx_ObjectGetCapabilities)
    DMA_IRQHandler                           0x00001db5   Thumb Code   372  gpdma_lpc17xx.o(i.DMA_IRQHandler)
    GLCD_ClearScreen                         0x00001f35   Thumb Code    44  glcd_mcb1700.o(i.GLCD_ClearScreen)
    GLCD_DrawChar                            0x00001f65   Thumb Code   194  glcd_mcb1700.o(i.GLCD_DrawChar)
    GLCD_DrawString                          0x00002035   Thumb Code    38  glcd_mcb1700.o(i.GLCD_DrawString)
    GLCD_Initialize                          0x00002061   Thumb Code  1462  glcd_mcb1700.o(i.GLCD_Initialize)
    GLCD_SetFont                             0x00002619   Thumb Code    10  glcd_mcb1700.o(i.GLCD_SetFont)
    GLCD_SetWindow                           0x00002629   Thumb Code   168  glcd_mcb1700.o(i.GLCD_SetWindow)
    GLCD_WindowMax                           0x000026d5   Thumb Code    18  glcd_mcb1700.o(i.GLCD_WindowMax)
    GPDMA_ChannelConfigure                   0x000026e9   Thumb Code   232  gpdma_lpc17xx.o(i.GPDMA_ChannelConfigure)
    GPDMA_ChannelDisable                     0x000027dd   Thumb Code    44  gpdma_lpc17xx.o(i.GPDMA_ChannelDisable)
    GPDMA_ChannelGetCount                    0x0000280d   Thumb Code    38  gpdma_lpc17xx.o(i.GPDMA_ChannelGetCount)
    GPDMA_Initialize                         0x0000283d   Thumb Code   154  gpdma_lpc17xx.o(i.GPDMA_Initialize)
    GPDMA_PeripheralSelect                   0x000028ed   Thumb Code    62  gpdma_lpc17xx.o(i.GPDMA_PeripheralSelect)
    GPDMA_Uninitialize                       0x00002931   Thumb Code    92  gpdma_lpc17xx.o(i.GPDMA_Uninitialize)
    GPIO_PinRead                             0x00002999   Thumb Code    28  gpio_lpc17xx.o(i.GPIO_PinRead)
    GPIO_PinWrite                            0x000029b9   Thumb Code    36  gpio_lpc17xx.o(i.GPIO_PinWrite)
    GPIO_PortClock                           0x000029e1   Thumb Code    38  gpio_lpc17xx.o(i.GPIO_PortClock)
    GPIO_SetDir                              0x00002a0d   Thumb Code    52  gpio_lpc17xx.o(i.GPIO_SetDir)
    Init_UART                                0x00002acd   Thumb Code    52  programme.o(i.Init_UART)
    Lidar_PWM                                0x00002b05   Thumb Code    74  programme.o(i.Lidar_PWM)
    PIN_Configure                            0x00002b5d   Thumb Code   246  pin_lpc17xx.o(i.PIN_Configure)
    SSP1_GPDMA_Rx_SignalEvent                0x00002c71   Thumb Code    14  ssp_lpc17xx.o(i.SSP1_GPDMA_Rx_SignalEvent)
    SSP1_GPDMA_Tx_SignalEvent                0x00002c85   Thumb Code    14  ssp_lpc17xx.o(i.SSP1_GPDMA_Tx_SignalEvent)
    SSP1_IRQHandler                          0x00002cb9   Thumb Code    10  ssp_lpc17xx.o(i.SSP1_IRQHandler)
    SSPx_GPDMA_Rx_SignalEvent                0x00003287   Thumb Code    54  ssp_lpc17xx.o(i.SSPx_GPDMA_Rx_SignalEvent)
    SSPx_GPDMA_Tx_SignalEvent                0x000032bd   Thumb Code    28  ssp_lpc17xx.o(i.SSPx_GPDMA_Tx_SignalEvent)
    SystemInit                               0x00003b2d   Thumb Code   302  system_lpc17xx.o(i.SystemInit)
    UART1_IRQHandler                         0x00003c6d   Thumb Code    10  uart_lpc17xx.o(i.UART1_IRQHandler)
    USART1_GPDMA_Rx_Event                    0x00003c95   Thumb Code    14  uart_lpc17xx.o(i.USART1_GPDMA_Rx_Event)
    USART1_GPDMA_Tx_Event                    0x00003ca9   Thumb Code    14  uart_lpc17xx.o(i.USART1_GPDMA_Tx_Event)
    USART_SetBaudrate                        0x00004eed   Thumb Code   302  uart_lpc17xx.o(i.USART_SetBaudrate)
    _init_box                                0x00005281   Thumb Code    70  rt_membox.o(i._init_box)
    _mutex_acquire                           0x000052c9   Thumb Code    22  rtx_conf_cm.o(i._mutex_acquire)
    _mutex_release                           0x000052e9   Thumb Code    18  rtx_conf_cm.o(i._mutex_release)
    dbg_init                                 0x00005305   Thumb Code    34  hal_cm.o(i.dbg_init)
    dbg_task_notify                          0x00005335   Thumb Code    32  hal_cm.o(i.dbg_task_notify)
    dbg_task_switch                          0x00005355   Thumb Code    16  hal_cm.o(i.dbg_task_switch)
    isrMessageGet                            0x00005391   Thumb Code    42  rt_cmsis.o(i.isrMessageGet)
    isrMessagePut                            0x000053bb   Thumb Code    44  rt_cmsis.o(i.isrMessagePut)
    isr_mbx_receive                          0x000053e9   Thumb Code    86  rt_mailbox.o(i.isr_mbx_receive)
    isr_mbx_send                             0x0000543f   Thumb Code    14  rt_mailbox.o(i.isr_mbx_send)
    main                                     0x0000544d   Thumb Code   286  programme.o(i.main)
    osKernelInitialize                       0x000055cd   Thumb Code    30  rt_cmsis.o(i.osKernelInitialize)
    osKernelStart                            0x000055f1   Thumb Code    98  rt_cmsis.o(i.osKernelStart)
    osMessageGet                             0x0000565d   Thumb Code    18  rt_cmsis.o(i.osMessageGet)
    osThreadCreate                           0x00005675   Thumb Code    36  rt_cmsis.o(i.osThreadCreate)
    osThreadExit                             0x000056a1   Thumb Code    14  rt_cmsis.o(i.osThreadExit)
    osTimerCall                              0x000056b9   Thumb Code     8  rt_cmsis.o(i.osTimerCall)
    osTimerThread                            0x000056c5   Thumb Code    38  rt_cmsis.o(i.osTimerThread)
    os_error                                 0x000056f1   Thumb Code    34  rtx_conf_cm.o(i.os_error)
    os_idle_demon                            0x00005713   Thumb Code     4  rtx_conf_cm.o(i.os_idle_demon)
    os_tick_init                             0x00005719   Thumb Code    32  rt_system.o(i.os_tick_init)
    os_tick_irqack                           0x00005741   Thumb Code     2  rt_system.o(i.os_tick_irqack)
    reverse                                  0x00005861   Thumb Code    30  programme.o(i.reverse)
    rt_alloc_box                             0x0000587f   Thumb Code    26  rt_membox.o(i.rt_alloc_box)
    rt_alloc_mem                             0x00005899   Thumb Code    62  rt_memory.o(i.rt_alloc_mem)
    rt_block                                 0x000058d9   Thumb Code    48  rt_task.o(i.rt_block)
    rt_chk_robin                             0x00005911   Thumb Code    60  rt_robin.o(i.rt_chk_robin)
    rt_dec_dly                               0x00005959   Thumb Code   102  rt_list.o(i.rt_dec_dly)
    rt_dispatch                              0x000059c9   Thumb Code    60  rt_task.o(i.rt_dispatch)
    rt_evt_psh                               0x00005a0d   Thumb Code    76  rt_event.o(i.rt_evt_psh)
    rt_free_box                              0x00005a5d   Thumb Code    44  rt_membox.o(i.rt_free_box)
    rt_free_mem                              0x00005a89   Thumb Code    40  rt_memory.o(i.rt_free_mem)
    rt_get_first                             0x00005ab1   Thumb Code    40  rt_list.o(i.rt_get_first)
    rt_init_mem                              0x00005b29   Thumb Code    26  rt_memory.o(i.rt_init_mem)
    rt_init_robin                            0x00005b45   Thumb Code    14  rt_robin.o(i.rt_init_robin)
    rt_init_stack                            0x00005b5d   Thumb Code   118  hal_cm.o(i.rt_init_stack)
    rt_mbx_check                             0x00005bdd   Thumb Code     8  rt_mailbox.o(i.rt_mbx_check)
    rt_mbx_init                              0x00005be5   Thumb Code    26  rt_mailbox.o(i.rt_mbx_init)
    rt_mbx_psh                               0x00005c01   Thumb Code   236  rt_mailbox.o(i.rt_mbx_psh)
    rt_mbx_wait                              0x00005cf1   Thumb Code   174  rt_mailbox.o(i.rt_mbx_wait)
    rt_mut_release                           0x00005de9   Thumb Code   208  rt_mutex.o(i.rt_mut_release)
    rt_mut_wait                              0x00005ec1   Thumb Code   114  rt_mutex.o(i.rt_mut_wait)
    rt_pop_req                               0x00005f39   Thumb Code   112  rt_system.o(i.rt_pop_req)
    rt_psh_req                               0x00005fb5   Thumb Code    22  rt_system.o(i.rt_psh_req)
    rt_psq_enq                               0x00005fd5   Thumb Code    88  rt_list.o(i.rt_psq_enq)
    rt_put_dly                               0x00006031   Thumb Code    68  rt_list.o(i.rt_put_dly)
    rt_put_prio                              0x00006079   Thumb Code    54  rt_list.o(i.rt_put_prio)
    rt_put_rdy_first                         0x000060b1   Thumb Code    14  rt_list.o(i.rt_put_rdy_first)
    rt_resort_prio                           0x000060c5   Thumb Code    46  rt_list.o(i.rt_resort_prio)
    rt_ret_val                               0x000060f9   Thumb Code     6  hal_cm.o(i.rt_ret_val)
    rt_ret_val2                              0x000060ff   Thumb Code     8  hal_cm.o(i.rt_ret_val2)
    rt_rmv_dly                               0x00006107   Thumb Code    40  rt_list.o(i.rt_rmv_dly)
    rt_rmv_list                              0x00006131   Thumb Code    44  rt_list.o(i.rt_rmv_list)
    rt_sem_psh                               0x00006161   Thumb Code    48  rt_semaphore.o(i.rt_sem_psh)
    rt_stk_check                             0x00006195   Thumb Code    28  rt_system.o(i.rt_stk_check)
    rt_switch_req                            0x000061b9   Thumb Code    30  rt_task.o(i.rt_switch_req)
    rt_sys_init                              0x000061e1   Thumb Code   138  rt_task.o(i.rt_sys_init)
    rt_sys_start                             0x000062ad   Thumb Code   110  rt_task.o(i.rt_sys_start)
    rt_systick                               0x00006325   Thumb Code    50  rt_system.o(i.rt_systick)
    rt_tsk_create                            0x000063ad   Thumb Code   118  rt_task.o(i.rt_tsk_create)
    rt_tsk_delete                            0x00006435   Thumb Code   352  rt_task.o(i.rt_tsk_delete)
    rt_tsk_prio                              0x000065b1   Thumb Code   108  rt_task.o(i.rt_tsk_prio)
    rt_tsk_self                              0x0000662d   Thumb Code    12  rt_task.o(i.rt_tsk_self)
    svcKernelInitialize                      0x000066f1   Thumb Code    80  rt_cmsis.o(i.svcKernelInitialize)
    svcKernelStart                           0x00006761   Thumb Code    62  rt_cmsis.o(i.svcKernelStart)
    svcMessageCreate                         0x000067a9   Thumb Code    36  rt_cmsis.o(i.svcMessageCreate)
    svcMessageGet                            0x000067cd   Thumb Code    58  rt_cmsis.o(i.svcMessageGet)
    svcThreadCreate                          0x00006809   Thumb Code    96  rt_cmsis.o(i.svcThreadCreate)
    svcThreadGetId                           0x00006875   Thumb Code    22  rt_cmsis.o(i.svcThreadGetId)
    svcThreadTerminate                       0x00006891   Thumb Code    50  rt_cmsis.o(i.svcThreadTerminate)
    svcTimerCall                             0x000068c9   Thumb Code    24  rt_cmsis.o(i.svcTimerCall)
    sysTimerTick                             0x000068e1   Thumb Code    84  rt_cmsis.o(i.sysTimerTick)
    GLCD_Font_6x8                            0x000082f8   Data          16  glcd_fonts.o(.constdata)
    GLCD_Font_16x24                          0x00008308   Data          16  glcd_fonts.o(.constdata)
    os_maxtaskrun                            0x00008318   Data           2  rtx_conf_cm.o(.constdata)
    os_stackinfo                             0x0000831c   Data           4  rtx_conf_cm.o(.constdata)
    os_rrobin                                0x00008320   Data           4  rtx_conf_cm.o(.constdata)
    os_tickfreq                              0x00008324   Data           4  rtx_conf_cm.o(.constdata)
    os_tickus_i                              0x00008328   Data           2  rtx_conf_cm.o(.constdata)
    os_tickus_f                              0x0000832a   Data           2  rtx_conf_cm.o(.constdata)
    os_trv                                   0x0000832c   Data           4  rtx_conf_cm.o(.constdata)
    os_flags                                 0x00008330   Data           1  rtx_conf_cm.o(.constdata)
    CMSIS_RTOS_API_Version                   0x00008334   Data           4  rtx_conf_cm.o(.constdata)
    CMSIS_RTOS_RTX_Version                   0x00008338   Data           4  rtx_conf_cm.o(.constdata)
    os_clockrate                             0x0000833c   Data           4  rtx_conf_cm.o(.constdata)
    os_timernum                              0x00008340   Data           4  rtx_conf_cm.o(.constdata)
    mp_tcb_size                              0x00008344   Data           2  rtx_conf_cm.o(.constdata)
    mp_stk_size                              0x00008348   Data           4  rtx_conf_cm.o(.constdata)
    os_stack_sz                              0x0000834c   Data           4  rtx_conf_cm.o(.constdata)
    os_fifo_size                             0x00008350   Data           1  rtx_conf_cm.o(.constdata)
    os_thread_def_osTimerThread              0x00008354   Data          16  rtx_conf_cm.o(.constdata)
    os_messageQ_def_osTimerMessageQ          0x00008364   Data           8  rtx_conf_cm.o(.constdata)
    mp_tmr_size                              0x0000836c   Data           2  rtx_conf_cm.o(.constdata)
    os_thread_def_main                       0x00008370   Data          16  rtx_conf_cm.o(.constdata)
    Driver_CAN1                              0x00008398   Data          60  can_lpc17xx.o(.constdata)
    Driver_SPI1                              0x00008424   Data          44  ssp_lpc17xx.o(.constdata)
    Driver_USART1                            0x000085e8   Data          56  uart_lpc17xx.o(.constdata)
    Region$$Table$$Base                      0x0000865c   Number         0  anon$$obj.o(Region$$Table)
    Region$$Table$$Limit                     0x0000867c   Number         0  anon$$obj.o(Region$$Table)
    tab                                      0x10000000   Data           2  programme.o(.data)
    osThreadId_osTimerThread                 0x10000018   Data           4  rtx_conf_cm.o(.data)
    osMessageQId_osTimerMessageQ             0x1000001c   Data           4  rtx_conf_cm.o(.data)
    os_tmr                                   0x10000020   Data           4  rtx_conf_cm.o(.data)
    m_tmr                                    0x10000024   Data           4  rtx_conf_cm.o(.data)
    SystemCoreClock                          0x1000005c   Data           4  system_lpc17xx.o(.data)
    os_initialized                           0x10000060   Data           1  rt_cmsis.o(.data)
    os_running                               0x10000061   Data           1  rt_cmsis.o(.data)
    os_timer_head                            0x10000064   Data           4  rt_cmsis.o(.data)
    os_tsk                                   0x10000068   Data           8  rt_task.o(.data)
    os_tick_irqn                             0x10000074   Data           4  rt_system.o(.data)
    os_time                                  0x10000078   Data           4  rt_time.o(.data)
    os_robin                                 0x1000007c   Data           8  rt_robin.o(.data)
    dbg_msg                                  0x10000084   Data           1  hal_cm.o(.data)
    mp_tcb                                   0x10000088   Data         376  rtx_conf_cm.o(.bss)
    mp_stk                                   0x10000200   Data        1216  rtx_conf_cm.o(.bss)
    os_stack_mem                             0x100006c0   Data         432  rtx_conf_cm.o(.bss)
    os_fifo                                  0x10000870   Data         132  rtx_conf_cm.o(.bss)
    os_active_TCB                            0x100008f4   Data          28  rtx_conf_cm.o(.bss)
    os_messageQ_q_osTimerMessageQ            0x10000910   Data          32  rtx_conf_cm.o(.bss)
    os_idle_TCB                              0x10000d4c   Data          52  rt_task.o(.bss)
    os_rdy                                   0x10000d80   Data          24  rt_list.o(.bss)
    os_dly                                   0x10000d98   Data          24  rt_list.o(.bss)
    __libspace_start                         0x10000db0   Data          96  libspace.o(.bss)
    __temporary_stack_top$libspace           0x10000e10   Data           0  libspace.o(.bss)



==============================================================================

Memory Map of the image

  Image Entry point : 0x000000cd

  Load Region LR_IROM1 (Base: 0x00000000, Size: 0x00008704, Max: 0x00080000, ABSOLUTE)

    Execution Region ER_IROM1 (Base: 0x00000000, Size: 0x0000867c, Max: 0x00080000, ABSOLUTE)

    Base Addr    Size         Type   Attr      Idx    E Section Name        Object

    0x00000000   0x000000cc   Data   RO         1157    RESET               startup_lpc17xx.o
    0x000000cc   0x00000008   Code   RO         2479  * !!!main             c_w.l(__main.o)
    0x000000d4   0x00000034   Code   RO         2651    !!!scatter          c_w.l(__scatter.o)
    0x00000108   0x0000001a   Code   RO         2653    !!handler_copy      c_w.l(__scatter_copy.o)
    0x00000122   0x00000002   PAD
    0x00000124   0x0000001c   Code   RO         2655    !!handler_zi        c_w.l(__scatter_zi.o)
    0x00000140   0x00000000   Code   RO         2470    .ARM.Collect$$_printf_percent$$00000000  c_w.l(_printf_percent.o)
    0x00000140   0x00000006   Code   RO         2469    .ARM.Collect$$_printf_percent$$00000009  c_w.l(_printf_d.o)
    0x00000146   0x00000006   Code   RO         2468    .ARM.Collect$$_printf_percent$$0000000C  c_w.l(_printf_x.o)
    0x0000014c   0x00000004   Code   RO         2494    .ARM.Collect$$_printf_percent$$00000017  c_w.l(_printf_percent_end.o)
    0x00000150   0x00000002   Code   RO         2537    .ARM.Collect$$libinit$$00000000  c_w.l(libinit.o)
    0x00000152   0x00000000   Code   RO         2549    .ARM.Collect$$libinit$$00000002  c_w.l(libinit2.o)
    0x00000152   0x00000000   Code   RO         2551    .ARM.Collect$$libinit$$00000004  c_w.l(libinit2.o)
    0x00000152   0x00000000   Code   RO         2554    .ARM.Collect$$libinit$$0000000A  c_w.l(libinit2.o)
    0x00000152   0x00000000   Code   RO         2556    .ARM.Collect$$libinit$$0000000C  c_w.l(libinit2.o)
    0x00000152   0x00000000   Code   RO         2558    .ARM.Collect$$libinit$$0000000E  c_w.l(libinit2.o)
    0x00000152   0x00000000   Code   RO         2561    .ARM.Collect$$libinit$$00000011  c_w.l(libinit2.o)
    0x00000152   0x00000000   Code   RO         2563    .ARM.Collect$$libinit$$00000013  c_w.l(libinit2.o)
    0x00000152   0x00000000   Code   RO         2565    .ARM.Collect$$libinit$$00000015  c_w.l(libinit2.o)
    0x00000152   0x00000000   Code   RO         2567    .ARM.Collect$$libinit$$00000017  c_w.l(libinit2.o)
    0x00000152   0x00000000   Code   RO         2569    .ARM.Collect$$libinit$$00000019  c_w.l(libinit2.o)
    0x00000152   0x00000000   Code   RO         2571    .ARM.Collect$$libinit$$0000001B  c_w.l(libinit2.o)
    0x00000152   0x00000000   Code   RO         2573    .ARM.Collect$$libinit$$0000001D  c_w.l(libinit2.o)
    0x00000152   0x00000000   Code   RO         2575    .ARM.Collect$$libinit$$0000001F  c_w.l(libinit2.o)
    0x00000152   0x00000000   Code   RO         2577    .ARM.Collect$$libinit$$00000021  c_w.l(libinit2.o)
    0x00000152   0x00000000   Code   RO         2579    .ARM.Collect$$libinit$$00000023  c_w.l(libinit2.o)
    0x00000152   0x00000000   Code   RO         2581    .ARM.Collect$$libinit$$00000025  c_w.l(libinit2.o)
    0x00000152   0x00000000   Code   RO         2585    .ARM.Collect$$libinit$$0000002C  c_w.l(libinit2.o)
    0x00000152   0x00000000   Code   RO         2587    .ARM.Collect$$libinit$$0000002E  c_w.l(libinit2.o)
    0x00000152   0x00000000   Code   RO         2589    .ARM.Collect$$libinit$$00000030  c_w.l(libinit2.o)
    0x00000152   0x00000000   Code   RO         2591    .ARM.Collect$$libinit$$00000032  c_w.l(libinit2.o)
    0x00000152   0x00000002   Code   RO         2592    .ARM.Collect$$libinit$$00000033  c_w.l(libinit2.o)
    0x00000154   0x00000002   Code   RO         2538    .ARM.Collect$$libshutdown$$00000000  c_w.l(libshutdown.o)
    0x00000156   0x00000000   Code   RO         2594    .ARM.Collect$$libshutdown$$00000002  c_w.l(libshutdown2.o)
    0x00000156   0x00000000   Code   RO         2596    .ARM.Collect$$libshutdown$$00000004  c_w.l(libshutdown2.o)
    0x00000156   0x00000000   Code   RO         2599    .ARM.Collect$$libshutdown$$00000007  c_w.l(libshutdown2.o)
    0x00000156   0x00000000   Code   RO         2602    .ARM.Collect$$libshutdown$$0000000A  c_w.l(libshutdown2.o)
    0x00000156   0x00000000   Code   RO         2604    .ARM.Collect$$libshutdown$$0000000C  c_w.l(libshutdown2.o)
    0x00000156   0x00000000   Code   RO         2607    .ARM.Collect$$libshutdown$$0000000F  c_w.l(libshutdown2.o)
    0x00000156   0x00000002   Code   RO         2608    .ARM.Collect$$libshutdown$$00000010  c_w.l(libshutdown2.o)
    0x00000158   0x00000000   Code   RO         2481    .ARM.Collect$$rtentry$$00000000  c_w.l(__rtentry.o)
    0x00000158   0x00000000   Code   RO         2498    .ARM.Collect$$rtentry$$00000002  c_w.l(__rtentry2.o)
    0x00000158   0x00000006   Code   RO         2510    .ARM.Collect$$rtentry$$00000004  c_w.l(__rtentry4.o)
    0x0000015e   0x00000000   Code   RO         2500    .ARM.Collect$$rtentry$$00000009  c_w.l(__rtentry2.o)
    0x0000015e   0x00000004   Code   RO         2501    .ARM.Collect$$rtentry$$0000000A  c_w.l(__rtentry2.o)
    0x00000162   0x00000008   Code   RO         2502    .ARM.Collect$$rtentry$$0000000B  c_w.l(__rtentry2.o)
    0x0000016a   0x00000008   Code   RO         2504    .ARM.Collect$$rtentry$$0000000D  c_w.l(__rtentry2.o)
    0x00000172   0x00000002   Code   RO         2482    .ARM.Collect$$rtexit$$00000000  c_w.l(rtexit.o)
    0x00000174   0x00000000   Code   RO         2513    .ARM.Collect$$rtexit$$00000002  c_w.l(rtexit2.o)
    0x00000174   0x00000004   Code   RO         2514    .ARM.Collect$$rtexit$$00000003  c_w.l(rtexit2.o)
    0x00000178   0x00000006   Code   RO         2515    .ARM.Collect$$rtexit$$00000004  c_w.l(rtexit2.o)
    0x0000017e   0x00000002   PAD
    0x00000180   0x0000001c   Code   RO          320    .emb_text           rtx_conf_cm.o
    0x0000019c   0x00000130   Code   RO         2399    .emb_text           RTX_CM3.lib(hal_cm3.o)
    0x000002cc   0x00000008   Code   RO         2414    .text               c_w.l(libspace.o)
    0x000002d4   0x00000028   Code   RO         2421    .text               c_w.l(noretval__2sprintf.o)
    0x000002fc   0x00000004   Code   RO         1158    .ARM.__at_0x02FC    startup_lpc17xx.o
    0x00000300   0x0000003c   Code   RO         1159    .text               startup_lpc17xx.o
    0x0000033c   0x000000ee   Code   RO         2417    .text               c_w.l(lludivv7m.o)
    0x0000042a   0x00000002   PAD
    0x0000042c   0x00000078   Code   RO         2425    .text               c_w.l(_printf_dec.o)
    0x000004a4   0x00000058   Code   RO         2430    .text               c_w.l(_printf_hex_int.o)
    0x000004fc   0x00000094   Code   RO         2448    .text               c_w.l(__printf_flags.o)
    0x00000590   0x00000012   Code   RO         2471    .text               c_w.l(exit.o)
    0x000005a2   0x0000008a   Code   RO         2473    .text               c_w.l(rt_memcpy_v6.o)
    0x0000062c   0x0000004e   Code   RO         2475    .text               c_w.l(rt_memclr_w.o)
    0x0000067a   0x00000006   Code   RO         2477    .text               c_w.l(heapauxi.o)
    0x00000680   0x000000b2   Code   RO         2488    .text               c_w.l(_printf_intcommon.o)
    0x00000732   0x00000002   PAD
    0x00000734   0x00000030   Code   RO         2490    .text               c_w.l(_printf_char_common.o)
    0x00000764   0x0000000a   Code   RO         2492    .text               c_w.l(_sputc.o)
    0x0000076e   0x00000064   Code   RO         2495    .text               c_w.l(rt_memcpy_w.o)
    0x000007d2   0x00000002   PAD
    0x000007d4   0x0000000c   Code   RO         2523    .text               c_w.l(sys_exit.o)
    0x000007e0   0x0000004a   Code   RO         2525    .text               c_w.l(sys_stackheap_outer.o)
    0x0000082a   0x00000002   Code   RO         2539    .text               c_w.l(use_no_semi.o)
    0x0000082c   0x00000000   Code   RO         2541    .text               c_w.l(indicate_semi.o)
    0x0000082c   0x00000004   Code   RO         2409    SVC_TABLE           RTX_CM3.lib(svc_table.o)
    0x00000830   0x00000012   Code   RO          381    i.CAN1_Control      can_lpc17xx.o
    0x00000842   0x0000000a   Code   RO          382    i.CAN1_GetClock     can_lpc17xx.o
    0x0000084c   0x0000000c   Code   RO          383    i.CAN1_GetStatus    can_lpc17xx.o
    0x00000858   0x00000012   Code   RO          384    i.CAN1_Initialize   can_lpc17xx.o
    0x0000086a   0x0000001c   Code   RO          385    i.CAN1_MessageRead  can_lpc17xx.o
    0x00000886   0x0000001c   Code   RO          386    i.CAN1_MessageSend  can_lpc17xx.o
    0x000008a2   0x00000012   Code   RO          387    i.CAN1_ObjectConfigure  can_lpc17xx.o
    0x000008b4   0x00000010   Code   RO          388    i.CAN1_ObjectGetCapabilities  can_lpc17xx.o
    0x000008c4   0x0000001c   Code   RO          389    i.CAN1_ObjectSetFilter  can_lpc17xx.o
    0x000008e0   0x0000000e   Code   RO          390    i.CAN1_PowerControl  can_lpc17xx.o
    0x000008ee   0x00000016   Code   RO          391    i.CAN1_SetBitrate   can_lpc17xx.o
    0x00000904   0x0000000e   Code   RO          392    i.CAN1_SetMode      can_lpc17xx.o
    0x00000912   0x0000000a   Code   RO          393    i.CAN1_Uninitialize  can_lpc17xx.o
    0x0000091c   0x0000000c   Code   RO          394    i.CAN_GetCapabilities  can_lpc17xx.o
    0x00000928   0x00000010   Code   RO          395    i.CAN_GetVersion    can_lpc17xx.o
    0x00000938   0x000001d8   Code   RO          396    i.CAN_IRQHandler    can_lpc17xx.o
    0x00000b10   0x00000434   Code   RO          397    i.CANx_AddFilter    can_lpc17xx.o
    0x00000f44   0x00000080   Code   RO          398    i.CANx_Control      can_lpc17xx.o
    0x00000fc4   0x000000a4   Code   RO          399    i.CANx_GetClock     can_lpc17xx.o
    0x00001068   0x00000060   Code   RO          400    i.CANx_GetStatus    can_lpc17xx.o
    0x000010c8   0x0000005c   Code   RO          401    i.CANx_Initialize   can_lpc17xx.o
    0x00001124   0x000000b4   Code   RO          402    i.CANx_MessageRead  can_lpc17xx.o
    0x000011d8   0x00000240   Code   RO          403    i.CANx_MessageSend  can_lpc17xx.o
    0x00001418   0x0000008c   Code   RO          404    i.CANx_ObjectConfigure  can_lpc17xx.o
    0x000014a4   0x00000028   Code   RO          405    i.CANx_ObjectGetCapabilities  can_lpc17xx.o
    0x000014cc   0x000000a4   Code   RO          406    i.CANx_ObjectSetFilter  can_lpc17xx.o
    0x00001570   0x0000012c   Code   RO          407    i.CANx_PowerControl  can_lpc17xx.o
    0x0000169c   0x000003f4   Code   RO          408    i.CANx_RemoveFilter  can_lpc17xx.o
    0x00001a90   0x0000005c   Code   RO          409    i.CANx_ResetRuntimeInfo  can_lpc17xx.o
    0x00001aec   0x00000134   Code   RO          410    i.CANx_SetBitrate   can_lpc17xx.o
    0x00001c20   0x0000013c   Code   RO          411    i.CANx_SetMode      can_lpc17xx.o
    0x00001d5c   0x00000038   Code   RO          412    i.CANx_Uninitialize  can_lpc17xx.o
    0x00001d94   0x00000020   Code   RO          978    i.Clear_Channel_active_flag  gpdma_lpc17xx.o
    0x00001db4   0x00000180   Code   RO          979    i.DMA_IRQHandler    gpdma_lpc17xx.o
    0x00001f34   0x00000030   Code   RO          122    i.GLCD_ClearScreen  glcd_mcb1700.o
    0x00001f64   0x000000d0   Code   RO          125    i.GLCD_DrawChar     glcd_mcb1700.o
    0x00002034   0x0000002c   Code   RO          129    i.GLCD_DrawString   glcd_mcb1700.o
    0x00002060   0x000005b6   Code   RO          133    i.GLCD_Initialize   glcd_mcb1700.o
    0x00002616   0x00000002   PAD
    0x00002618   0x00000010   Code   RO          135    i.GLCD_SetFont      glcd_mcb1700.o
    0x00002628   0x000000ac   Code   RO          137    i.GLCD_SetWindow    glcd_mcb1700.o
    0x000026d4   0x00000012   Code   RO          140    i.GLCD_WindowMax    glcd_mcb1700.o
    0x000026e6   0x00000002   PAD
    0x000026e8   0x000000f4   Code   RO          980    i.GPDMA_ChannelConfigure  gpdma_lpc17xx.o
    0x000027dc   0x00000030   Code   RO          981    i.GPDMA_ChannelDisable  gpdma_lpc17xx.o
    0x0000280c   0x00000030   Code   RO          983    i.GPDMA_ChannelGetCount  gpdma_lpc17xx.o
    0x0000283c   0x000000b0   Code   RO          985    i.GPDMA_Initialize  gpdma_lpc17xx.o
    0x000028ec   0x00000044   Code   RO          986    i.GPDMA_PeripheralSelect  gpdma_lpc17xx.o
    0x00002930   0x00000068   Code   RO          987    i.GPDMA_Uninitialize  gpdma_lpc17xx.o
    0x00002998   0x00000020   Code   RO         1068    i.GPIO_PinRead      gpio_lpc17xx.o
    0x000029b8   0x00000028   Code   RO         1069    i.GPIO_PinWrite     gpio_lpc17xx.o
    0x000029e0   0x0000002c   Code   RO         1070    i.GPIO_PortClock    gpio_lpc17xx.o
    0x00002a0c   0x00000038   Code   RO         1073    i.GPIO_SetDir       gpio_lpc17xx.o
    0x00002a44   0x00000044   Code   RO          589    i.GetSSPClockFreq   ssp_lpc17xx.o
    0x00002a88   0x00000044   Code   RO          763    i.GetUsartClockFreq  uart_lpc17xx.o
    0x00002acc   0x00000038   Code   RO            4    i.Init_UART         programme.o
    0x00002b04   0x00000058   Code   RO            5    i.Lidar_PWM         programme.o
    0x00002b5c   0x000000fc   Code   RO         1122    i.PIN_Configure     pin_lpc17xx.o
    0x00002c58   0x00000018   Code   RO          590    i.SSP1_Control      ssp_lpc17xx.o
    0x00002c70   0x00000014   Code   RO          591    i.SSP1_GPDMA_Rx_SignalEvent  ssp_lpc17xx.o
    0x00002c84   0x00000014   Code   RO          592    i.SSP1_GPDMA_Tx_SignalEvent  ssp_lpc17xx.o
    0x00002c98   0x00000010   Code   RO          593    i.SSP1_GetDataCount  ssp_lpc17xx.o
    0x00002ca8   0x00000010   Code   RO          594    i.SSP1_GetStatus    ssp_lpc17xx.o
    0x00002cb8   0x00000010   Code   RO          595    i.SSP1_IRQHandler   ssp_lpc17xx.o
    0x00002cc8   0x00000014   Code   RO          596    i.SSP1_Initialize   ssp_lpc17xx.o
    0x00002cdc   0x00000014   Code   RO          597    i.SSP1_PowerControl  ssp_lpc17xx.o
    0x00002cf0   0x00000018   Code   RO          598    i.SSP1_Receive      ssp_lpc17xx.o
    0x00002d08   0x00000018   Code   RO          599    i.SSP1_Send         ssp_lpc17xx.o
    0x00002d20   0x0000001c   Code   RO          600    i.SSP1_Transfer     ssp_lpc17xx.o
    0x00002d3c   0x00000010   Code   RO          601    i.SSP1_Uninitialize  ssp_lpc17xx.o
    0x00002d4c   0x0000000c   Code   RO          602    i.SSP_GetCapabilities  ssp_lpc17xx.o
    0x00002d58   0x00000010   Code   RO          603    i.SSP_GetVersion    ssp_lpc17xx.o
    0x00002d68   0x0000051e   Code   RO          604    i.SSPx_Control      ssp_lpc17xx.o
    0x00003286   0x00000036   Code   RO          605    i.SSPx_GPDMA_Rx_SignalEvent  ssp_lpc17xx.o
    0x000032bc   0x0000001c   Code   RO          606    i.SSPx_GPDMA_Tx_SignalEvent  ssp_lpc17xx.o
    0x000032d8   0x0000002c   Code   RO          607    i.SSPx_GetDataCount  ssp_lpc17xx.o
    0x00003304   0x0000002c   Code   RO          608    i.SSPx_GetStatus    ssp_lpc17xx.o
    0x00003330   0x00000104   Code   RO          609    i.SSPx_IRQHandler   ssp_lpc17xx.o
    0x00003434   0x000000a8   Code   RO          610    i.SSPx_Initialize   ssp_lpc17xx.o
    0x000034dc   0x000001a4   Code   RO          611    i.SSPx_PowerControl  ssp_lpc17xx.o
    0x00003680   0x0000015c   Code   RO          612    i.SSPx_Receive      ssp_lpc17xx.o
    0x000037dc   0x00000154   Code   RO          613    i.SSPx_Send         ssp_lpc17xx.o
    0x00003930   0x00000152   Code   RO          614    i.SSPx_Transfer     ssp_lpc17xx.o
    0x00003a82   0x00000070   Code   RO          615    i.SSPx_Uninitialize  ssp_lpc17xx.o
    0x00003af2   0x00000002   PAD
    0x00003af4   0x00000038   Code   RO          988    i.Set_Channel_active_flag  gpdma_lpc17xx.o
    0x00003b2c   0x00000140   Code   RO         1169    i.SystemInit        system_lpc17xx.o
    0x00003c6c   0x00000010   Code   RO          764    i.UART1_IRQHandler  uart_lpc17xx.o
    0x00003c7c   0x00000018   Code   RO          765    i.USART1_Control    uart_lpc17xx.o
    0x00003c94   0x00000014   Code   RO          766    i.USART1_GPDMA_Rx_Event  uart_lpc17xx.o
    0x00003ca8   0x00000014   Code   RO          767    i.USART1_GPDMA_Tx_Event  uart_lpc17xx.o
    0x00003cbc   0x00000010   Code   RO          768    i.USART1_GetCapabilities  uart_lpc17xx.o
    0x00003ccc   0x00000010   Code   RO          769    i.USART1_GetModemStatus  uart_lpc17xx.o
    0x00003cdc   0x00000010   Code   RO          770    i.USART1_GetRxCount  uart_lpc17xx.o
    0x00003cec   0x00000010   Code   RO          771    i.USART1_GetStatus  uart_lpc17xx.o
    0x00003cfc   0x00000010   Code   RO          772    i.USART1_GetTxCount  uart_lpc17xx.o
    0x00003d0c   0x00000014   Code   RO          773    i.USART1_Initialize  uart_lpc17xx.o
    0x00003d20   0x00000014   Code   RO          774    i.USART1_PowerControl  uart_lpc17xx.o
    0x00003d34   0x00000018   Code   RO          775    i.USART1_Receive    uart_lpc17xx.o
    0x00003d4c   0x00000018   Code   RO          776    i.USART1_Send       uart_lpc17xx.o
    0x00003d64   0x00000014   Code   RO          777    i.USART1_SetModemControl  uart_lpc17xx.o
    0x00003d78   0x0000001c   Code   RO          778    i.USART1_Transfer   uart_lpc17xx.o
    0x00003d94   0x00000010   Code   RO          779    i.USART1_Uninitialize  uart_lpc17xx.o
    0x00003da4   0x00000670   Code   RO          780    i.USART_Control     uart_lpc17xx.o
    0x00004414   0x00000086   Code   RO          781    i.USART_GPDMA_Rx_Event  uart_lpc17xx.o
    0x0000449a   0x0000004a   Code   RO          782    i.USART_GPDMA_Tx_Event  uart_lpc17xx.o
    0x000044e4   0x00000006   Code   RO          783    i.USART_GetCapabilities  uart_lpc17xx.o
    0x000044ea   0x000000b2   Code   RO          784    i.USART_GetModemStatus  uart_lpc17xx.o
    0x0000459c   0x0000001c   Code   RO          785    i.USART_GetRxCount  uart_lpc17xx.o
    0x000045b8   0x0000005e   Code   RO          786    i.USART_GetStatus   uart_lpc17xx.o
    0x00004616   0x0000001c   Code   RO          787    i.USART_GetTxCount  uart_lpc17xx.o
    0x00004632   0x0000026c   Code   RO          788    i.USART_IRQHandler  uart_lpc17xx.o
    0x0000489e   0x000000fe   Code   RO          789    i.USART_Initialize  uart_lpc17xx.o
    0x0000499c   0x0000023c   Code   RO          790    i.USART_PowerControl  uart_lpc17xx.o
    0x00004bd8   0x00000110   Code   RO          791    i.USART_Receive     uart_lpc17xx.o
    0x00004ce8   0x00000068   Code   RO          792    i.USART_RxLineIntHandler  uart_lpc17xx.o
    0x00004d50   0x0000019c   Code   RO          793    i.USART_Send        uart_lpc17xx.o
    0x00004eec   0x00000134   Code   RO          794    i.USART_SetBaudrate  uart_lpc17xx.o
    0x00005020   0x000000a0   Code   RO          795    i.USART_SetModemControl  uart_lpc17xx.o
    0x000050c0   0x0000007a   Code   RO          796    i.USART_Transfer    uart_lpc17xx.o
    0x0000513a   0x000000e2   Code   RO          797    i.USART_Uninitialize  uart_lpc17xx.o
    0x0000521c   0x00000010   Code   RO          798    i.USARTx_GetVersion  uart_lpc17xx.o
    0x0000522c   0x0000001c   Code   RO          616    i.__NVIC_ClearPendingIRQ  ssp_lpc17xx.o
    0x00005248   0x0000001c   Code   RO          799    i.__NVIC_ClearPendingIRQ  uart_lpc17xx.o
    0x00005264   0x0000001c   Code   RO          989    i.__NVIC_ClearPendingIRQ  gpdma_lpc17xx.o
    0x00005280   0x00000046   Code   RO         2298    i._init_box         RTX_CM3.lib(rt_membox.o)
    0x000052c6   0x00000002   PAD
    0x000052c8   0x00000020   Code   RO          322    i._mutex_acquire    rtx_conf_cm.o
    0x000052e8   0x0000001c   Code   RO          324    i._mutex_release    rtx_conf_cm.o
    0x00005304   0x00000030   Code   RO         2351    i.dbg_init          RTX_CM3.lib(hal_cm.o)
    0x00005334   0x00000020   Code   RO         2352    i.dbg_task_notify   RTX_CM3.lib(hal_cm.o)
    0x00005354   0x00000010   Code   RO         2353    i.dbg_task_switch   RTX_CM3.lib(hal_cm.o)
    0x00005364   0x0000002c   Code   RO          141    i.delay_ms          glcd_mcb1700.o
    0x00005390   0x0000002a   Code   RO         1204    i.isrMessageGet     RTX_CM3.lib(rt_cmsis.o)
    0x000053ba   0x0000002c   Code   RO         1205    i.isrMessagePut     RTX_CM3.lib(rt_cmsis.o)
    0x000053e6   0x00000002   PAD
    0x000053e8   0x00000056   Code   RO         2153    i.isr_mbx_receive   RTX_CM3.lib(rt_mailbox.o)
    0x0000543e   0x0000000e   Code   RO         2154    i.isr_mbx_send      RTX_CM3.lib(rt_mailbox.o)
    0x0000544c   0x00000180   Code   RO            7    i.main              programme.o
    0x000055cc   0x00000024   Code   RO         1209    i.osKernelInitialize  RTX_CM3.lib(rt_cmsis.o)
    0x000055f0   0x0000006c   Code   RO         1211    i.osKernelStart     RTX_CM3.lib(rt_cmsis.o)
    0x0000565c   0x00000018   Code   RO         1220    i.osMessageGet      RTX_CM3.lib(rt_cmsis.o)
    0x00005674   0x0000002c   Code   RO         1237    i.osThreadCreate    RTX_CM3.lib(rt_cmsis.o)
    0x000056a0   0x00000018   Code   RO         1238    i.osThreadExit      RTX_CM3.lib(rt_cmsis.o)
    0x000056b8   0x0000000c   Code   RO         1244    i.osTimerCall       RTX_CM3.lib(rt_cmsis.o)
    0x000056c4   0x0000002c   Code   RO         1249    i.osTimerThread     RTX_CM3.lib(rt_cmsis.o)
    0x000056f0   0x00000022   Code   RO          325    i.os_error          rtx_conf_cm.o
    0x00005712   0x00000004   Code   RO          326    i.os_idle_demon     rtx_conf_cm.o
    0x00005716   0x00000002   PAD
    0x00005718   0x00000028   Code   RO         1945    i.os_tick_init      RTX_CM3.lib(rt_system.o)
    0x00005740   0x00000002   Code   RO         1946    i.os_tick_irqack    RTX_CM3.lib(rt_system.o)
    0x00005742   0x00000002   PAD
    0x00005744   0x00000044   Code   RO          142    i.rd_dat            glcd_mcb1700.o
    0x00005788   0x000000c8   Code   RO          143    i.rd_id_man         glcd_mcb1700.o
    0x00005850   0x00000010   Code   RO          144    i.rd_reg            glcd_mcb1700.o
    0x00005860   0x0000001e   Code   RO            8    i.reverse           programme.o
    0x0000587e   0x0000001a   Code   RO         2299    i.rt_alloc_box      RTX_CM3.lib(rt_membox.o)
    0x00005898   0x0000003e   Code   RO         2327    i.rt_alloc_mem      RTX_CM3.lib(rt_memory.o)
    0x000058d6   0x00000002   PAD
    0x000058d8   0x00000038   Code   RO         1826    i.rt_block          RTX_CM3.lib(rt_task.o)
    0x00005910   0x00000048   Code   RO         2276    i.rt_chk_robin      RTX_CM3.lib(rt_robin.o)
    0x00005958   0x00000070   Code   RO         2077    i.rt_dec_dly        RTX_CM3.lib(rt_list.o)
    0x000059c8   0x00000044   Code   RO         1827    i.rt_dispatch       RTX_CM3.lib(rt_task.o)
    0x00005a0c   0x00000050   Code   RO         2038    i.rt_evt_psh        RTX_CM3.lib(rt_event.o)
    0x00005a5c   0x0000002c   Code   RO         2300    i.rt_free_box       RTX_CM3.lib(rt_membox.o)
    0x00005a88   0x00000028   Code   RO         2328    i.rt_free_mem       RTX_CM3.lib(rt_memory.o)
    0x00005ab0   0x00000028   Code   RO         2078    i.rt_get_first      RTX_CM3.lib(rt_list.o)
    0x00005ad8   0x00000008   Code   RO         1254    i.rt_id2obj         RTX_CM3.lib(rt_cmsis.o)
    0x00005ae0   0x00000048   Code   RO         1828    i.rt_init_context   RTX_CM3.lib(rt_task.o)
    0x00005b28   0x0000001a   Code   RO         2329    i.rt_init_mem       RTX_CM3.lib(rt_memory.o)
    0x00005b42   0x00000002   PAD
    0x00005b44   0x00000018   Code   RO         2277    i.rt_init_robin     RTX_CM3.lib(rt_robin.o)
    0x00005b5c   0x00000080   Code   RO         2354    i.rt_init_stack     RTX_CM3.lib(hal_cm.o)
    0x00005bdc   0x00000008   Code   RO         2155    i.rt_mbx_check      RTX_CM3.lib(rt_mailbox.o)
    0x00005be4   0x0000001a   Code   RO         2156    i.rt_mbx_init       RTX_CM3.lib(rt_mailbox.o)
    0x00005bfe   0x00000002   PAD
    0x00005c00   0x000000f0   Code   RO         2157    i.rt_mbx_psh        RTX_CM3.lib(rt_mailbox.o)
    0x00005cf0   0x000000b4   Code   RO         2159    i.rt_mbx_wait       RTX_CM3.lib(rt_mailbox.o)
    0x00005da4   0x00000044   Code   RO         1255    i.rt_ms2tick        RTX_CM3.lib(rt_cmsis.o)
    0x00005de8   0x000000d8   Code   RO         1912    i.rt_mut_release    RTX_CM3.lib(rt_mutex.o)
    0x00005ec0   0x00000078   Code   RO         1913    i.rt_mut_wait       RTX_CM3.lib(rt_mutex.o)
    0x00005f38   0x0000007c   Code   RO         1949    i.rt_pop_req        RTX_CM3.lib(rt_system.o)
    0x00005fb4   0x00000020   Code   RO         1950    i.rt_psh_req        RTX_CM3.lib(rt_system.o)
    0x00005fd4   0x0000005c   Code   RO         2080    i.rt_psq_enq        RTX_CM3.lib(rt_list.o)
    0x00006030   0x00000048   Code   RO         2081    i.rt_put_dly        RTX_CM3.lib(rt_list.o)
    0x00006078   0x00000036   Code   RO         2082    i.rt_put_prio       RTX_CM3.lib(rt_list.o)
    0x000060ae   0x00000002   PAD
    0x000060b0   0x00000014   Code   RO         2083    i.rt_put_rdy_first  RTX_CM3.lib(rt_list.o)
    0x000060c4   0x00000034   Code   RO         2084    i.rt_resort_prio    RTX_CM3.lib(rt_list.o)
    0x000060f8   0x00000006   Code   RO         2355    i.rt_ret_val        RTX_CM3.lib(hal_cm.o)
    0x000060fe   0x00000008   Code   RO         2356    i.rt_ret_val2       RTX_CM3.lib(hal_cm.o)
    0x00006106   0x00000028   Code   RO         2085    i.rt_rmv_dly        RTX_CM3.lib(rt_list.o)
    0x0000612e   0x00000002   PAD
    0x00006130   0x00000030   Code   RO         2086    i.rt_rmv_list       RTX_CM3.lib(rt_list.o)
    0x00006160   0x00000034   Code   RO         2204    i.rt_sem_psh        RTX_CM3.lib(rt_semaphore.o)
    0x00006194   0x00000024   Code   RO         1952    i.rt_stk_check      RTX_CM3.lib(rt_system.o)
    0x000061b8   0x00000028   Code   RO         1829    i.rt_switch_req     RTX_CM3.lib(rt_task.o)
    0x000061e0   0x000000cc   Code   RO         1830    i.rt_sys_init       RTX_CM3.lib(rt_task.o)
    0x000062ac   0x00000078   Code   RO         1831    i.rt_sys_start      RTX_CM3.lib(rt_task.o)
    0x00006324   0x00000040   Code   RO         1954    i.rt_systick        RTX_CM3.lib(rt_system.o)
    0x00006364   0x00000012   Code   RO         1256    i.rt_tid2ptcb       RTX_CM3.lib(rt_cmsis.o)
    0x00006376   0x00000002   PAD
    0x00006378   0x00000034   Code   RO         1257    i.rt_timer_insert   RTX_CM3.lib(rt_cmsis.o)
    0x000063ac   0x00000088   Code   RO         1832    i.rt_tsk_create     RTX_CM3.lib(rt_task.o)
    0x00006434   0x0000017c   Code   RO         1833    i.rt_tsk_delete     RTX_CM3.lib(rt_task.o)
    0x000065b0   0x0000007c   Code   RO         1835    i.rt_tsk_prio       RTX_CM3.lib(rt_task.o)
    0x0000662c   0x00000010   Code   RO         1836    i.rt_tsk_self       RTX_CM3.lib(rt_task.o)
    0x0000663c   0x0000002c   Code   RO          145    i.spi_tran          glcd_mcb1700.o
    0x00006668   0x00000088   Code   RO          146    i.spi_tran_man      glcd_mcb1700.o
    0x000066f0   0x00000070   Code   RO         1260    i.svcKernelInitialize  RTX_CM3.lib(rt_cmsis.o)
    0x00006760   0x00000048   Code   RO         1262    i.svcKernelStart    RTX_CM3.lib(rt_cmsis.o)
    0x000067a8   0x00000024   Code   RO         1265    i.svcMessageCreate  RTX_CM3.lib(rt_cmsis.o)
    0x000067cc   0x0000003a   Code   RO         1266    i.svcMessageGet     RTX_CM3.lib(rt_cmsis.o)
    0x00006806   0x00000002   PAD
    0x00006808   0x0000006c   Code   RO         1280    i.svcThreadCreate   RTX_CM3.lib(rt_cmsis.o)
    0x00006874   0x0000001c   Code   RO         1281    i.svcThreadGetId    RTX_CM3.lib(rt_cmsis.o)
    0x00006890   0x00000038   Code   RO         1284    i.svcThreadTerminate  RTX_CM3.lib(rt_cmsis.o)
    0x000068c8   0x00000018   Code   RO         1286    i.svcTimerCall      RTX_CM3.lib(rt_cmsis.o)
    0x000068e0   0x0000005c   Code   RO         1295    i.sysTimerTick      RTX_CM3.lib(rt_cmsis.o)
    0x0000693c   0x0000004c   Code   RO          147    i.wr_cmd            glcd_mcb1700.o
    0x00006988   0x00000034   Code   RO          149    i.wr_dat_only       glcd_mcb1700.o
    0x000069bc   0x00000018   Code   RO          150    i.wr_dat_start      glcd_mcb1700.o
    0x000069d4   0x00000014   Code   RO          151    i.wr_dat_stop       glcd_mcb1700.o
    0x000069e8   0x00000090   Code   RO          152    i.wr_reg            glcd_mcb1700.o
    0x00006a78   0x000018a0   Data   RO          110    .constdata          glcd_fonts.o
    0x00008318   0x00000068   Data   RO          328    .constdata          rtx_conf_cm.o
    0x00008380   0x00000054   Data   RO          413    .constdata          can_lpc17xx.o
    0x000083d4   0x0000007c   Data   RO          618    .constdata          ssp_lpc17xx.o
    0x00008450   0x000001d0   Data   RO          801    .constdata          uart_lpc17xx.o
    0x00008620   0x00000028   Data   RO         2431    .constdata          c_w.l(_printf_hex_int.o)
    0x00008648   0x00000011   Data   RO         2449    .constdata          c_w.l(__printf_flags.o)
    0x00008659   0x00000003   PAD
    0x0000865c   0x00000020   Data   RO         2649    Region$$Table       anon$$obj.o


    Execution Region RW_IRAM1 (Base: 0x10000000, Size: 0x00001010, Max: 0x00008000, ABSOLUTE)

    Base Addr    Size         Type   Attr      Idx    E Section Name        Object

    0x10000000   0x00000002   Data   RW            9    .data               programme.o
    0x10000002   0x00000002   PAD
    0x10000004   0x00000011   Data   RW          153    .data               glcd_mcb1700.o
    0x10000015   0x00000003   PAD
    0x10000018   0x00000014   Data   RW          329    .data               rtx_conf_cm.o
    0x1000002c   0x00000014   Data   RW          414    .data               can_lpc17xx.o
    0x10000040   0x00000010   Data   RW          619    .data               ssp_lpc17xx.o
    0x10000050   0x00000004   Data   RW          802    .data               uart_lpc17xx.o
    0x10000054   0x00000008   Data   RW          991    .data               gpdma_lpc17xx.o
    0x1000005c   0x00000004   Data   RW         1170    .data               system_lpc17xx.o
    0x10000060   0x00000008   Data   RW         1298    .data               RTX_CM3.lib(rt_cmsis.o)
    0x10000068   0x00000008   Data   RW         1838    .data               RTX_CM3.lib(rt_task.o)
    0x10000070   0x00000008   Data   RW         1957    .data               RTX_CM3.lib(rt_system.o)
    0x10000078   0x00000004   Data   RW         2247    .data               RTX_CM3.lib(rt_time.o)
    0x1000007c   0x00000008   Data   RW         2278    .data               RTX_CM3.lib(rt_robin.o)
    0x10000084   0x00000001   Data   RW         2357    .data               RTX_CM3.lib(hal_cm.o)
    0x10000085   0x00000003   PAD
    0x10000088   0x00000bc8   Zero   RW          327    .bss                rtx_conf_cm.o
    0x10000c50   0x00000028   Zero   RW          617    .bss                ssp_lpc17xx.o
    0x10000c78   0x00000034   Zero   RW          800    .bss                uart_lpc17xx.o
    0x10000cac   0x000000a0   Zero   RW          990    .bss                gpdma_lpc17xx.o
    0x10000d4c   0x00000034   Zero   RW         1837    .bss                RTX_CM3.lib(rt_task.o)
    0x10000d80   0x00000030   Zero   RW         2087    .bss                RTX_CM3.lib(rt_list.o)
    0x10000db0   0x00000060   Zero   RW         2415    .bss                c_w.l(libspace.o)
    0x10000e10   0x00000000   Zero   RW         1156    HEAP                startup_lpc17xx.o
    0x10000e10   0x00000200   Zero   RW         1155    STACK               startup_lpc17xx.o


==============================================================================

Image component sizes


      Code (inc. data)   RO Data    RW Data    ZI Data      Debug   Object Name

      5476        276         84         20          0      56716   can_lpc17xx.o
         0          0       6304          0          0        736   glcd_fonts.o
      2792         98          0         17          0      17530   glcd_mcb1700.o
      1188         94          0          8        160       8066   gpdma_lpc17xx.o
       172         18          0          0          0       2294   gpio_lpc17xx.o
       252          6          0          0          0        804   pin_lpc17xx.o
       558        116          0          2          0      31689   programme.o
       126         26        104         20       3016       8879   rtx_conf_cm.o
      3834        104        124         16         40      26548   ssp_lpc17xx.o
        64         26        204          0        512        940   startup_lpc17xx.o
       320         18          0          4          0        747   system_lpc17xx.o
      5664        152        464          4         52      32687   uart_lpc17xx.o

    ----------------------------------------------------------------------
     20454        934       7316         96       3780     187636   Object Totals
         0          0         32          0          0          0   (incl. Generated)
         8          0          0          5          0          0   (incl. Padding)

    ----------------------------------------------------------------------

      Code (inc. data)   RO Data    RW Data    ZI Data      Debug   Library Member Name

       238         24          0          1          0       3244   hal_cm.o
       304         36          0          0          0        756   hal_cm3.o
      1110        138          0          8          0      32233   rt_cmsis.o
        80          4          0          0          0        649   rt_event.o
       530         34          0          0         48       8157   rt_list.o
       554         10          0          0          0       3889   rt_mailbox.o
       140          0          0          0          0       1889   rt_membox.o
       128          0          0          0          0       2267   rt_memory.o
       336         14          0          0          0       1623   rt_mutex.o
        96         22          0          8          0       1134   rt_robin.o
        52          4          0          0          0        565   rt_semaphore.o
       298         52          0          8          0       6139   rt_system.o
      1216        174          0          8         52       9537   rt_task.o
         0          0          0          4          0        206   rt_time.o
         4          4          0          0          0        196   svc_table.o
         8          0          0          0          0         68   __main.o
       148          4         17          0          0         84   __printf_flags.o
         0          0          0          0          0          0   __rtentry.o
        20          0          0          0          0          0   __rtentry2.o
         6          0          0          0          0          0   __rtentry4.o
        52          8          0          0          0          0   __scatter.o
        26          0          0          0          0          0   __scatter_copy.o
        28          0          0          0          0          0   __scatter_zi.o
        48          6          0          0          0         96   _printf_char_common.o
         6          0          0          0          0          0   _printf_d.o
       120         16          0          0          0         92   _printf_dec.o
        88          4         40          0          0         88   _printf_hex_int.o
       178          0          0          0          0         88   _printf_intcommon.o
         0          0          0          0          0          0   _printf_percent.o
         4          0          0          0          0          0   _printf_percent_end.o
         6          0          0          0          0          0   _printf_x.o
        10          0          0          0          0         68   _sputc.o
        18          0          0          0          0         80   exit.o
         6          0          0          0          0        152   heapauxi.o
         0          0          0          0          0          0   indicate_semi.o
         2          0          0          0          0          0   libinit.o
         2          0          0          0          0          0   libinit2.o
         2          0          0          0          0          0   libshutdown.o
         2          0          0          0          0          0   libshutdown2.o
         8          4          0          0         96         68   libspace.o
       238          0          0          0          0        100   lludivv7m.o
        40          6          0          0          0         84   noretval__2sprintf.o
        78          0          0          0          0         80   rt_memclr_w.o
       138          0          0          0          0         68   rt_memcpy_v6.o
       100          0          0          0          0         80   rt_memcpy_w.o
         2          0          0          0          0          0   rtexit.o
        10          0          0          0          0          0   rtexit2.o
        12          4          0          0          0         68   sys_exit.o
        74          0          0          0          0         80   sys_stackheap_outer.o
         2          0          0          0          0         68   use_no_semi.o

    ----------------------------------------------------------------------
      6598        568         60         40        196      73996   Library Totals
        30          0          3          3          0          0   (incl. Padding)

    ----------------------------------------------------------------------

      Code (inc. data)   RO Data    RW Data    ZI Data      Debug   Library Name

      5086        516          0         37        100      72484   RTX_CM3.lib
      1482         52         57          0         96       1512   c_w.l

    ----------------------------------------------------------------------
      6598        568         60         40        196      73996   Library Totals

    ----------------------------------------------------------------------

==============================================================================


      Code (inc. data)   RO Data    RW Data    ZI Data      Debug   

     27052       1502       7376        136       3976     250344   Grand Totals
     27052       1502       7376        136       3976     250344   ELF Image Totals
     27052       1502       7376        136          0          0   ROM Totals

==============================================================================

    Total RO  Size (Code + RO Data)                34428 (  33.62kB)
    Total RW  Size (RW Data + ZI Data)              4112 (   4.02kB)
    Total ROM Size (Code + RO Data + RW Data)      34564 (  33.75kB)

==============================================================================

