Component: ARM Compiler 5.06 update 1 (build 61) Tool: armlink [4d35a8]

==============================================================================

Section Cross References

    gps.o(i.main) refers to _scanf_int.o(.text) for _scanf_int
    gps.o(i.main) refers to _scanf_str.o(.text) for _scanf_string
    gps.o(i.main) refers to _printf_percent.o(.ARM.Collect$$_printf_percent$$00000000) for _printf_percent
    gps.o(i.main) refers to _printf_f.o(.ARM.Collect$$_printf_percent$$00000003) for _printf_f
    gps.o(i.main) refers to printf1.o(x$fpl$printf1) for _printf_fp_dec
    gps.o(i.main) refers to glcd_mcb1700.o(i.GLCD_Initialize) for GLCD_Initialize
    gps.o(i.main) refers to glcd_mcb1700.o(i.GLCD_ClearScreen) for GLCD_ClearScreen
    gps.o(i.main) refers to glcd_mcb1700.o(i.GLCD_SetFont) for GLCD_SetFont
    gps.o(i.main) refers to glcd_mcb1700.o(i.GLCD_DrawRectangle) for GLCD_DrawRectangle
    gps.o(i.main) refers to __0sscanf.o(.text) for __0sscanf
    gps.o(i.main) refers to dflt_clz.o(x$fpl$dflt) for __aeabi_i2d
    gps.o(i.main) refers to dmul.o(x$fpl$dmul) for __aeabi_dmul
    gps.o(i.main) refers to dfix.o(x$fpl$dfix) for __aeabi_d2iz
    gps.o(i.main) refers to atof.o(i.atof) for atof
    gps.o(i.main) refers to d2f.o(x$fpl$d2f) for __aeabi_d2f
    gps.o(i.main) refers to f2d.o(x$fpl$f2d) for __aeabi_f2d
    gps.o(i.main) refers to noretval__2sprintf.o(.text) for __2sprintf
    gps.o(i.main) refers to glcd_fonts.o(.constdata) for GLCD_Font_16x24
    gps.o(i.main) refers to uart_lpc17xx.o(.constdata) for Driver_USART2
    glcd_mcb1700.o(i.GLCD_ClearScreen) refers to glcd_mcb1700.o(i.GLCD_WindowMax) for GLCD_WindowMax
    glcd_mcb1700.o(i.GLCD_ClearScreen) refers to glcd_mcb1700.o(i.wr_cmd) for wr_cmd
    glcd_mcb1700.o(i.GLCD_ClearScreen) refers to glcd_mcb1700.o(i.wr_dat_start) for wr_dat_start
    glcd_mcb1700.o(i.GLCD_ClearScreen) refers to glcd_mcb1700.o(i.wr_dat_only) for wr_dat_only
    glcd_mcb1700.o(i.GLCD_ClearScreen) refers to glcd_mcb1700.o(i.wr_dat_stop) for wr_dat_stop
    glcd_mcb1700.o(i.GLCD_ClearScreen) refers to glcd_mcb1700.o(.data) for background_color
    glcd_mcb1700.o(i.GLCD_DrawBargraph) refers to glcd_mcb1700.o(i.GLCD_SetWindow) for GLCD_SetWindow
    glcd_mcb1700.o(i.GLCD_DrawBargraph) refers to glcd_mcb1700.o(i.wr_cmd) for wr_cmd
    glcd_mcb1700.o(i.GLCD_DrawBargraph) refers to glcd_mcb1700.o(i.wr_dat_start) for wr_dat_start
    glcd_mcb1700.o(i.GLCD_DrawBargraph) refers to glcd_mcb1700.o(i.wr_dat_only) for wr_dat_only
    glcd_mcb1700.o(i.GLCD_DrawBargraph) refers to glcd_mcb1700.o(i.wr_dat_stop) for wr_dat_stop
    glcd_mcb1700.o(i.GLCD_DrawBargraph) refers to glcd_mcb1700.o(.data) for background_color
    glcd_mcb1700.o(i.GLCD_DrawBitmap) refers to glcd_mcb1700.o(i.GLCD_SetWindow) for GLCD_SetWindow
    glcd_mcb1700.o(i.GLCD_DrawBitmap) refers to glcd_mcb1700.o(i.wr_cmd) for wr_cmd
    glcd_mcb1700.o(i.GLCD_DrawBitmap) refers to glcd_mcb1700.o(i.wr_dat_start) for wr_dat_start
    glcd_mcb1700.o(i.GLCD_DrawBitmap) refers to glcd_mcb1700.o(i.wr_dat_only) for wr_dat_only
    glcd_mcb1700.o(i.GLCD_DrawBitmap) refers to glcd_mcb1700.o(i.wr_dat_stop) for wr_dat_stop
    glcd_mcb1700.o(i.GLCD_DrawChar) refers to glcd_mcb1700.o(i.GLCD_SetWindow) for GLCD_SetWindow
    glcd_mcb1700.o(i.GLCD_DrawChar) refers to glcd_mcb1700.o(i.wr_cmd) for wr_cmd
    glcd_mcb1700.o(i.GLCD_DrawChar) refers to glcd_mcb1700.o(i.wr_dat_start) for wr_dat_start
    glcd_mcb1700.o(i.GLCD_DrawChar) refers to glcd_mcb1700.o(i.wr_dat_only) for wr_dat_only
    glcd_mcb1700.o(i.GLCD_DrawChar) refers to glcd_mcb1700.o(i.wr_dat_stop) for wr_dat_stop
    glcd_mcb1700.o(i.GLCD_DrawChar) refers to glcd_mcb1700.o(.data) for active_font
    glcd_mcb1700.o(i.GLCD_DrawHLine) refers to glcd_mcb1700.o(i.GLCD_SetWindow) for GLCD_SetWindow
    glcd_mcb1700.o(i.GLCD_DrawHLine) refers to glcd_mcb1700.o(i.wr_cmd) for wr_cmd
    glcd_mcb1700.o(i.GLCD_DrawHLine) refers to glcd_mcb1700.o(i.wr_dat_start) for wr_dat_start
    glcd_mcb1700.o(i.GLCD_DrawHLine) refers to glcd_mcb1700.o(i.wr_dat_only) for wr_dat_only
    glcd_mcb1700.o(i.GLCD_DrawHLine) refers to glcd_mcb1700.o(i.wr_dat_stop) for wr_dat_stop
    glcd_mcb1700.o(i.GLCD_DrawHLine) refers to glcd_mcb1700.o(.data) for foreground_color
    glcd_mcb1700.o(i.GLCD_DrawPixel) refers to glcd_mcb1700.o(i.wr_reg) for wr_reg
    glcd_mcb1700.o(i.GLCD_DrawPixel) refers to glcd_mcb1700.o(i.wr_cmd) for wr_cmd
    glcd_mcb1700.o(i.GLCD_DrawPixel) refers to glcd_mcb1700.o(i.wr_dat) for wr_dat
    glcd_mcb1700.o(i.GLCD_DrawPixel) refers to glcd_mcb1700.o(.data) for Himax
    glcd_mcb1700.o(i.GLCD_DrawRectangle) refers to glcd_mcb1700.o(i.GLCD_DrawHLine) for GLCD_DrawHLine
    glcd_mcb1700.o(i.GLCD_DrawRectangle) refers to glcd_mcb1700.o(i.GLCD_DrawVLine) for GLCD_DrawVLine
    glcd_mcb1700.o(i.GLCD_DrawString) refers to glcd_mcb1700.o(i.GLCD_DrawChar) for GLCD_DrawChar
[...]
    SSP1_PowerControl                        0x000031d9   Thumb Code    14  ssp_lpc17xx.o(i.SSP1_PowerControl)
    i.SSP1_Receive                           0x000031ec   Section        0  ssp_lpc17xx.o(i.SSP1_Receive)
    SSP1_Receive                             0x000031ed   Thumb Code    18  ssp_lpc17xx.o(i.SSP1_Receive)
    i.SSP1_Send                              0x00003204   Section        0  ssp_lpc17xx.o(i.SSP1_Send)
    SSP1_Send                                0x00003205   Thumb Code    18  ssp_lpc17xx.o(i.SSP1_Send)
    i.SSP1_Transfer                          0x0000321c   Section        0  ssp_lpc17xx.o(i.SSP1_Transfer)
    SSP1_Transfer                            0x0000321d   Thumb Code    22  ssp_lpc17xx.o(i.SSP1_Transfer)
    i.SSP1_Uninitialize                      0x00003238   Section        0  ssp_lpc17xx.o(i.SSP1_Uninitialize)
    SSP1_Uninitialize                        0x00003239   Thumb Code    10  ssp_lpc17xx.o(i.SSP1_Uninitialize)
    i.SSP_GetCapabilities                    0x00003248   Section        0  ssp_lpc17xx.o(i.SSP_GetCapabilities)
    SSP_GetCapabilities                      0x00003249   Thumb Code     6  ssp_lpc17xx.o(i.SSP_GetCapabilities)
    i.SSP_GetVersion                         0x00003254   Section        0  ssp_lpc17xx.o(i.SSP_GetVersion)
    SSP_GetVersion                           0x00003255   Thumb Code    10  ssp_lpc17xx.o(i.SSP_GetVersion)
    i.SSPx_Control                           0x00003264   Section        0  ssp_lpc17xx.o(i.SSPx_Control)
    SSPx_Control                             0x00003265   Thumb Code  1310  ssp_lpc17xx.o(i.SSPx_Control)
    i.SSPx_GPDMA_Rx_SignalEvent              0x00003782   Section        0  ssp_lpc17xx.o(i.SSPx_GPDMA_Rx_SignalEvent)
    i.SSPx_GPDMA_Tx_SignalEvent              0x000037b8   Section        0  ssp_lpc17xx.o(i.SSPx_GPDMA_Tx_SignalEvent)
    i.SSPx_GetDataCount                      0x000037d4   Section        0  ssp_lpc17xx.o(i.SSPx_GetDataCount)
    SSPx_GetDataCount                        0x000037d5   Thumb Code    44  ssp_lpc17xx.o(i.SSPx_GetDataCount)
    i.SSPx_GetStatus                         0x00003800   Section        0  ssp_lpc17xx.o(i.SSPx_GetStatus)
    SSPx_GetStatus                           0x00003801   Thumb Code    90  ssp_lpc17xx.o(i.SSPx_GetStatus)
    i.SSPx_IRQHandler                        0x0000385a   Section        0  ssp_lpc17xx.o(i.SSPx_IRQHandler)
    SSPx_IRQHandler                          0x0000385b   Thumb Code   260  ssp_lpc17xx.o(i.SSPx_IRQHandler)
    i.SSPx_Initialize                        0x0000395e   Section        0  ssp_lpc17xx.o(i.SSPx_Initialize)
    SSPx_Initialize                          0x0000395f   Thumb Code   168  ssp_lpc17xx.o(i.SSPx_Initialize)
    i.SSPx_PowerControl                      0x00003a08   Section        0  ssp_lpc17xx.o(i.SSPx_PowerControl)
    SSPx_PowerControl                        0x00003a09   Thumb Code   438  ssp_lpc17xx.o(i.SSPx_PowerControl)
    i.SSPx_Receive                           0x00003bc4   Section        0  ssp_lpc17xx.o(i.SSPx_Receive)
    SSPx_Receive                             0x00003bc5   Thumb Code   344  ssp_lpc17xx.o(i.SSPx_Receive)
    i.SSPx_Send                              0x00003d20   Section        0  ssp_lpc17xx.o(i.SSPx_Send)
    SSPx_Send                                0x00003d21   Thumb Code   336  ssp_lpc17xx.o(i.SSPx_Send)
    i.SSPx_Transfer                          0x00003e74   Section        0  ssp_lpc17xx.o(i.SSPx_Transfer)
    SSPx_Transfer                            0x00003e75   Thumb Code   338  ssp_lpc17xx.o(i.SSPx_Transfer)
    i.SSPx_Uninitialize                      0x00003fc6   Section        0  ssp_lpc17xx.o(i.SSPx_Uninitialize)
    SSPx_Uninitialize                        0x00003fc7   Thumb Code   112  ssp_lpc17xx.o(i.SSPx_Uninitialize)
    i.Set_Channel_active_flag                0x00004038   Section        0  gpdma_lpc17xx.o(i.Set_Channel_active_flag)
    Set_Channel_active_flag                  0x00004039   Thumb Code    50  gpdma_lpc17xx.o(i.Set_Channel_active_flag)
    i.SystemInit                             0x00004070   Section        0  system_lpc17xx.o(i.SystemInit)
    i.UART1_IRQHandler                       0x000041b0   Section        0  uart_lpc17xx.o(i.UART1_IRQHandler)
    i.UART2_IRQHandler                       0x000041c0   Section        0  uart_lpc17xx.o(i.UART2_IRQHandler)
    i.USART1_Control                         0x000041d0   Section        0  uart_lpc17xx.o(i.USART1_Control)
    USART1_Control                           0x000041d1   Thumb Code    18  uart_lpc17xx.o(i.USART1_Control)
    i.USART1_GPDMA_Rx_Event                  0x000041e8   Section        0  uart_lpc17xx.o(i.USART1_GPDMA_Rx_Event)
    i.USART1_GPDMA_Tx_Event                  0x000041fc   Section        0  uart_lpc17xx.o(i.USART1_GPDMA_Tx_Event)
    i.USART1_GetCapabilities                 0x00004210   Section        0  uart_lpc17xx.o(i.USART1_GetCapabilities)
    USART1_GetCapabilities                   0x00004211   Thumb Code    12  uart_lpc17xx.o(i.USART1_GetCapabilities)
    i.USART1_GetModemStatus                  0x00004220   Section        0  uart_lpc17xx.o(i.USART1_GetModemStatus)
    USART1_GetModemStatus                    0x00004221   Thumb Code    12  uart_lpc17xx.o(i.USART1_GetModemStatus)
    i.USART1_GetRxCount                      0x00004230   Section        0  uart_lpc17xx.o(i.USART1_GetRxCount)
    USART1_GetRxCount                        0x00004231   Thumb Code    10  uart_lpc17xx.o(i.USART1_GetRxCount)
    i.USART1_GetStatus                       0x00004240   Section        0  uart_lpc17xx.o(i.USART1_GetStatus)
    USART1_GetStatus                         0x00004241   Thumb Code    12  uart_lpc17xx.o(i.USART1_GetStatus)
    i.USART1_GetTxCount                      0x00004250   Section        0  uart_lpc17xx.o(i.USART1_GetTxCount)
    USART1_GetTxCount                        0x00004251   Thumb Code    10  uart_lpc17xx.o(i.USART1_GetTxCount)
    i.USART1_Initialize                      0x00004260   Section        0  uart_lpc17xx.o(i.USART1_Initialize)
    USART1_Initialize                        0x00004261   Thumb Code    14  uart_lpc17xx.o(i.USART1_Initialize)
    i.USART1_PowerControl                    0x00004274   Section        0  uart_lpc17xx.o(i.USART1_PowerControl)
    USART1_PowerControl                      0x00004275   Thumb Code    14  uart_lpc17xx.o(i.USART1_PowerControl)
    i.USART1_Receive                         0x00004288   Section        0  uart_lpc17xx.o(i.USART1_Receive)
    USART1_Receive                           0x00004289   Thumb Code    18  uart_lpc17xx.o(i.USART1_Receive)
    i.USART1_Send                            0x000042a0   Section        0  uart_lpc17xx.o(i.USART1_Send)
    USART1_Send                              0x000042a1   Thumb Code    18  uart_lpc17xx.o(i.USART1_Send)
    i.USART1_SetModemControl                 0x000042b8   Section        0  uart_lpc17xx.o(i.USART1_SetModemControl)
    USART1_SetModemControl                   0x000042b9   Thumb Code    14  uart_lpc17xx.o(i.USART1_SetModemControl)
    i.USART1_Transfer                        0x000042cc   Section        0  uart_lpc17xx.o(i.USART1_Transfer)
    USART1_Transfer                          0x000042cd   Thumb Code    22  uart_lpc17xx.o(i.USART1_Transfer)
    i.USART1_Uninitialize                    0x000042e8   Section        0  uart_lpc17xx.o(i.USART1_Uninitialize)
    USART1_Uninitialize                      0x000042e9   Thumb Code    10  uart_lpc17xx.o(i.USART1_Uninitialize)
    i.USART2_Control                         0x000042f8   Section        0  uart_lpc17xx.o(i.USART2_Control)
    USART2_Control                           0x000042f9   Thumb Code    18  uart_lpc17xx.o(i.USART2_Control)
    i.USART2_GPDMA_Rx_Event                  0x00004310   Section        0  uart_lpc17xx.o(i.USART2_GPDMA_Rx_Event)
    i.USART2_GPDMA_Tx_Event                  0x00004324   Section        0  uart_lpc17xx.o(i.USART2_GPDMA_Tx_Event)
    i.USART2_GetCapabilities                 0x00004338   Section        0  uart_lpc17xx.o(i.USART2_GetCapabilities)
    USART2_GetCapabilities                   0x00004339   Thumb Code    12  uart_lpc17xx.o(i.USART2_GetCapabilities)
    i.USART2_GetModemStatus                  0x00004348   Section        0  uart_lpc17xx.o(i.USART2_GetModemStatus)
    USART2_GetModemStatus                    0x00004349   Thumb Code    12  uart_lpc17xx.o(i.USART2_GetModemStatus)
    i.USART2_GetRxCount                      0x00004358   Section        0  uart_lpc17xx.o(i.USART2_GetRxCount)
    USART2_GetRxCount                        0x00004359   Thumb Code    10  uart_lpc17xx.o(i.USART2_GetRxCount)
    i.USART2_GetStatus                       0x00004368   Section        0  uart_lpc17xx.o(i.USART2_GetStatus)
    USART2_GetStatus                         0x00004369   Thumb Code    12  uart_lpc17xx.o(i.USART2_GetStatus)
    i.USART2_GetTxCount                      0x00004378   Section        0  uart_lpc17xx.o(i.USART2_GetTxCount)
    USART2_GetTxCount                        0x00004379   Thumb Code    10  uart_lpc17xx.o(i.USART2_GetTxCount)
    i.USART2_Initialize                      0x00004388   Section        0  uart_lpc17xx.o(i.USART2_Initialize)
    USART2_Initialize                        0x00004389   Thumb Code    14  uart_lpc17xx.o(i.USART2_Initialize)
    i.USART2_PowerControl                    0x0000439c   Section        0  uart_lpc17xx.o(i.USART2_PowerControl)
    USART2_PowerControl                      0x0000439d   Thumb Code    14  uart_lpc17xx.o(i.USART2_PowerControl)
    i.USART2_Receive                         0x000043b0   Section        0  uart_lpc17xx.o(i.USART2_Receive)
    USART2_Receive                           0x000043b1   Thumb Code    18  uart_lpc17xx.o(i.USART2_Receive)
    i.USART2_Send                            0x000043c8   Section        0  uart_lpc17xx.o(i.USART2_Send)
    USART2_Send                              0x000043c9   Thumb Code    18  uart_lpc17xx.o(i.USART2_Send)
    i.USART2_SetModemControl                 0x000043e0   Section        0  uart_lpc17xx.o(i.USART2_SetModemControl)
    USART2_SetModemControl                   0x000043e1   Thumb Code    14  uart_lpc17xx.o(i.USART2_SetModemControl)
    i.USART2_Transfer                        0x000043f4   Section        0  uart_lpc17xx.o(i.USART2_Transfer)
    USART2_Transfer                          0x000043f5   Thumb Code    22  uart_lpc17xx.o(i.USART2_Transfer)
    i.USART2_Uninitialize                    0x00004410   Section        0  uart_lpc17xx.o(i.USART2_Uninitialize)
    USART2_Uninitialize                      0x00004411   Thumb Code    10  uart_lpc17xx.o(i.USART2_Uninitialize)
    i.USART_Control                          0x00004420   Section        0  uart_lpc17xx.o(i.USART_Control)
    USART_Control                            0x00004421   Thumb Code  1642  uart_lpc17xx.o(i.USART_Control)
    i.USART_GPDMA_Rx_Event                   0x00004a90   Section        0  uart_lpc17xx.o(i.USART_GPDMA_Rx_Event)
    USART_GPDMA_Rx_Event                     0x00004a91   Thumb Code   134  uart_lpc17xx.o(i.USART_GPDMA_Rx_Event)
    i.USART_GPDMA_Tx_Event                   0x00004b16   Section        0  uart_lpc17xx.o(i.USART_GPDMA_Tx_Event)
    USART_GPDMA_Tx_Event                     0x00004b17   Thumb Code    74  uart_lpc17xx.o(i.USART_GPDMA_Tx_Event)
    i.USART_GetCapabilities                  0x00004b60   Section        0  uart_lpc17xx.o(i.USART_GetCapabilities)
    USART_GetCapabilities                    0x00004b61   Thumb Code     6  uart_lpc17xx.o(i.USART_GetCapabilities)
    i.USART_GetModemStatus                   0x00004b66   Section        0  uart_lpc17xx.o(i.USART_GetModemStatus)
    USART_GetModemStatus                     0x00004b67   Thumb Code   236  uart_lpc17xx.o(i.USART_GetModemStatus)
    i.USART_GetRxCount                       0x00004c52   Section        0  uart_lpc17xx.o(i.USART_GetRxCount)
    USART_GetRxCount                         0x00004c53   Thumb Code    28  uart_lpc17xx.o(i.USART_GetRxCount)
    i.USART_GetStatus                        0x00004c6e   Section        0  uart_lpc17xx.o(i.USART_GetStatus)
    USART_GetStatus                          0x00004c6f   Thumb Code   188  uart_lpc17xx.o(i.USART_GetStatus)
    i.USART_GetTxCount                       0x00004d2a   Section        0  uart_lpc17xx.o(i.USART_GetTxCount)
    USART_GetTxCount                         0x00004d2b   Thumb Code    28  uart_lpc17xx.o(i.USART_GetTxCount)
    i.USART_IRQHandler                       0x00004d46   Section        0  uart_lpc17xx.o(i.USART_IRQHandler)
    USART_IRQHandler                         0x00004d47   Thumb Code   620  uart_lpc17xx.o(i.USART_IRQHandler)
    i.USART_Initialize                       0x00004fb2   Section        0  uart_lpc17xx.o(i.USART_Initialize)
    USART_Initialize                         0x00004fb3   Thumb Code   254  uart_lpc17xx.o(i.USART_Initialize)
    i.USART_PowerControl                     0x000050b0   Section        0  uart_lpc17xx.o(i.USART_PowerControl)
    USART_PowerControl                       0x000050b1   Thumb Code   592  uart_lpc17xx.o(i.USART_PowerControl)
    i.USART_Receive                          0x00005304   Section        0  uart_lpc17xx.o(i.USART_Receive)
    USART_Receive                            0x00005305   Thumb Code   272  uart_lpc17xx.o(i.USART_Receive)
    i.USART_RxLineIntHandler                 0x00005414   Section        0  uart_lpc17xx.o(i.USART_RxLineIntHandler)
    USART_RxLineIntHandler                   0x00005415   Thumb Code   104  uart_lpc17xx.o(i.USART_RxLineIntHandler)
    i.USART_Send                             0x0000547c   Section        0  uart_lpc17xx.o(i.USART_Send)
    USART_Send                               0x0000547d   Thumb Code   412  uart_lpc17xx.o(i.USART_Send)
    i.USART_SetBaudrate                      0x00005618   Section        0  uart_lpc17xx.o(i.USART_SetBaudrate)
    i.USART_SetModemControl                  0x0000574c   Section        0  uart_lpc17xx.o(i.USART_SetModemControl)
    USART_SetModemControl                    0x0000574d   Thumb Code   160  uart_lpc17xx.o(i.USART_SetModemControl)
    i.USART_Transfer                         0x000057ec   Section        0  uart_lpc17xx.o(i.USART_Transfer)
    USART_Transfer                           0x000057ed   Thumb Code   122  uart_lpc17xx.o(i.USART_Transfer)
    i.USART_Uninitialize                     0x00005866   Section        0  uart_lpc17xx.o(i.USART_Uninitialize)
    USART_Uninitialize                       0x00005867   Thumb Code   226  uart_lpc17xx.o(i.USART_Uninitialize)
    i.USARTx_GetVersion                      0x00005948   Section        0  uart_lpc17xx.o(i.USARTx_GetVersion)
    USARTx_GetVersion                        0x00005949   Thumb Code    10  uart_lpc17xx.o(i.USARTx_GetVersion)
    i.__ARM_fpclassify                       0x00005958   Section        0  fpclassify.o(i.__ARM_fpclassify)
    i.__NVIC_ClearPendingIRQ                 0x00005980   Section        0  ssp_lpc17xx.o(i.__NVIC_ClearPendingIRQ)
    __NVIC_ClearPendingIRQ                   0x00005981   Thumb Code    22  ssp_lpc17xx.o(i.__NVIC_ClearPendingIRQ)
    i.__NVIC_ClearPendingIRQ                 0x0000599c   Section        0  uart_lpc17xx.o(i.__NVIC_ClearPendingIRQ)
    __NVIC_ClearPendingIRQ                   0x0000599d   Thumb Code    22  uart_lpc17xx.o(i.__NVIC_ClearPendingIRQ)
    i.__NVIC_ClearPendingIRQ                 0x000059b8   Section        0  gpdma_lpc17xx.o(i.__NVIC_ClearPendingIRQ)
    __NVIC_ClearPendingIRQ                   0x000059b9   Thumb Code    22  gpdma_lpc17xx.o(i.__NVIC_ClearPendingIRQ)
    i.__mathlib_dbl_overflow                 0x000059d4   Section        0  dunder.o(i.__mathlib_dbl_overflow)
    i.__mathlib_dbl_underflow                0x000059e4   Section        0  dunder.o(i.__mathlib_dbl_underflow)
    i.__mathlib_narrow                       0x000059f4   Section        0  narrow.o(i.__mathlib_narrow)
    i.__mathlib_tofloat                      0x00005a04   Section        0  narrow.o(i.__mathlib_tofloat)
    i.__support_ldexp                        0x00005a8c   Section        0  ldexp.o(i.__support_ldexp)
    i._is_digit                              0x00005aa2   Section        0  __printf_wp.o(i._is_digit)
    i.atof                                   0x00005ab0   Section        0  atof.o(i.atof)
    i.delay_ms                               0x00005adc   Section        0  glcd_mcb1700.o(i.delay_ms)
    delay_ms                                 0x00005add   Thumb Code    38  glcd_mcb1700.o(i.delay_ms)
    i.frexp                                  0x00005b08   Section        0  frexp.o(i.frexp)
    i.ldexp                                  0x00005b60   Section        0  ldexp.o(i.ldexp)
    i.main                                   0x00005bd4   Section        0  gps.o(i.main)
    i.rd_dat                                 0x00005e78   Section        0  glcd_mcb1700.o(i.rd_dat)
    rd_dat                                   0x00005e79   Thumb Code    64  glcd_mcb1700.o(i.rd_dat)
    i.rd_id_man                              0x00005ebc   Section        0  glcd_mcb1700.o(i.rd_id_man)
    rd_id_man                                0x00005ebd   Thumb Code   196  glcd_mcb1700.o(i.rd_id_man)
    i.rd_reg                                 0x00005f84   Section        0  glcd_mcb1700.o(i.rd_reg)
    rd_reg                                   0x00005f85   Thumb Code    16  glcd_mcb1700.o(i.rd_reg)
    i.spi_tran                               0x00005f94   Section        0  glcd_mcb1700.o(i.spi_tran)
    spi_tran                                 0x00005f95   Thumb Code    40  glcd_mcb1700.o(i.spi_tran)
    i.spi_tran_man                           0x00005fc0   Section        0  glcd_mcb1700.o(i.spi_tran_man)
    spi_tran_man                             0x00005fc1   Thumb Code   132  glcd_mcb1700.o(i.spi_tran_man)
    i.wr_cmd                                 0x00006048   Section        0  glcd_mcb1700.o(i.wr_cmd)
    wr_cmd                                   0x00006049   Thumb Code    70  glcd_mcb1700.o(i.wr_cmd)
    i.wr_dat_only                            0x00006094   Section        0  glcd_mcb1700.o(i.wr_dat_only)
    wr_dat_only                              0x00006095   Thumb Code    46  glcd_mcb1700.o(i.wr_dat_only)
    i.wr_dat_start                           0x000060c8   Section        0  glcd_mcb1700.o(i.wr_dat_start)
    wr_dat_start                             0x000060c9   Thumb Code    20  glcd_mcb1700.o(i.wr_dat_start)
    i.wr_dat_stop                            0x000060e0   Section        0  glcd_mcb1700.o(i.wr_dat_stop)
    wr_dat_stop                              0x000060e1   Thumb Code    14  glcd_mcb1700.o(i.wr_dat_stop)
    i.wr_reg                                 0x000060f4   Section        0  glcd_mcb1700.o(i.wr_reg)
    wr_reg                                   0x000060f5   Thumb Code   140  glcd_mcb1700.o(i.wr_reg)
    locale$$code                             0x00006184   Section       44  lc_numeric_c.o(locale$$code)
    locale$$code                             0x000061b0   Section       44  lc_ctype_c.o(locale$$code)
    x$fpl$d2f                                0x000061dc   Section       98  d2f.o(x$fpl$d2f)
    x$fpl$dcheck1                            0x00006240   Section       16  dcheck1.o(x$fpl$dcheck1)
    x$fpl$dcmpinf                            0x00006250   Section       24  dcmpi.o(x$fpl$dcmpinf)
    x$fpl$deqf                               0x00006268   Section      120  deqf.o(x$fpl$deqf)
    x$fpl$dfix                               0x000062e0   Section       94  dfix.o(x$fpl$dfix)
    x$fpl$dflt                               0x0000633e   Section       46  dflt_clz.o(x$fpl$dflt)
    x$fpl$dleqf                              0x0000636c   Section      120  dleqf.o(x$fpl$dleqf)
    x$fpl$dmul                               0x000063e4   Section      340  dmul.o(x$fpl$dmul)
    x$fpl$dnaninf                            0x00006538   Section      156  dnaninf.o(x$fpl$dnaninf)
    x$fpl$dretinf                            0x000065d4   Section       12  dretinf.o(x$fpl$dretinf)
    x$fpl$drleqf                             0x000065e0   Section      108  drleqf.o(x$fpl$drleqf)
    x$fpl$f2d                                0x0000664c   Section       86  f2d.o(x$fpl$f2d)
    x$fpl$fnaninf                            0x000066a2   Section      140  fnaninf.o(x$fpl$fnaninf)
    x$fpl$fretinf                            0x0000672e   Section       10  fretinf.o(x$fpl$fretinf)
    x$fpl$printf1                            0x00006738   Section        4  printf1.o(x$fpl$printf1)
    x$fpl$retnan                             0x0000673c   Section      100  retnan.o(x$fpl$retnan)
    x$fpl$scalbn                             0x000067a0   Section       92  scalbn.o(x$fpl$scalbn)
    x$fpl$scanf1                             0x000067fc   Section        4  scanf1.o(x$fpl$scanf1)
    x$fpl$scanf2                             0x00006800   Section        8  scanf2.o(x$fpl$scanf2)
    x$fpl$trapveneer                         0x00006808   Section       48  trapv.o(x$fpl$trapveneer)
    .constdata                               0x00006838   Section     6304  glcd_fonts.o(.constdata)
    x$fpl$usenofp                            0x00006838   Section        0  usenofp.o(x$fpl$usenofp)
    Font_6x8_h                               0x00006838   Data         896  glcd_fonts.o(.constdata)
    Font_16x24_h                             0x00006bb8   Data        5376  glcd_fonts.o(.constdata)
    .constdata                               0x000080d8   Section      124  ssp_lpc17xx.o(.constdata)
    DriverVersion                            0x000080d8   Data           4  ssp_lpc17xx.o(.constdata)
    DriverCapabilities                       0x000080dc   Data           4  ssp_lpc17xx.o(.constdata)
    SSP1_Resources                           0x000080e0   Data          72  ssp_lpc17xx.o(.constdata)
    .constdata                               0x00008154   Section      636  uart_lpc17xx.o(.constdata)
    usart_driver_version                     0x00008154   Data           4  uart_lpc17xx.o(.constdata)
    fract_div_lookup_table                   0x00008158   Data         288  uart_lpc17xx.o(.constdata)
    USART1_DMA_Tx                            0x00008278   Data           8  uart_lpc17xx.o(.constdata)
    USART1_DMA_Rx                            0x00008280   Data           8  uart_lpc17xx.o(.constdata)
    USART1_Resources                         0x00008288   Data         100  uart_lpc17xx.o(.constdata)
    USART2_DMA_Tx                            0x000082ec   Data           8  uart_lpc17xx.o(.constdata)
    USART2_DMA_Rx                            0x000082f4   Data           8  uart_lpc17xx.o(.constdata)
    USART2_Resources                         0x000082fc   Data         100  uart_lpc17xx.o(.constdata)
    .constdata                               0x000083d0   Section      148  bigflt0.o(.constdata)
    tenpwrs_x                                0x000083d0   Data          60  bigflt0.o(.constdata)
    tenpwrs_i                                0x0000840c   Data          64  bigflt0.o(.constdata)
    c$$dinf                                  0x00008484   Section        8  fpconst.o(c$$dinf)
    locale$$data                             0x0000848c   Section       28  lc_numeric_c.o(locale$$data)
    __lcnum_c_name                           0x00008490   Data           2  lc_numeric_c.o(locale$$data)
    __lcnum_c_start                          0x00008498   Data           0  lc_numeric_c.o(locale$$data)
    __lcnum_c_point                          0x000084a4   Data           0  lc_numeric_c.o(locale$$data)
    __lcnum_c_thousands                      0x000084a6   Data           0  lc_numeric_c.o(locale$$data)
    __lcnum_c_grouping                       0x000084a7   Data           0  lc_numeric_c.o(locale$$data)
    locale$$data                             0x000084a8   Section      272  lc_ctype_c.o(locale$$data)
    __lcnum_c_end                            0x000084a8   Data           0  lc_numeric_c.o(locale$$data)
    __lcctype_c_name                         0x000084ac   Data           2  lc_ctype_c.o(locale$$data)
    __lcctype_c_start                        0x000084b4   Data           0  lc_ctype_c.o(locale$$data)
    __lcctype_c_end                          0x000085b8   Data           0  lc_ctype_c.o(locale$$data)
    .data                                    0x10000000   Section       17  glcd_mcb1700.o(.data)
    spi1_pins                                0x10000000   Data           8  glcd_mcb1700.o(.data)
    foreground_color                         0x10000008   Data           2  glcd_mcb1700.o(.data)
    background_color                         0x1000000a   Data           2  glcd_mcb1700.o(.data)
    active_font                              0x1000000c   Data           4  glcd_mcb1700.o(.data)
    Himax                                    0x10000010   Data           1  glcd_mcb1700.o(.data)
    .data                                    0x10000014   Section       16  ssp_lpc17xx.o(.data)
    SSP1_pin_sck                             0x10000014   Data           2  ssp_lpc17xx.o(.data)
    SSP1_pin_miso                            0x10000016   Data           2  ssp_lpc17xx.o(.data)
    SSP1_pin_mosi                            0x10000018   Data           2  ssp_lpc17xx.o(.data)
    SSP1_pin_ssel                            0x1000001a   Data           2  ssp_lpc17xx.o(.data)
    dummy_data                               0x1000001c   Data           4  ssp_lpc17xx.o(.data)
    dummy_data                               0x10000020   Data           4  ssp_lpc17xx.o(.data)
    .data                                    0x10000024   Section        8  uart_lpc17xx.o(.data)
    USART1_pin_tx                            0x10000024   Data           2  uart_lpc17xx.o(.data)
    USART1_pin_rx                            0x10000026   Data           2  uart_lpc17xx.o(.data)
    USART2_pin_tx                            0x10000028   Data           2  uart_lpc17xx.o(.data)
    USART2_pin_rx                            0x1000002a   Data           2  uart_lpc17xx.o(.data)
    .data                                    0x1000002c   Section        8  gpdma_lpc17xx.o(.data)
    Channel_active                           0x1000002c   Data           4  gpdma_lpc17xx.o(.data)
    Init_cnt                                 0x10000030   Data           4  gpdma_lpc17xx.o(.data)
    .data                                    0x10000034   Section        4  system_lpc17xx.o(.data)
    .bss                                     0x10000038   Section       40  ssp_lpc17xx.o(.bss)
    SSP1_Info                                0x10000038   Data          12  ssp_lpc17xx.o(.bss)
    SSP1_Xfer                                0x10000044   Data          28  ssp_lpc17xx.o(.bss)
    .bss                                     0x10000060   Section      104  uart_lpc17xx.o(.bss)
    USART1_Info                              0x10000060   Data          52  uart_lpc17xx.o(.bss)
    USART2_Info                              0x10000094   Data          52  uart_lpc17xx.o(.bss)
    .bss                                     0x100000c8   Section      160  gpdma_lpc17xx.o(.bss)
    Channel_info                             0x100000c8   Data         160  gpdma_lpc17xx.o(.bss)
    .bss                                     0x10000168   Section       96  libspace.o(.bss)
    HEAP                                     0x100001c8   Section        0  startup_lpc17xx.o(HEAP)
    STACK                                    0x100001c8   Section      512  startup_lpc17xx.o(STACK)
    Heap_Mem                                 0x100001c8   Data           0  startup_lpc17xx.o(HEAP)
    Stack_Mem                                0x100001c8   Data         512  startup_lpc17xx.o(STACK)
    __initial_sp                             0x100003c8   Data           0  startup_lpc17xx.o(STACK)

    Global Symbols

    Symbol Name                              Value     Ov Type        Size  Object(Section)

    BuildAttributes$$THM_ISAv4$P$D$K$B$S$PE$A:L22UL41UL21$X:L11$S22US41US21$IEEE1$IW$USESV6$~STKCKD$USESV7$~SHL$OTIME$ROPI$IEEEX$EBA8$UX$STANDARDLIB$REQ8$PRES8$EABIv2 0x00000000   Number         0  anon$$obj.o ABSOLUTE
    __ARM_use_no_argv                        0x00000000   Number         0  gps.o ABSOLUTE
    __Vectors                                0x00000000   Data           4  startup_lpc17xx.o(RESET)
    __ARM_exceptions_init                     - Undefined Weak Reference
    __alloca_initialize                       - Undefined Weak Reference
    __arm_preinit_                            - Undefined Weak Reference
    __cpp_initialize__aeabi_                  - Undefined Weak Reference
    __cxa_finalize                            - Undefined Weak Reference
    __sigvec_lookup                           - Undefined Weak Reference
    _atexit_init                              - Undefined Weak Reference
    _call_atexit_fns                          - Undefined Weak Reference
    _clock_init                               - Undefined Weak Reference
    _fp_trap_init                             - Undefined Weak Reference
    _fp_trap_shutdown                         - Undefined Weak Reference
    _get_lc_collate                           - Undefined Weak Reference
    _get_lc_monetary                          - Undefined Weak Reference
    _get_lc_time                              - Undefined Weak Reference
    _getenv_init                              - Undefined Weak Reference
    _handle_redirection                       - Undefined Weak Reference
    _init_alloc                               - Undefined Weak Reference
    _init_user_alloc                          - Undefined Weak Reference
    _initio                                   - Undefined Weak Reference
    _printf_post_padding                      - Undefined Weak Reference
    _printf_pre_padding                       - Undefined Weak Reference
    _rand_init                                - Undefined Weak Reference
    _scanf_longlong                           - Undefined Weak Reference
    _scanf_mbtowc                             - Undefined Weak Reference
    _scanf_wctomb                             - Undefined Weak Reference
    _scanf_wstring                            - Undefined Weak Reference
    _signal_finish                            - Undefined Weak Reference
    _signal_init                              - Undefined Weak Reference
    _terminate_alloc                          - Undefined Weak Reference
    _terminate_user_alloc                     - Undefined Weak Reference
    _terminateio                              - Undefined Weak Reference
    __main                                   0x000000cd   Thumb Code     8  __main.o(!!!main)
    __scatterload                            0x000000d5   Thumb Code     0  __scatter.o(!!!scatter)
    __scatterload_rt2                        0x000000d5   Thumb Code    44  __scatter.o(!!!scatter)
    __scatterload_rt2_thumb_only             0x000000d5   Thumb Code     0  __scatter.o(!!!scatter)
    __scatterload_null                       0x000000e3   Thumb Code     0  __scatter.o(!!!scatter)
    __scatterload_copy                       0x00000109   Thumb Code    26  __scatter_copy.o(!!handler_copy)
    __scatterload_zeroinit                   0x00000125   Thumb Code    28  __scatter_zi.o(!!handler_zi)
    _printf_f                                0x00000141   Thumb Code     0  _printf_f.o(.ARM.Collect$$_printf_percent$$00000003)
    _printf_percent                          0x00000141   Thumb Code     0  _printf_percent.o(.ARM.Collect$$_printf_percent$$00000000)
    _printf_percent_end                      0x00000147   Thumb Code     0  _printf_percent_end.o(.ARM.Collect$$_printf_percent$$00000017)
    __rt_lib_init                            0x0000014b   Thumb Code     0  libinit.o(.ARM.Collect$$libinit$$00000000)
    __rt_lib_init_fp_1                       0x0000014d   Thumb Code     0  libinit2.o(.ARM.Collect$$libinit$$00000002)
    __rt_lib_init_heap_1                     0x0000014d   Thumb Code     0  libinit2.o(.ARM.Collect$$libinit$$0000000A)
    __rt_lib_init_lc_common                  0x0000014d   Thumb Code     0  libinit2.o(.ARM.Collect$$libinit$$0000000F)
    __rt_lib_init_preinit_1                  0x0000014d   Thumb Code     0  libinit2.o(.ARM.Collect$$libinit$$00000004)
    __rt_lib_init_rand_1                     0x0000014d   Thumb Code     0  libinit2.o(.ARM.Collect$$libinit$$0000000E)
    __rt_lib_init_user_alloc_1               0x0000014d   Thumb Code     0  libinit2.o(.ARM.Collect$$libinit$$0000000C)
    __rt_lib_init_lc_collate_1               0x00000153   Thumb Code     0  libinit2.o(.ARM.Collect$$libinit$$00000011)
    __rt_lib_init_lc_ctype_2                 0x00000153   Thumb Code     0  libinit2.o(.ARM.Collect$$libinit$$00000012)
    __rt_lib_init_lc_ctype_1                 0x0000015f   Thumb Code     0  libinit2.o(.ARM.Collect$$libinit$$00000013)
    __rt_lib_init_lc_monetary_1              0x0000015f   Thumb Code     0  libinit2.o(.ARM.Collect$$libinit$$00000015)
    __rt_lib_init_lc_numeric_2               0x0000015f   Thumb Code     0  libinit2.o(.ARM.Collect$$libinit$$00000016)
    __rt_lib_init_alloca_1                   0x00000169   Thumb Code     0  libinit2.o(.ARM.Collect$$libinit$$0000002E)
    __rt_lib_init_argv_1                     0x00000169   Thumb Code     0  libinit2.o(.ARM.Collect$$libinit$$0000002C)
    __rt_lib_init_atexit_1                   0x00000169   Thumb Code     0  libinit2.o(.ARM.Collect$$libinit$$0000001B)
    __rt_lib_init_clock_1                    0x00000169   Thumb Code     0  libinit2.o(.ARM.Collect$$libinit$$00000021)
    __rt_lib_init_cpp_1                      0x00000169   Thumb Code     0  libinit2.o(.ARM.Collect$$libinit$$00000032)
    __rt_lib_init_exceptions_1               0x00000169   Thumb Code     0  libinit2.o(.ARM.Collect$$libinit$$00000030)
    __rt_lib_init_fp_trap_1                  0x00000169   Thumb Code     0  libinit2.o(.ARM.Collect$$libinit$$0000001F)
    __rt_lib_init_getenv_1                   0x00000169   Thumb Code     0  libinit2.o(.ARM.Collect$$libinit$$00000023)
    __rt_lib_init_lc_numeric_1               0x00000169   Thumb Code     0  libinit2.o(.ARM.Collect$$libinit$$00000017)
    __rt_lib_init_lc_time_1                  0x00000169   Thumb Code     0  libinit2.o(.ARM.Collect$$libinit$$00000019)
    __rt_lib_init_return                     0x00000169   Thumb Code     0  libinit2.o(.ARM.Collect$$libinit$$00000033)
    __rt_lib_init_signal_1                   0x00000169   Thumb Code     0  libinit2.o(.ARM.Collect$$libinit$$0000001D)
    __rt_lib_init_stdio_1                    0x00000169   Thumb Code     0  libinit2.o(.ARM.Collect$$libinit$$00000025)
    __rt_lib_shutdown                        0x0000016b   Thumb Code     0  libshutdown.o(.ARM.Collect$$libshutdown$$00000000)
    __rt_lib_shutdown_cpp_1                  0x0000016d   Thumb Code     0  libshutdown2.o(.ARM.Collect$$libshutdown$$00000002)
    __rt_lib_shutdown_fp_trap_1              0x0000016d   Thumb Code     0  libshutdown2.o(.ARM.Collect$$libshutdown$$00000007)
    __rt_lib_shutdown_heap_1                 0x0000016d   Thumb Code     0  libshutdown2.o(.ARM.Collect$$libshutdown$$0000000F)
    __rt_lib_shutdown_return                 0x0000016d   Thumb Code     0  libshutdown2.o(.ARM.Collect$$libshutdown$$00000010)
    __rt_lib_shutdown_signal_1               0x0000016d   Thumb Code     0  libshutdown2.o(.ARM.Collect$$libshutdown$$0000000A)
    __rt_lib_shutdown_stdio_1                0x0000016d   Thumb Code     0  libshutdown2.o(.ARM.Collect$$libshutdown$$00000004)
    __rt_lib_shutdown_user_alloc_1           0x0000016d   Thumb Code     0  libshutdown2.o(.ARM.Collect$$libshutdown$$0000000C)
    __rt_entry                               0x0000016f   Thumb Code     0  __rtentry.o(.ARM.Collect$$rtentry$$00000000)
    __rt_entry_presh_1                       0x0000016f   Thumb Code     0  __rtentry2.o(.ARM.Collect$$rtentry$$00000002)
    __rt_entry_sh                            0x0000016f   Thumb Code     0  __rtentry4.o(.ARM.Collect$$rtentry$$00000004)
    __rt_entry_li                            0x00000175   Thumb Code     0  __rtentry2.o(.ARM.Collect$$rtentry$$0000000A)
    __rt_entry_postsh_1                      0x00000175   Thumb Code     0  __rtentry2.o(.ARM.Collect$$rtentry$$00000009)
    __rt_entry_main                          0x00000179   Thumb Code     0  __rtentry2.o(.ARM.Collect$$rtentry$$0000000D)
    __rt_entry_postli_1                      0x00000179   Thumb Code     0  __rtentry2.o(.ARM.Collect$$rtentry$$0000000C)
    __rt_exit                                0x00000181   Thumb Code     0  rtexit.o(.ARM.Collect$$rtexit$$00000000)
    __rt_exit_ls                             0x00000183   Thumb Code     0  rtexit2.o(.ARM.Collect$$rtexit$$00000003)
    __rt_exit_prels_1                        0x00000183   Thumb Code     0  rtexit2.o(.ARM.Collect$$rtexit$$00000002)
    __rt_exit_exit                           0x00000187   Thumb Code     0  rtexit2.o(.ARM.Collect$$rtexit$$00000004)
    Reset_Handler                            0x0000018d   Thumb Code     8  startup_lpc17xx.o(.text)
    NMI_Handler                              0x00000195   Thumb Code     2  startup_lpc17xx.o(.text)
    HardFault_Handler                        0x00000197   Thumb Code     2  startup_lpc17xx.o(.text)
    MemManage_Handler                        0x00000199   Thumb Code     2  startup_lpc17xx.o(.text)
    BusFault_Handler                         0x0000019b   Thumb Code     2  startup_lpc17xx.o(.text)
    UsageFault_Handler                       0x0000019d   Thumb Code     2  startup_lpc17xx.o(.text)
    SVC_Handler                              0x0000019f   Thumb Code     2  startup_lpc17xx.o(.text)
    DebugMon_Handler                         0x000001a1   Thumb Code     2  startup_lpc17xx.o(.text)
    PendSV_Handler                           0x000001a3   Thumb Code     2  startup_lpc17xx.o(.text)
    SysTick_Handler                          0x000001a5   Thumb Code     2  startup_lpc17xx.o(.text)
    ADC_IRQHandler                           0x000001a7   Thumb Code     0  startup_lpc17xx.o(.text)
    BOD_IRQHandler                           0x000001a7   Thumb Code     0  startup_lpc17xx.o(.text)
    CANActivity_IRQHandler                   0x000001a7   Thumb Code     0  startup_lpc17xx.o(.text)
    CAN_IRQHandler                           0x000001a7   Thumb Code     0  startup_lpc17xx.o(.text)
    EINT0_IRQHandler                         0x000001a7   Thumb Code     0  startup_lpc17xx.o(.text)
    EINT1_IRQHandler                         0x000001a7   Thumb Code     0  startup_lpc17xx.o(.text)
    EINT2_IRQHandler                         0x000001a7   Thumb Code     0  startup_lpc17xx.o(.text)
    EINT3_IRQHandler                         0x000001a7   Thumb Code     0  startup_lpc17xx.o(.text)
    ENET_IRQHandler                          0x000001a7   Thumb Code     0  startup_lpc17xx.o(.text)
    I2C0_IRQHandler                          0x000001a7   Thumb Code     0  startup_lpc17xx.o(.text)
    I2C1_IRQHandler                          0x000001a7   Thumb Code     0  startup_lpc17xx.o(.text)
    I2C2_IRQHandler                          0x000001a7   Thumb Code     0  startup_lpc17xx.o(.text)
    I2S_IRQHandler                           0x000001a7   Thumb Code     0  startup_lpc17xx.o(.text)
    MCPWM_IRQHandler                         0x000001a7   Thumb Code     0  startup_lpc17xx.o(.text)
    PLL0_IRQHandler                          0x000001a7   Thumb Code     0  startup_lpc17xx.o(.text)
    PLL1_IRQHandler                          0x000001a7   Thumb Code     0  startup_lpc17xx.o(.text)
    PWM1_IRQHandler                          0x000001a7   Thumb Code     0  startup_lpc17xx.o(.text)
    QEI_IRQHandler                           0x000001a7   Thumb Code     0  startup_lpc17xx.o(.text)
    RIT_IRQHandler                           0x000001a7   Thumb Code     0  startup_lpc17xx.o(.text)
    RTC_IRQHandler                           0x000001a7   Thumb Code     0  startup_lpc17xx.o(.text)
    SPI_IRQHandler                           0x000001a7   Thumb Code     0  startup_lpc17xx.o(.text)
    SSP0_IRQHandler                          0x000001a7   Thumb Code     0  startup_lpc17xx.o(.text)
    TIMER0_IRQHandler                        0x000001a7   Thumb Code     0  startup_lpc17xx.o(.text)
    TIMER1_IRQHandler                        0x000001a7   Thumb Code     0  startup_lpc17xx.o(.text)
    TIMER2_IRQHandler                        0x000001a7   Thumb Code     0  startup_lpc17xx.o(.text)
    TIMER3_IRQHandler                        0x000001a7   Thumb Code     0  startup_lpc17xx.o(.text)
    UART0_IRQHandler                         0x000001a7   Thumb Code     0  startup_lpc17xx.o(.text)
    UART3_IRQHandler                         0x000001a7   Thumb Code     0  startup_lpc17xx.o(.text)
    USBActivity_IRQHandler                   0x000001a7   Thumb Code     0  startup_lpc17xx.o(.text)
    USB_IRQHandler                           0x000001a7   Thumb Code     0  startup_lpc17xx.o(.text)
    WDT_IRQHandler                           0x000001a7   Thumb Code     0  startup_lpc17xx.o(.text)
    __user_initial_stackheap                 0x000001a9   Thumb Code     0  startup_lpc17xx.o(.text)
    __aeabi_uldivmod                         0x000001c9   Thumb Code     0  lludivv7m.o(.text)
    _ll_udiv                                 0x000001c9   Thumb Code   238  lludivv7m.o(.text)
    __2sprintf                               0x000002b9   Thumb Code    34  noretval__2sprintf.o(.text)
    __use_two_region_memory                  0x000002e1   Thumb Code     2  heapauxi.o(.text)
    __rt_heap_escrow$2region                 0x000002e3   Thumb Code     2  heapauxi.o(.text)
    __rt_heap_expand$2region                 0x000002e5   Thumb Code     2  heapauxi.o(.text)
    __read_errno                             0x000002e7   Thumb Code    10  _rserrno.o(.text)
    __set_errno                              0x000002f1   Thumb Code    12  _rserrno.o(.text)
    __printf                                 0x00000301   Thumb Code   104  __printf.o(.text)
    __0sscanf                                0x00000369   Thumb Code    52  __0sscanf.o(.text)
    _scanf_int                               0x000003a5   Thumb Code   332  _scanf_int.o(.text)
    _scanf_string                            0x000004f1   Thumb Code   224  _scanf_str.o(.text)
    __aeabi_memclr4                          0x000005d1   Thumb Code     0  rt_memclr_w.o(.text)
    __aeabi_memclr8                          0x000005d1   Thumb Code     0  rt_memclr_w.o(.text)
    __rt_memclr_w                            0x000005d1   Thumb Code    78  rt_memclr_w.o(.text)
    _memset_w                                0x000005d5   Thumb Code     0  rt_memclr_w.o(.text)
    __lib_sel_fp_printf                      0x0000061f   Thumb Code     2  _printf_fp_dec.o(.text)
    _printf_fp_dec_real                      0x000007cd   Thumb Code   620  _printf_fp_dec.o(.text)
    _printf_char_common                      0x00000a43   Thumb Code    32  _printf_char_common.o(.text)
    _sputc                                   0x00000a69   Thumb Code    10  _sputc.o(.text)
    _chval                                   0x00000a73   Thumb Code    28  _chval.o(.text)
    __vfscanf_char                           0x00000a9d   Thumb Code    24  scanf_char.o(.text)
    _sgetc                                   0x00000abd   Thumb Code    30  _sgetc.o(.text)
    _sbackspace                              0x00000adb   Thumb Code    34  _sgetc.o(.text)
    __strtod_int                             0x00000b39   Thumb Code    88  strtod.o(.text)
    __rt_locale                              0x00000b9d   Thumb Code     8  rt_locale_intlibspace.o(.text)
    __aeabi_errno_addr                       0x00000ba5   Thumb Code     8  rt_errno_addr_intlibspace.o(.text)
    __errno$intlibspace                      0x00000ba5   Thumb Code     0  rt_errno_addr_intlibspace.o(.text)
    __rt_errno_addr$intlibspace              0x00000ba5   Thumb Code     0  rt_errno_addr_intlibspace.o(.text)
    _ll_udiv10                               0x00000bad   Thumb Code   138  lludiv10.o(.text)
    isspace                                  0x00000c37   Thumb Code    18  isspace.o(.text)
    _printf_fp_infnan                        0x00000c49   Thumb Code   112  _printf_fp_infnan.o(.text)
    __vfscanf                                0x00000cc9   Thumb Code   878  _scanf.o(.text)
    _btod_etento                             0x0000103d   Thumb Code   216  bigflt0.o(.text)
    __user_libspace                          0x00001119   Thumb Code     8  libspace.o(.text)
    __user_perproc_libspace                  0x00001119   Thumb Code     0  libspace.o(.text)
    __user_perthread_libspace                0x00001119   Thumb Code     0  libspace.o(.text)
    __user_setup_stackheap                   0x00001121   Thumb Code    74  sys_stackheap_outer.o(.text)
    __rt_ctype_table                         0x0000116d   Thumb Code    16  rt_ctype_table.o(.text)
    _scanf_really_real                       0x00001379   Thumb Code   668  scanf_fp.o(.text)
    exit                                     0x00001621   Thumb Code    18  exit.o(.text)
    strcmp                                   0x00001635   Thumb Code   128  strcmpv7m.o(.text)
    _sys_exit                                0x000016b5   Thumb Code     8  sys_exit.o(.text)
    _scanf_really_hex_real                   0x000016c1   Thumb Code   778  scanf_hexfp.o(.text)
    _scanf_really_infnan                     0x000019d9   Thumb Code   292  scanf_infnan.o(.text)
    __I$use$semihosting                      0x00001b0d   Thumb Code     0  use_no_semi.o(.text)
    __use_no_semihosting_swi                 0x00001b0d   Thumb Code     2  use_no_semi.o(.text)
    __aeabi_llsl                             0x00001b0f   Thumb Code     0  llshl.o(.text)
    __semihosting_library_function           0x00001b0f   Thumb Code     0  indicate_semi.o(.text)
    _ll_shift_l                              0x00001b0f   Thumb Code    38  llshl.o(.text)
    _btod_d2e                                0x00001b35   Thumb Code    62  btod.o(CL$$btod_d2e)
    _d2e_denorm_low                          0x00001b73   Thumb Code    70  btod.o(CL$$btod_d2e_denorm_low)
    _d2e_norm_op1                            0x00001bb9   Thumb Code    96  btod.o(CL$$btod_d2e_norm_op1)
    __btod_div_common                        0x00001c19   Thumb Code   696  btod.o(CL$$btod_div_common)
    _e2d                                     0x00001f51   Thumb Code    80  btod.o(CL$$btod_e2d)
    _e2e                                     0x00001fa5   Thumb Code   198  btod.o(CL$$btod_e2e)
    _btod_ediv                               0x0000206b   Thumb Code    40  btod.o(CL$$btod_ediv)
    _btod_edivd                              0x00002093   Thumb Code    40  btod.o(CL$$btod_edivd)
    _btod_emul                               0x000020bb   Thumb Code    40  btod.o(CL$$btod_emul)
    _btod_emuld                              0x000020e3   Thumb Code    40  btod.o(CL$$btod_emuld)
    __btod_mult_common                       0x0000210b   Thumb Code   580  btod.o(CL$$btod_mult_common)
    DMA_IRQHandler                           0x00002371   Thumb Code   372  gpdma_lpc17xx.o(i.DMA_IRQHandler)
    GLCD_ClearScreen                         0x000024f1   Thumb Code    44  glcd_mcb1700.o(i.GLCD_ClearScreen)
    GLCD_DrawHLine                           0x00002521   Thumb Code    56  glcd_mcb1700.o(i.GLCD_DrawHLine)
    GLCD_DrawRectangle                       0x0000255d   Thumb Code    58  glcd_mcb1700.o(i.GLCD_DrawRectangle)
    GLCD_DrawVLine                           0x00002599   Thumb Code    56  glcd_mcb1700.o(i.GLCD_DrawVLine)
    GLCD_Initialize                          0x000025d5   Thumb Code  1462  glcd_mcb1700.o(i.GLCD_Initialize)
    GLCD_SetFont                             0x00002b8d   Thumb Code    10  glcd_mcb1700.o(i.GLCD_SetFont)
    GLCD_SetWindow                           0x00002b9d   Thumb Code   168  glcd_mcb1700.o(i.GLCD_SetWindow)
    GLCD_WindowMax                           0x00002c49   Thumb Code    18  glcd_mcb1700.o(i.GLCD_WindowMax)
    GPDMA_ChannelConfigure                   0x00002c5d   Thumb Code   232  gpdma_lpc17xx.o(i.GPDMA_ChannelConfigure)
    GPDMA_ChannelDisable                     0x00002d51   Thumb Code    44  gpdma_lpc17xx.o(i.GPDMA_ChannelDisable)
    GPDMA_ChannelGetCount                    0x00002d81   Thumb Code    38  gpdma_lpc17xx.o(i.GPDMA_ChannelGetCount)
    GPDMA_Initialize                         0x00002db1   Thumb Code   154  gpdma_lpc17xx.o(i.GPDMA_Initialize)
    GPDMA_PeripheralSelect                   0x00002e61   Thumb Code    62  gpdma_lpc17xx.o(i.GPDMA_PeripheralSelect)
    GPDMA_Uninitialize                       0x00002ea5   Thumb Code   116  gpdma_lpc17xx.o(i.GPDMA_Uninitialize)
    GPIO_PinRead                             0x00002f25   Thumb Code    28  gpio_lpc17xx.o(i.GPIO_PinRead)
    GPIO_PinWrite                            0x00002f45   Thumb Code    36  gpio_lpc17xx.o(i.GPIO_PinWrite)
    GPIO_PortClock                           0x00002f6d   Thumb Code    38  gpio_lpc17xx.o(i.GPIO_PortClock)
    GPIO_SetDir                              0x00002f99   Thumb Code    52  gpio_lpc17xx.o(i.GPIO_SetDir)
    PIN_Configure                            0x00003059   Thumb Code   246  pin_lpc17xx.o(i.PIN_Configure)
    SSP1_GPDMA_Rx_SignalEvent                0x0000316d   Thumb Code    14  ssp_lpc17xx.o(i.SSP1_GPDMA_Rx_SignalEvent)
    SSP1_GPDMA_Tx_SignalEvent                0x00003181   Thumb Code    14  ssp_lpc17xx.o(i.SSP1_GPDMA_Tx_SignalEvent)
    SSP1_IRQHandler                          0x000031b5   Thumb Code    10  ssp_lpc17xx.o(i.SSP1_IRQHandler)
    SSPx_GPDMA_Rx_SignalEvent                0x00003783   Thumb Code    54  ssp_lpc17xx.o(i.SSPx_GPDMA_Rx_SignalEvent)
    SSPx_GPDMA_Tx_SignalEvent                0x000037b9   Thumb Code    28  ssp_lpc17xx.o(i.SSPx_GPDMA_Tx_SignalEvent)
    SystemInit                               0x00004071   Thumb Code   302  system_lpc17xx.o(i.SystemInit)
    UART1_IRQHandler                         0x000041b1   Thumb Code    10  uart_lpc17xx.o(i.UART1_IRQHandler)
    UART2_IRQHandler                         0x000041c1   Thumb Code    10  uart_lpc17xx.o(i.UART2_IRQHandler)
    USART1_GPDMA_Rx_Event                    0x000041e9   Thumb Code    14  uart_lpc17xx.o(i.USART1_GPDMA_Rx_Event)
    USART1_GPDMA_Tx_Event                    0x000041fd   Thumb Code    14  uart_lpc17xx.o(i.USART1_GPDMA_Tx_Event)
    USART2_GPDMA_Rx_Event                    0x00004311   Thumb Code    14  uart_lpc17xx.o(i.USART2_GPDMA_Rx_Event)
    USART2_GPDMA_Tx_Event                    0x00004325   Thumb Code    14  uart_lpc17xx.o(i.USART2_GPDMA_Tx_Event)
    USART_SetBaudrate                        0x00005619   Thumb Code   302  uart_lpc17xx.o(i.USART_SetBaudrate)
    __ARM_fpclassify                         0x00005959   Thumb Code    40  fpclassify.o(i.__ARM_fpclassify)
    __mathlib_dbl_overflow                   0x000059d5   Thumb Code    14  dunder.o(i.__mathlib_dbl_overflow)
    __mathlib_dbl_underflow                  0x000059e5   Thumb Code    10  dunder.o(i.__mathlib_dbl_underflow)
    __mathlib_narrow                         0x000059f5   Thumb Code    16  narrow.o(i.__mathlib_narrow)
    __mathlib_tofloat                        0x00005a05   Thumb Code   132  narrow.o(i.__mathlib_tofloat)
    __support_ldexp                          0x00005a8d   Thumb Code    22  ldexp.o(i.__support_ldexp)
    _is_digit                                0x00005aa3   Thumb Code    14  __printf_wp.o(i._is_digit)
    atof                                     0x00005ab1   Thumb Code    42  atof.o(i.atof)
    frexp                                    0x00005b09   Thumb Code    80  frexp.o(i.frexp)
    ldexp                                    0x00005b61   Thumb Code   116  ldexp.o(i.ldexp)
    main                                     0x00005bd5   Thumb Code   550  gps.o(i.main)
    _get_lc_numeric                          0x00006185   Thumb Code    44  lc_numeric_c.o(locale$$code)
    _get_lc_ctype                            0x000061b1   Thumb Code    44  lc_ctype_c.o(locale$$code)
    __aeabi_d2f                              0x000061dd   Thumb Code     0  d2f.o(x$fpl$d2f)
    _d2f                                     0x000061dd   Thumb Code    98  d2f.o(x$fpl$d2f)
    __fpl_dcheck_NaN1                        0x00006241   Thumb Code    10  dcheck1.o(x$fpl$dcheck1)
    __fpl_dcmp_Inf                           0x00006251   Thumb Code    24  dcmpi.o(x$fpl$dcmpinf)
    __aeabi_cdcmpeq                          0x00006269   Thumb Code     0  deqf.o(x$fpl$deqf)
    _dcmpeq                                  0x00006269   Thumb Code   120  deqf.o(x$fpl$deqf)
    __aeabi_d2iz                             0x000062e1   Thumb Code     0  dfix.o(x$fpl$dfix)
    _dfix                                    0x000062e1   Thumb Code    94  dfix.o(x$fpl$dfix)
    __aeabi_i2d                              0x0000633f   Thumb Code     0  dflt_clz.o(x$fpl$dflt)
    _dflt                                    0x0000633f   Thumb Code    46  dflt_clz.o(x$fpl$dflt)
    __aeabi_cdcmple                          0x0000636d   Thumb Code     0  dleqf.o(x$fpl$dleqf)
    _dcmple                                  0x0000636d   Thumb Code   120  dleqf.o(x$fpl$dleqf)
    __fpl_dcmple_InfNaN                      0x000063cf   Thumb Code     0  dleqf.o(x$fpl$dleqf)
    __aeabi_dmul                             0x000063e5   Thumb Code     0  dmul.o(x$fpl$dmul)
    _dmul                                    0x000063e5   Thumb Code   332  dmul.o(x$fpl$dmul)
    __fpl_dnaninf                            0x00006539   Thumb Code   156  dnaninf.o(x$fpl$dnaninf)
    __fpl_dretinf                            0x000065d5   Thumb Code    12  dretinf.o(x$fpl$dretinf)
    __aeabi_cdrcmple                         0x000065e1   Thumb Code     0  drleqf.o(x$fpl$drleqf)
    _drcmple                                 0x000065e1   Thumb Code   108  drleqf.o(x$fpl$drleqf)
    __aeabi_f2d                              0x0000664d   Thumb Code     0  f2d.o(x$fpl$f2d)
    _f2d                                     0x0000664d   Thumb Code    86  f2d.o(x$fpl$f2d)
    __fpl_fnaninf                            0x000066a3   Thumb Code   140  fnaninf.o(x$fpl$fnaninf)
    __fpl_fretinf                            0x0000672f   Thumb Code    10  fretinf.o(x$fpl$fretinf)
    _printf_fp_dec                           0x00006739   Thumb Code     4  printf1.o(x$fpl$printf1)
    __fpl_return_NaN                         0x0000673d   Thumb Code   100  retnan.o(x$fpl$retnan)
    __ARM_scalbn                             0x000067a1   Thumb Code    92  scalbn.o(x$fpl$scalbn)
    _scanf_real                              0x000067fd   Thumb Code     4  scanf1.o(x$fpl$scanf1)
    _scanf_hex_real                          0x00006801   Thumb Code     4  scanf2.o(x$fpl$scanf2)
    _scanf_infnan                            0x00006805   Thumb Code     4  scanf2.o(x$fpl$scanf2)
    __fpl_cmpreturn                          0x00006809   Thumb Code    48  trapv.o(x$fpl$trapveneer)
    __I$use$fp                               0x00006838   Number         0  usenofp.o(x$fpl$usenofp)
    GLCD_Font_6x8                            0x000080b8   Data          16  glcd_fonts.o(.constdata)
    GLCD_Font_16x24                          0x000080c8   Data          16  glcd_fonts.o(.constdata)
    Driver_SPI1                              0x00008128   Data          44  ssp_lpc17xx.o(.constdata)
    Driver_USART1                            0x00008360   Data          56  uart_lpc17xx.o(.constdata)
    Driver_USART2                            0x00008398   Data          56  uart_lpc17xx.o(.constdata)
    Region$$Table$$Base                      0x00008464   Number         0  anon$$obj.o(Region$$Table)
    Region$$Table$$Limit                     0x00008484   Number         0  anon$$obj.o(Region$$Table)
    __aeabi_HUGE_VAL                         0x00008484   Data           0  fpconst.o(c$$dinf)
    __aeabi_HUGE_VALL                        0x00008484   Data           0  fpconst.o(c$$dinf)
    __aeabi_INFINITY                         0x00008484   Data           0  fpconst.o(c$$dinf)
    __dInf                                   0x00008484   Data           0  fpconst.o(c$$dinf)
    __huge_val                               0x00008484   Data           0  fpconst.o(c$$dinf)
    __ctype                                  0x000084b5   Data           0  lc_ctype_c.o(locale$$data)
    SystemCoreClock                          0x10000034   Data           4  system_lpc17xx.o(.data)
    __libspace_start                         0x10000168   Data          96  libspace.o(.bss)
    __temporary_stack_top$libspace           0x100001c8   Data           0  libspace.o(.bss)



==============================================================================

Memory Map of the image

  Image Entry point : 0x0000018d

  Load Region LR_1 (Base: 0x00000000, Size: 0x000085f0, Max: 0xffffffff, ABSOLUTE)

    Execution Region ER_RO (Base: 0x00000000, Size: 0x000085b8, Max: 0xffffffff, ABSOLUTE)

    Base Addr    Size         Type   Attr      Idx    E Section Name        Object

    0x00000000   0x000000cc   Data   RO          951    RESET               startup_lpc17xx.o
    0x000000cc   0x00000008   Code   RO         1037  * !!!main             c_w.l(__main.o)
    0x000000d4   0x00000034   Code   RO         1393    !!!scatter          c_w.l(__scatter.o)
    0x00000108   0x0000001a   Code   RO         1395    !!handler_copy      c_w.l(__scatter_copy.o)
    0x00000122   0x00000002   PAD
    0x00000124   0x0000001c   Code   RO         1397    !!handler_zi        c_w.l(__scatter_zi.o)
    0x00000140   0x00000000   Code   RO         1026    .ARM.Collect$$_printf_percent$$00000000  c_w.l(_printf_percent.o)
    0x00000140   0x00000006   Code   RO         1025    .ARM.Collect$$_printf_percent$$00000003  c_w.l(_printf_f.o)
    0x00000146   0x00000004   Code   RO         1074    .ARM.Collect$$_printf_percent$$00000017  c_w.l(_printf_percent_end.o)
    0x0000014a   0x00000002   Code   RO         1185    .ARM.Collect$$libinit$$00000000  c_w.l(libinit.o)
    0x0000014c   0x00000000   Code   RO         1187    .ARM.Collect$$libinit$$00000002  c_w.l(libinit2.o)
    0x0000014c   0x00000000   Code   RO         1189    .ARM.Collect$$libinit$$00000004  c_w.l(libinit2.o)
    0x0000014c   0x00000000   Code   RO         1192    .ARM.Collect$$libinit$$0000000A  c_w.l(libinit2.o)
    0x0000014c   0x00000000   Code   RO         1194    .ARM.Collect$$libinit$$0000000C  c_w.l(libinit2.o)
    0x0000014c   0x00000000   Code   RO         1196    .ARM.Collect$$libinit$$0000000E  c_w.l(libinit2.o)
    0x0000014c   0x00000006   Code   RO         1197    .ARM.Collect$$libinit$$0000000F  c_w.l(libinit2.o)
    0x00000152   0x00000000   Code   RO         1199    .ARM.Collect$$libinit$$00000011  c_w.l(libinit2.o)
    0x00000152   0x0000000c   Code   RO         1200    .ARM.Collect$$libinit$$00000012  c_w.l(libinit2.o)
    0x0000015e   0x00000000   Code   RO         1201    .ARM.Collect$$libinit$$00000013  c_w.l(libinit2.o)
    0x0000015e   0x00000000   Code   RO         1203    .ARM.Collect$$libinit$$00000015  c_w.l(libinit2.o)
    0x0000015e   0x0000000a   Code   RO         1204    .ARM.Collect$$libinit$$00000016  c_w.l(libinit2.o)
    0x00000168   0x00000000   Code   RO         1205    .ARM.Collect$$libinit$$00000017  c_w.l(libinit2.o)
    0x00000168   0x00000000   Code   RO         1207    .ARM.Collect$$libinit$$00000019  c_w.l(libinit2.o)
    0x00000168   0x00000000   Code   RO         1209    .ARM.Collect$$libinit$$0000001B  c_w.l(libinit2.o)
    0x00000168   0x00000000   Code   RO         1211    .ARM.Collect$$libinit$$0000001D  c_w.l(libinit2.o)
    0x00000168   0x00000000   Code   RO         1213    .ARM.Collect$$libinit$$0000001F  c_w.l(libinit2.o)
    0x00000168   0x00000000   Code   RO         1215    .ARM.Collect$$libinit$$00000021  c_w.l(libinit2.o)
    0x00000168   0x00000000   Code   RO         1217    .ARM.Collect$$libinit$$00000023  c_w.l(libinit2.o)
    0x00000168   0x00000000   Code   RO         1219    .ARM.Collect$$libinit$$00000025  c_w.l(libinit2.o)
    0x00000168   0x00000000   Code   RO         1223    .ARM.Collect$$libinit$$0000002C  c_w.l(libinit2.o)
    0x00000168   0x00000000   Code   RO         1225    .ARM.Collect$$libinit$$0000002E  c_w.l(libinit2.o)
    0x00000168   0x00000000   Code   RO         1227    .ARM.Collect$$libinit$$00000030  c_w.l(libinit2.o)
    0x00000168   0x00000000   Code   RO         1229    .ARM.Collect$$libinit$$00000032  c_w.l(libinit2.o)
    0x00000168   0x00000002   Code   RO         1230    .ARM.Collect$$libinit$$00000033  c_w.l(libinit2.o)
    0x0000016a   0x00000002   Code   RO         1309    .ARM.Collect$$libshutdown$$00000000  c_w.l(libshutdown.o)
    0x0000016c   0x00000000   Code   RO         1345    .ARM.Collect$$libshutdown$$00000002  c_w.l(libshutdown2.o)
    0x0000016c   0x00000000   Code   RO         1347    .ARM.Collect$$libshutdown$$00000004  c_w.l(libshutdown2.o)
    0x0000016c   0x00000000   Code   RO         1350    .ARM.Collect$$libshutdown$$00000007  c_w.l(libshutdown2.o)
    0x0000016c   0x00000000   Code   RO         1353    .ARM.Collect$$libshutdown$$0000000A  c_w.l(libshutdown2.o)
    0x0000016c   0x00000000   Code   RO         1355    .ARM.Collect$$libshutdown$$0000000C  c_w.l(libshutdown2.o)
    0x0000016c   0x00000000   Code   RO         1358    .ARM.Collect$$libshutdown$$0000000F  c_w.l(libshutdown2.o)
    0x0000016c   0x00000002   Code   RO         1359    .ARM.Collect$$libshutdown$$00000010  c_w.l(libshutdown2.o)
    0x0000016e   0x00000000   Code   RO         1061    .ARM.Collect$$rtentry$$00000000  c_w.l(__rtentry.o)
    0x0000016e   0x00000000   Code   RO         1093    .ARM.Collect$$rtentry$$00000002  c_w.l(__rtentry2.o)
    0x0000016e   0x00000006   Code   RO         1105    .ARM.Collect$$rtentry$$00000004  c_w.l(__rtentry4.o)
    0x00000174   0x00000000   Code   RO         1095    .ARM.Collect$$rtentry$$00000009  c_w.l(__rtentry2.o)
    0x00000174   0x00000004   Code   RO         1096    .ARM.Collect$$rtentry$$0000000A  c_w.l(__rtentry2.o)
    0x00000178   0x00000000   Code   RO         1098    .ARM.Collect$$rtentry$$0000000C  c_w.l(__rtentry2.o)
    0x00000178   0x00000008   Code   RO         1099    .ARM.Collect$$rtentry$$0000000D  c_w.l(__rtentry2.o)
    0x00000180   0x00000002   Code   RO         1231    .ARM.Collect$$rtexit$$00000000  c_w.l(rtexit.o)
    0x00000182   0x00000000   Code   RO         1264    .ARM.Collect$$rtexit$$00000002  c_w.l(rtexit2.o)
    0x00000182   0x00000004   Code   RO         1265    .ARM.Collect$$rtexit$$00000003  c_w.l(rtexit2.o)
    0x00000186   0x00000006   Code   RO         1266    .ARM.Collect$$rtexit$$00000004  c_w.l(rtexit2.o)
    0x0000018c   0x0000003c   Code   RO          953  * .text               startup_lpc17xx.o
    0x000001c8   0x000000ee   Code   RO          997    .text               c_w.l(lludivv7m.o)
    0x000002b6   0x00000002   PAD
    0x000002b8   0x00000028   Code   RO         1001    .text               c_w.l(noretval__2sprintf.o)
    0x000002e0   0x00000006   Code   RO         1035    .text               c_w.l(heapauxi.o)
    0x000002e6   0x00000016   Code   RO         1066    .text               c_w.l(_rserrno.o)
    0x000002fc   0x00000004   Code   RO          952    .ARM.__at_0x02FC    startup_lpc17xx.o
    0x00000300   0x00000068   Code   RO         1003    .text               c_w.l(__printf.o)
    0x00000368   0x0000003c   Code   RO         1027    .text               c_w.l(__0sscanf.o)
    0x000003a4   0x0000014c   Code   RO         1029    .text               c_w.l(_scanf_int.o)
    0x000004f0   0x000000e0   Code   RO         1031    .text               c_w.l(_scanf_str.o)
    0x000005d0   0x0000004e   Code   RO         1033    .text               c_w.l(rt_memclr_w.o)
    0x0000061e   0x0000041a   Code   RO         1068    .text               c_w.l(_printf_fp_dec.o)
    0x00000a38   0x00000030   Code   RO         1070    .text               c_w.l(_printf_char_common.o)
    0x00000a68   0x0000000a   Code   RO         1072    .text               c_w.l(_sputc.o)
    0x00000a72   0x0000001c   Code   RO         1075    .text               c_w.l(_chval.o)
    0x00000a8e   0x00000002   PAD
    0x00000a90   0x0000002c   Code   RO         1077    .text               c_w.l(scanf_char.o)
    0x00000abc   0x00000040   Code   RO         1079    .text               c_w.l(_sgetc.o)
    0x00000afc   0x000000a0   Code   RO         1081    .text               c_w.l(strtod.o)
    0x00000b9c   0x00000008   Code   RO         1112    .text               c_w.l(rt_locale_intlibspace.o)
    0x00000ba4   0x00000008   Code   RO         1117    .text               c_w.l(rt_errno_addr_intlibspace.o)
    0x00000bac   0x0000008a   Code   RO         1119    .text               c_w.l(lludiv10.o)
    0x00000c36   0x00000012   Code   RO         1121    .text               c_w.l(isspace.o)
    0x00000c48   0x00000080   Code   RO         1123    .text               c_w.l(_printf_fp_infnan.o)
    0x00000cc8   0x00000374   Code   RO         1127    .text               c_w.l(_scanf.o)
    0x0000103c   0x000000dc   Code   RO         1129    .text               c_w.l(bigflt0.o)
    0x00001118   0x00000008   Code   RO         1163    .text               c_w.l(libspace.o)
    0x00001120   0x0000004a   Code   RO         1166    .text               c_w.l(sys_stackheap_outer.o)
    0x0000116a   0x00000002   PAD
    0x0000116c   0x00000010   Code   RO         1168    .text               c_w.l(rt_ctype_table.o)
    0x0000117c   0x000004a4   Code   RO         1170    .text               c_w.l(scanf_fp.o)
    0x00001620   0x00000012   Code   RO         1172    .text               c_w.l(exit.o)
    0x00001632   0x00000002   PAD
    0x00001634   0x00000080   Code   RO         1178    .text               c_w.l(strcmpv7m.o)
    0x000016b4   0x0000000c   Code   RO         1261    .text               c_w.l(sys_exit.o)
    0x000016c0   0x00000318   Code   RO         1270    .text               c_w.l(scanf_hexfp.o)
    0x000019d8   0x00000134   Code   RO         1272    .text               c_w.l(scanf_infnan.o)
    0x00001b0c   0x00000002   Code   RO         1294    .text               c_w.l(use_no_semi.o)
    0x00001b0e   0x00000000   Code   RO         1296    .text               c_w.l(indicate_semi.o)
    0x00001b0e   0x00000026   Code   RO         1299    .text               c_w.l(llshl.o)
    0x00001b34   0x0000003e   Code   RO         1132    CL$$btod_d2e        c_w.l(btod.o)
    0x00001b72   0x00000046   Code   RO         1134    CL$$btod_d2e_denorm_low  c_w.l(btod.o)
    0x00001bb8   0x00000060   Code   RO         1133    CL$$btod_d2e_norm_op1  c_w.l(btod.o)
    0x00001c18   0x00000338   Code   RO         1142    CL$$btod_div_common  c_w.l(btod.o)
    0x00001f50   0x00000054   Code   RO         1140    CL$$btod_e2d        c_w.l(btod.o)
    0x00001fa4   0x000000c6   Code   RO         1139    CL$$btod_e2e        c_w.l(btod.o)
    0x0000206a   0x00000028   Code   RO         1136    CL$$btod_ediv       c_w.l(btod.o)
    0x00002092   0x00000028   Code   RO         1138    CL$$btod_edivd      c_w.l(btod.o)
    0x000020ba   0x00000028   Code   RO         1135    CL$$btod_emul       c_w.l(btod.o)
    0x000020e2   0x00000028   Code   RO         1137    CL$$btod_emuld      c_w.l(btod.o)
    0x0000210a   0x00000244   Code   RO         1141    CL$$btod_mult_common  c_w.l(btod.o)
    0x0000234e   0x00000002   PAD
    0x00002350   0x00000020   Code   RO          772    i.Clear_Channel_active_flag  gpdma_lpc17xx.o
    0x00002370   0x00000180   Code   RO          773    i.DMA_IRQHandler    gpdma_lpc17xx.o
    0x000024f0   0x00000030   Code   RO           56    i.GLCD_ClearScreen  glcd_mcb1700.o
    0x00002520   0x0000003c   Code   RO           60    i.GLCD_DrawHLine    glcd_mcb1700.o
    0x0000255c   0x0000003a   Code   RO           62    i.GLCD_DrawRectangle  glcd_mcb1700.o
    0x00002596   0x00000002   PAD
    0x00002598   0x0000003c   Code   RO           64    i.GLCD_DrawVLine    glcd_mcb1700.o
    0x000025d4   0x000005b6   Code   RO           67    i.GLCD_Initialize   glcd_mcb1700.o
    0x00002b8a   0x00000002   PAD
    0x00002b8c   0x00000010   Code   RO           69    i.GLCD_SetFont      glcd_mcb1700.o
    0x00002b9c   0x000000ac   Code   RO           71    i.GLCD_SetWindow    glcd_mcb1700.o
    0x00002c48   0x00000012   Code   RO           74    i.GLCD_WindowMax    glcd_mcb1700.o
    0x00002c5a   0x00000002   PAD
    0x00002c5c   0x000000f4   Code   RO          774    i.GPDMA_ChannelConfigure  gpdma_lpc17xx.o
    0x00002d50   0x00000030   Code   RO          775    i.GPDMA_ChannelDisable  gpdma_lpc17xx.o
    0x00002d80   0x00000030   Code   RO          777    i.GPDMA_ChannelGetCount  gpdma_lpc17xx.o
    0x00002db0   0x000000b0   Code   RO          779    i.GPDMA_Initialize  gpdma_lpc17xx.o
    0x00002e60   0x00000044   Code   RO          780    i.GPDMA_PeripheralSelect  gpdma_lpc17xx.o
    0x00002ea4   0x00000080   Code   RO          781    i.GPDMA_Uninitialize  gpdma_lpc17xx.o
    0x00002f24   0x00000020   Code   RO          862    i.GPIO_PinRead      gpio_lpc17xx.o
    0x00002f44   0x00000028   Code   RO          863    i.GPIO_PinWrite     gpio_lpc17xx.o
    0x00002f6c   0x0000002c   Code   RO          864    i.GPIO_PortClock    gpio_lpc17xx.o
    0x00002f98   0x00000038   Code   RO          867    i.GPIO_SetDir       gpio_lpc17xx.o
    0x00002fd0   0x00000044   Code   RO          284    i.GetSSPClockFreq   ssp_lpc17xx.o
    0x00003014   0x00000044   Code   RO          474    i.GetUsartClockFreq  uart_lpc17xx.o
    0x00003058   0x000000fc   Code   RO          916    i.PIN_Configure     pin_lpc17xx.o
    0x00003154   0x00000018   Code   RO          285    i.SSP1_Control      ssp_lpc17xx.o
    0x0000316c   0x00000014   Code   RO          286    i.SSP1_GPDMA_Rx_SignalEvent  ssp_lpc17xx.o
    0x00003180   0x00000014   Code   RO          287    i.SSP1_GPDMA_Tx_SignalEvent  ssp_lpc17xx.o
    0x00003194   0x00000010   Code   RO          288    i.SSP1_GetDataCount  ssp_lpc17xx.o
    0x000031a4   0x00000010   Code   RO          289    i.SSP1_GetStatus    ssp_lpc17xx.o
    0x000031b4   0x00000010   Code   RO          290    i.SSP1_IRQHandler   ssp_lpc17xx.o
    0x000031c4   0x00000014   Code   RO          291    i.SSP1_Initialize   ssp_lpc17xx.o
    0x000031d8   0x00000014   Code   RO          292    i.SSP1_PowerControl  ssp_lpc17xx.o
    0x000031ec   0x00000018   Code   RO          293    i.SSP1_Receive      ssp_lpc17xx.o
    0x00003204   0x00000018   Code   RO          294    i.SSP1_Send         ssp_lpc17xx.o
    0x0000321c   0x0000001c   Code   RO          295    i.SSP1_Transfer     ssp_lpc17xx.o
    0x00003238   0x00000010   Code   RO          296    i.SSP1_Uninitialize  ssp_lpc17xx.o
    0x00003248   0x0000000c   Code   RO          297    i.SSP_GetCapabilities  ssp_lpc17xx.o
    0x00003254   0x00000010   Code   RO          298    i.SSP_GetVersion    ssp_lpc17xx.o
    0x00003264   0x0000051e   Code   RO          299    i.SSPx_Control      ssp_lpc17xx.o
    0x00003782   0x00000036   Code   RO          300    i.SSPx_GPDMA_Rx_SignalEvent  ssp_lpc17xx.o
    0x000037b8   0x0000001c   Code   RO          301    i.SSPx_GPDMA_Tx_SignalEvent  ssp_lpc17xx.o
    0x000037d4   0x0000002c   Code   RO          302    i.SSPx_GetDataCount  ssp_lpc17xx.o
    0x00003800   0x0000005a   Code   RO          303    i.SSPx_GetStatus    ssp_lpc17xx.o
    0x0000385a   0x00000104   Code   RO          304    i.SSPx_IRQHandler   ssp_lpc17xx.o
    0x0000395e   0x000000a8   Code   RO          305    i.SSPx_Initialize   ssp_lpc17xx.o
    0x00003a06   0x00000002   PAD
    0x00003a08   0x000001bc   Code   RO          306    i.SSPx_PowerControl  ssp_lpc17xx.o
    0x00003bc4   0x0000015c   Code   RO          307    i.SSPx_Receive      ssp_lpc17xx.o
    0x00003d20   0x00000154   Code   RO          308    i.SSPx_Send         ssp_lpc17xx.o
    0x00003e74   0x00000152   Code   RO          309    i.SSPx_Transfer     ssp_lpc17xx.o
    0x00003fc6   0x00000070   Code   RO          310    i.SSPx_Uninitialize  ssp_lpc17xx.o
    0x00004036   0x00000002   PAD
    0x00004038   0x00000038   Code   RO          782    i.Set_Channel_active_flag  gpdma_lpc17xx.o
    0x00004070   0x00000140   Code   RO          963    i.SystemInit        system_lpc17xx.o
    0x000041b0   0x00000010   Code   RO          475    i.UART1_IRQHandler  uart_lpc17xx.o
    0x000041c0   0x00000010   Code   RO          476    i.UART2_IRQHandler  uart_lpc17xx.o
    0x000041d0   0x00000018   Code   RO          477    i.USART1_Control    uart_lpc17xx.o
    0x000041e8   0x00000014   Code   RO          478    i.USART1_GPDMA_Rx_Event  uart_lpc17xx.o
    0x000041fc   0x00000014   Code   RO          479    i.USART1_GPDMA_Tx_Event  uart_lpc17xx.o
    0x00004210   0x00000010   Code   RO          480    i.USART1_GetCapabilities  uart_lpc17xx.o
    0x00004220   0x00000010   Code   RO          481    i.USART1_GetModemStatus  uart_lpc17xx.o
    0x00004230   0x00000010   Code   RO          482    i.USART1_GetRxCount  uart_lpc17xx.o
    0x00004240   0x00000010   Code   RO          483    i.USART1_GetStatus  uart_lpc17xx.o
    0x00004250   0x00000010   Code   RO          484    i.USART1_GetTxCount  uart_lpc17xx.o
    0x00004260   0x00000014   Code   RO          485    i.USART1_Initialize  uart_lpc17xx.o
    0x00004274   0x00000014   Code   RO          486    i.USART1_PowerControl  uart_lpc17xx.o
    0x00004288   0x00000018   Code   RO          487    i.USART1_Receive    uart_lpc17xx.o
    0x000042a0   0x00000018   Code   RO          488    i.USART1_Send       uart_lpc17xx.o
    0x000042b8   0x00000014   Code   RO          489    i.USART1_SetModemControl  uart_lpc17xx.o
    0x000042cc   0x0000001c   Code   RO          490    i.USART1_Transfer   uart_lpc17xx.o
    0x000042e8   0x00000010   Code   RO          491    i.USART1_Uninitialize  uart_lpc17xx.o
    0x000042f8   0x00000018   Code   RO          492    i.USART2_Control    uart_lpc17xx.o
    0x00004310   0x00000014   Code   RO          493    i.USART2_GPDMA_Rx_Event  uart_lpc17xx.o
    0x00004324   0x00000014   Code   RO          494    i.USART2_GPDMA_Tx_Event  uart_lpc17xx.o
    0x00004338   0x00000010   Code   RO          495    i.USART2_GetCapabilities  uart_lpc17xx.o
    0x00004348   0x00000010   Code   RO          496    i.USART2_GetModemStatus  uart_lpc17xx.o
    0x00004358   0x00000010   Code   RO          497    i.USART2_GetRxCount  uart_lpc17xx.o
    0x00004368   0x00000010   Code   RO          498    i.USART2_GetStatus  uart_lpc17xx.o
    0x00004378   0x00000010   Code   RO          499    i.USART2_GetTxCount  uart_lpc17xx.o
    0x00004388   0x00000014   Code   RO          500    i.USART2_Initialize  uart_lpc17xx.o
    0x0000439c   0x00000014   Code   RO          501    i.USART2_PowerControl  uart_lpc17xx.o
    0x000043b0   0x00000018   Code   RO          502    i.USART2_Receive    uart_lpc17xx.o
    0x000043c8   0x00000018   Code   RO          503    i.USART2_Send       uart_lpc17xx.o
    0x000043e0   0x00000014   Code   RO          504    i.USART2_SetModemControl  uart_lpc17xx.o
    0x000043f4   0x0000001c   Code   RO          505    i.USART2_Transfer   uart_lpc17xx.o
    0x00004410   0x00000010   Code   RO          506    i.USART2_Uninitialize  uart_lpc17xx.o
    0x00004420   0x00000670   Code   RO          507    i.USART_Control     uart_lpc17xx.o
    0x00004a90   0x00000086   Code   RO          508    i.USART_GPDMA_Rx_Event  uart_lpc17xx.o
    0x00004b16   0x0000004a   Code   RO          509    i.USART_GPDMA_Tx_Event  uart_lpc17xx.o
    0x00004b60   0x00000006   Code   RO          510    i.USART_GetCapabilities  uart_lpc17xx.o
    0x00004b66   0x000000ec   Code   RO          511    i.USART_GetModemStatus  uart_lpc17xx.o
    0x00004c52   0x0000001c   Code   RO          512    i.USART_GetRxCount  uart_lpc17xx.o
    0x00004c6e   0x000000bc   Code   RO          513    i.USART_GetStatus   uart_lpc17xx.o
    0x00004d2a   0x0000001c   Code   RO          514    i.USART_GetTxCount  uart_lpc17xx.o
    0x00004d46   0x0000026c   Code   RO          515    i.USART_IRQHandler  uart_lpc17xx.o
    0x00004fb2   0x000000fe   Code   RO          516    i.USART_Initialize  uart_lpc17xx.o
    0x000050b0   0x00000254   Code   RO          517    i.USART_PowerControl  uart_lpc17xx.o
    0x00005304   0x00000110   Code   RO          518    i.USART_Receive     uart_lpc17xx.o
    0x00005414   0x00000068   Code   RO          519    i.USART_RxLineIntHandler  uart_lpc17xx.o
    0x0000547c   0x0000019c   Code   RO          520    i.USART_Send        uart_lpc17xx.o
    0x00005618   0x00000134   Code   RO          521    i.USART_SetBaudrate  uart_lpc17xx.o
    0x0000574c   0x000000a0   Code   RO          522    i.USART_SetModemControl  uart_lpc17xx.o
    0x000057ec   0x0000007a   Code   RO          523    i.USART_Transfer    uart_lpc17xx.o
    0x00005866   0x000000e2   Code   RO          524    i.USART_Uninitialize  uart_lpc17xx.o
    0x00005948   0x00000010   Code   RO          525    i.USARTx_GetVersion  uart_lpc17xx.o
    0x00005958   0x00000028   Code   RO         1161    i.__ARM_fpclassify  m_ws.l(fpclassify.o)
    0x00005980   0x0000001c   Code   RO          311    i.__NVIC_ClearPendingIRQ  ssp_lpc17xx.o
    0x0000599c   0x0000001c   Code   RO          526    i.__NVIC_ClearPendingIRQ  uart_lpc17xx.o
    0x000059b8   0x0000001c   Code   RO          783    i.__NVIC_ClearPendingIRQ  gpdma_lpc17xx.o
    0x000059d4   0x0000000e   Code   RO         1366    i.__mathlib_dbl_overflow  m_ws.l(dunder.o)
    0x000059e2   0x00000002   PAD
    0x000059e4   0x00000010   Code   RO         1368    i.__mathlib_dbl_underflow  m_ws.l(dunder.o)
    0x000059f4   0x00000010   Code   RO         1255    i.__mathlib_narrow  m_ws.l(narrow.o)
    0x00005a04   0x00000088   Code   RO         1256    i.__mathlib_tofloat  m_ws.l(narrow.o)
    0x00005a8c   0x00000016   Code   RO         1317    i.__support_ldexp   m_ws.l(ldexp.o)
    0x00005aa2   0x0000000e   Code   RO         1015    i._is_digit         c_w.l(__printf_wp.o)
    0x00005ab0   0x0000002a   Code   RO         1058    i.atof              m_ws.l(atof.o)
    0x00005ada   0x00000002   PAD
    0x00005adc   0x0000002c   Code   RO           75    i.delay_ms          glcd_mcb1700.o
    0x00005b08   0x00000058   Code   RO         1287    i.frexp             m_ws.l(frexp.o)
    0x00005b60   0x00000074   Code   RO         1318    i.ldexp             m_ws.l(ldexp.o)
    0x00005bd4   0x000002a4   Code   RO            1    i.main              gps.o
    0x00005e78   0x00000044   Code   RO           76    i.rd_dat            glcd_mcb1700.o
    0x00005ebc   0x000000c8   Code   RO           77    i.rd_id_man         glcd_mcb1700.o
    0x00005f84   0x00000010   Code   RO           78    i.rd_reg            glcd_mcb1700.o
    0x00005f94   0x0000002c   Code   RO           79    i.spi_tran          glcd_mcb1700.o
    0x00005fc0   0x00000088   Code   RO           80    i.spi_tran_man      glcd_mcb1700.o
    0x00006048   0x0000004c   Code   RO           81    i.wr_cmd            glcd_mcb1700.o
    0x00006094   0x00000034   Code   RO           83    i.wr_dat_only       glcd_mcb1700.o
    0x000060c8   0x00000018   Code   RO           84    i.wr_dat_start      glcd_mcb1700.o
    0x000060e0   0x00000014   Code   RO           85    i.wr_dat_stop       glcd_mcb1700.o
    0x000060f4   0x00000090   Code   RO           86    i.wr_reg            glcd_mcb1700.o
    0x00006184   0x0000002c   Code   RO         1155    locale$$code        c_w.l(lc_numeric_c.o)
    0x000061b0   0x0000002c   Code   RO         1236    locale$$code        c_w.l(lc_ctype_c.o)
    0x000061dc   0x00000062   Code   RO         1039    x$fpl$d2f           fz_ws.l(d2f.o)
    0x0000623e   0x00000002   PAD
    0x00006240   0x00000010   Code   RO         1360    x$fpl$dcheck1       fz_ws.l(dcheck1.o)
    0x00006250   0x00000018   Code   RO         1310    x$fpl$dcmpinf       fz_ws.l(dcmpi.o)
    0x00006268   0x00000078   Code   RO         1282    x$fpl$deqf          fz_ws.l(deqf.o)
    0x000062e0   0x0000005e   Code   RO         1041    x$fpl$dfix          fz_ws.l(dfix.o)
    0x0000633e   0x0000002e   Code   RO         1046    x$fpl$dflt          fz_ws.l(dflt_clz.o)
    0x0000636c   0x00000078   Code   RO         1312    x$fpl$dleqf         fz_ws.l(dleqf.o)
    0x000063e4   0x00000154   Code   RO         1051    x$fpl$dmul          fz_ws.l(dmul.o)
    0x00006538   0x0000009c   Code   RO         1083    x$fpl$dnaninf       fz_ws.l(dnaninf.o)
    0x000065d4   0x0000000c   Code   RO         1085    x$fpl$dretinf       fz_ws.l(dretinf.o)
    0x000065e0   0x0000006c   Code   RO         1284    x$fpl$drleqf        fz_ws.l(drleqf.o)
    0x0000664c   0x00000056   Code   RO         1053    x$fpl$f2d           fz_ws.l(f2d.o)
    0x000066a2   0x0000008c   Code   RO         1087    x$fpl$fnaninf       fz_ws.l(fnaninf.o)
    0x0000672e   0x0000000a   Code   RO         1089    x$fpl$fretinf       fz_ws.l(fretinf.o)
    0x00006738   0x00000004   Code   RO         1055    x$fpl$printf1       fz_ws.l(printf1.o)
    0x0000673c   0x00000064   Code   RO         1387    x$fpl$retnan        fz_ws.l(retnan.o)
    0x000067a0   0x0000005c   Code   RO         1314    x$fpl$scalbn        fz_ws.l(scalbn.o)
    0x000067fc   0x00000004   Code   RO         1159    x$fpl$scanf1        fz_ws.l(scanf1.o)
    0x00006800   0x00000008   Code   RO         1249    x$fpl$scanf2        fz_ws.l(scanf2.o)
    0x00006808   0x00000030   Code   RO         1389    x$fpl$trapveneer    fz_ws.l(trapv.o)
    0x00006838   0x00000000   Code   RO         1091    x$fpl$usenofp       fz_ws.l(usenofp.o)
    0x00006838   0x000018a0   Data   RO           44    .constdata          glcd_fonts.o
    0x000080d8   0x0000007c   Data   RO          313    .constdata          ssp_lpc17xx.o
    0x00008154   0x0000027c   Data   RO          528    .constdata          uart_lpc17xx.o
    0x000083d0   0x00000094   Data   RO         1130    .constdata          c_w.l(bigflt0.o)
    0x00008464   0x00000020   Data   RO         1391    Region$$Table       anon$$obj.o
    0x00008484   0x00000008   Data   RO         1244    c$$dinf             fz_ws.l(fpconst.o)
    0x0000848c   0x0000001c   Data   RO         1154    locale$$data        c_w.l(lc_numeric_c.o)
    0x000084a8   0x00000110   Data   RO         1235    locale$$data        c_w.l(lc_ctype_c.o)


    Execution Region ER_RW (Base: 0x10000000, Size: 0x00000038, Max: 0xffffffff, ABSOLUTE)

    Base Addr    Size         Type   Attr      Idx    E Section Name        Object

    0x10000000   0x00000011   Data   RW           87    .data               glcd_mcb1700.o
    0x10000011   0x00000003   PAD
    0x10000014   0x00000010   Data   RW          314    .data               ssp_lpc17xx.o
    0x10000024   0x00000008   Data   RW          529    .data               uart_lpc17xx.o
    0x1000002c   0x00000008   Data   RW          785    .data               gpdma_lpc17xx.o
    0x10000034   0x00000004   Data   RW          964    .data               system_lpc17xx.o


    Execution Region ER_ZI (Base: 0x10000038, Size: 0x00000390, Max: 0xffffffff, ABSOLUTE)

    Base Addr    Size         Type   Attr      Idx    E Section Name        Object

    0x10000038   0x00000028   Zero   RW          312    .bss                ssp_lpc17xx.o
    0x10000060   0x00000068   Zero   RW          527    .bss                uart_lpc17xx.o
    0x100000c8   0x000000a0   Zero   RW          784    .bss                gpdma_lpc17xx.o
    0x10000168   0x00000060   Zero   RW         1164    .bss                c_w.l(libspace.o)
    0x100001c8   0x00000000   Zero   RW          950    HEAP                startup_lpc17xx.o
    0x100001c8   0x00000200   Zero   RW          949    STACK               startup_lpc17xx.o


==============================================================================

Image component sizes


      Code (inc. data)   RO Data    RW Data    ZI Data      Debug   Object Name

         0          0       6304          0          0        736   glcd_fonts.o
      2718         86          0         17          0      34719   glcd_mcb1700.o
      1212         94          0          8        160       8082   gpdma_lpc17xx.o
       172         18          0          0          0       2294   gpio_lpc17xx.o
       676        126          0          0          0      12875   gps.o
       252          6          0          0          0        804   pin_lpc17xx.o
      3904        106        124         16         40      53099   ssp_lpc17xx.o
        64         26        204          0        512        996   startup_lpc17xx.o
       320         18          0          4          0        803   system_lpc17xx.o
      6152        242        636          8        104      41416   uart_lpc17xx.o

    ----------------------------------------------------------------------
     15480        722       7300         56        816     155824   Object Totals
         0          0         32          0          0          0   (incl. Generated)
        10          0          0          3          0          0   (incl. Padding)

    ----------------------------------------------------------------------

      Code (inc. data)   RO Data    RW Data    ZI Data      Debug   Library Member Name

        60          8          0          0          0         84   __0sscanf.o
         8          0          0          0          0         68   __main.o
       104          0          0          0          0         84   __printf.o
        14          0          0          0          0         68   __printf_wp.o
         0          0          0          0          0          0   __rtentry.o
        12          0          0          0          0          0   __rtentry2.o
         6          0          0          0          0          0   __rtentry4.o
        52          8          0          0          0          0   __scatter.o
        26          0          0          0          0          0   __scatter_copy.o
        28          0          0          0          0          0   __scatter_zi.o
        28          0          0          0          0         68   _chval.o
        48          6          0          0          0         96   _printf_char_common.o
         6          0          0          0          0          0   _printf_f.o
      1050          0          0          0          0        216   _printf_fp_dec.o
       128         16          0          0          0         84   _printf_fp_infnan.o
         0          0          0          0          0          0   _printf_percent.o
         4          0          0          0          0          0   _printf_percent_end.o
        22          0          0          0          0        100   _rserrno.o
       884          6          0          0          0        100   _scanf.o
       332          0          0          0          0         96   _scanf_int.o
       224          0          0          0          0         96   _scanf_str.o
        64          0          0          0          0         84   _sgetc.o
        10          0          0          0          0         68   _sputc.o
       220          4        148          0          0         96   bigflt0.o
      2074        132          0          0          0        940   btod.o
        18          0          0          0          0         80   exit.o
         6          0          0          0          0        152   heapauxi.o
         0          0          0          0          0          0   indicate_semi.o
        18          0          0          0          0         76   isspace.o
        44         10        272          0          0         76   lc_ctype_c.o
        44         10         28          0          0         76   lc_numeric_c.o
         2          0          0          0          0          0   libinit.o
        30          0          0          0          0          0   libinit2.o
         2          0          0          0          0          0   libshutdown.o
         2          0          0          0          0          0   libshutdown2.o
         8          4          0          0         96         68   libspace.o
        38          0          0          0          0         68   llshl.o
       138          0          0          0          0         80   lludiv10.o
       238          0          0          0          0        100   lludivv7m.o
        40          6          0          0          0         84   noretval__2sprintf.o
        16          4          0          0          0         76   rt_ctype_table.o
         8          4          0          0          0         68   rt_errno_addr_intlibspace.o
         8          4          0          0          0         68   rt_locale_intlibspace.o
        78          0          0          0          0         80   rt_memclr_w.o
         2          0          0          0          0          0   rtexit.o
        10          0          0          0          0          0   rtexit2.o
        44          8          0          0          0         84   scanf_char.o
      1188         12          0          0          0        148   scanf_fp.o
       792         14          0          0          0        100   scanf_hexfp.o
       308         16          0          0          0        100   scanf_infnan.o
       128          0          0          0          0         68   strcmpv7m.o
       160         12          0          0          0        120   strtod.o
        12          4          0          0          0         68   sys_exit.o
        74          0          0          0          0         80   sys_stackheap_outer.o
         2          0          0          0          0         68   use_no_semi.o
        98          4          0          0          0         92   d2f.o
        16          4          0          0          0         68   dcheck1.o
        24          0          0          0          0         68   dcmpi.o
       120          4          0          0          0         92   deqf.o
        94          4          0          0          0         92   dfix.o
        46          0          0          0          0         68   dflt_clz.o
       120          4          0          0          0         92   dleqf.o
       340         12          0          0          0        104   dmul.o
       156          4          0          0          0         92   dnaninf.o
        12          0          0          0          0         68   dretinf.o
       108          0          0          0          0         80   drleqf.o
        86          4          0          0          0         84   f2d.o
       140          4          0          0          0         84   fnaninf.o
         0          0          8          0          0          0   fpconst.o
        10          0          0          0          0         68   fretinf.o
         4          0          0          0          0         68   printf1.o
       100          0          0          0          0         68   retnan.o
        92          0          0          0          0         68   scalbn.o
         4          0          0          0          0         68   scanf1.o
         8          0          0          0          0         84   scanf2.o
        48          0          0          0          0         68   trapv.o
         0          0          0          0          0          0   usenofp.o
        42          0          0          0          0         84   atof.o
        30          6          0          0          0        136   dunder.o
        40          0          0          0          0         68   fpclassify.o
        88          8          0          0          0         76   frexp.o
       138          0          0          0          0        160   ldexp.o
       152          4          0          0          0        168   narrow.o

    ----------------------------------------------------------------------
     10996        350        456          0         96       6604   Library Totals
        18          0          0          0          0          0   (incl. Padding)

    ----------------------------------------------------------------------

      Code (inc. data)   RO Data    RW Data    ZI Data      Debug   Library Name

      8862        288        448          0         96       4336   c_w.l
      1626         44          8          0          0       1576   fz_ws.l
       490         18          0          0          0        692   m_ws.l

    ----------------------------------------------------------------------
     10996        350        456          0         96       6604   Library Totals

    ----------------------------------------------------------------------

==============================================================================


      Code (inc. data)   RO Data    RW Data    ZI Data      Debug   

     26476       1072       7756         56        912     152596   Grand Totals
     26476       1072       7756         56        912     152596   ELF Image Totals
     26476       1072       7756         56          0          0   ROM Totals

==============================================================================

    Total RO  Size (Code + RO Data)                34232 (  33.43kB)
    Total RW  Size (RW Data + ZI Data)               968 (   0.95kB)
    Total ROM Size (Code + RO Data + RW Data)      34288 (  33.48kB)

==============================================================================

