Component: ARM Compiler 5.06 update 1 (build 61) Tool: armlink [4d35a8]

==============================================================================

Section Cross References

    main.o(i.Init_SPI) refers to spi_stm32f4xx.o(.constdata) for Driver_SPI1
    main.o(i.Init_UART) refers to usart_stm32f4xx.o(.constdata) for Driver_USART1
    main.o(i.SystemClock_Config) refers to stm32f4xx_hal_rcc.o(i.HAL_RCC_OscConfig) for HAL_RCC_OscConfig
    main.o(i.SystemClock_Config) refers to main.o(i.Error_Handler) for Error_Handler
    main.o(i.SystemClock_Config) refers to stm32f4xx_hal_rcc.o(i.HAL_RCC_ClockConfig) for HAL_RCC_ClockConfig
    main.o(i.SystemClock_Config) refers to stm32f4xx_hal.o(i.HAL_GetREVID) for HAL_GetREVID
    main.o(i.init_PIN_PA0_ALS) refers to stm32f4xx_hal_gpio.o(i.HAL_GPIO_Init) for HAL_GPIO_Init
    main.o(i.init_PIN_PA0_ALS) refers to stm32f4xx_hal_adc.o(i.HAL_ADC_Init) for HAL_ADC_Init
    main.o(i.init_PIN_PA0_ALS) refers to stm32f4xx_hal_adc.o(i.HAL_ADC_ConfigChannel) for HAL_ADC_ConfigChannel
    main.o(i.init_PIN_PA0_ALS) refers to main.o(.bss) for myADC2Handle
    main.o(i.lecture_capteur) refers to stm32f4xx_hal_adc.o(i.HAL_ADC_Start) for HAL_ADC_Start
    main.o(i.lecture_capteur) refers to stm32f4xx_hal_adc.o(i.HAL_ADC_PollForConversion) for HAL_ADC_PollForConversion
    main.o(i.lecture_capteur) refers to stm32f4xx_hal_adc.o(i.HAL_ADC_GetValue) for HAL_ADC_GetValue
    main.o(i.lecture_capteur) refers to stm32f4xx_hal_adc.o(i.HAL_ADC_Stop) for HAL_ADC_Stop
    main.o(i.lecture_capteur) refers to main.o(.bss) for myADC2Handle
    main.o(i.lecture_capteur) refers to main.o(.data) for ADC_Value
    main.o(i.main) refers to rt_cmsis.o(i.osKernelInitialize) for osKernelInitialize
    main.o(i.main) refers to stm32f4xx_hal.o(i.HAL_Init) for HAL_Init
    main.o(i.main) refers to main.o(i.SystemClock_Config) for SystemClock_Config
    main.o(i.main) refers to system_stm32f4xx.o(i.SystemCoreClockUpdate) for SystemCoreClockUpdate
    main.o(i.main) refers to led_f4discovery.o(i.LED_Initialize) for LED_Initialize
    main.o(i.main) refers to main.o(i.Init_SPI) for Init_SPI
    main.o(i.main) refers to main.o(i.Init_UART) for Init_UART
    main.o(i.main) refers to main.o(i.init_PIN_PA0_ALS) for init_PIN_PA0_ALS
    main.o(i.main) refers to rt_cmsis.o(i.osThreadCreate) for osThreadCreate
    main.o(i.main) refers to rt_cmsis.o(i.osKernelStart) for osKernelStart
    main.o(i.main) refers to rt_cmsis.o(i.osDelay) for osDelay
    main.o(i.main) refers to main.o(.constdata) for os_thread_def_mySPI_Thread
    main.o(i.main) refers to main.o(.data) for tid_mySPI_Thread
    main.o(i.mySPI_Thread) refers to main.o(i.lecture_capteur) for lecture_capteur
    main.o(i.mySPI_Thread) refers to main.o(.data) for ADC_Value
    main.o(i.mySPI_Thread) refers to spi_stm32f4xx.o(.constdata) for Driver_SPI1
    main.o(.constdata) refers to main.o(i.mySPI_Thread) for mySPI_Thread
    led_f4discovery.o(i.LED_Initialize) refers to stm32f4xx_hal_gpio.o(i.HAL_GPIO_Init) for HAL_GPIO_Init
    led_f4discovery.o(i.LED_Off) refers to stm32f4xx_hal_gpio.o(i.HAL_GPIO_WritePin) for HAL_GPIO_WritePin
    led_f4discovery.o(i.LED_Off) refers to led_f4discovery.o(.constdata) for LED_PIN
    led_f4discovery.o(i.LED_On) refers to stm32f4xx_hal_gpio.o(i.HAL_GPIO_WritePin) for HAL_GPIO_WritePin
    led_f4discovery.o(i.LED_On) refers to led_f4discovery.o(.constdata) for LED_PIN
    led_f4discovery.o(i.LED_SetOut) refers to led_f4discovery.o(i.LED_On) for LED_On
    led_f4discovery.o(i.LED_SetOut) refers to led_f4discovery.o(i.LED_Off) for LED_Off
    led_f4discovery.o(i.LED_Uninitialize) refers to stm32f4xx_hal_gpio.o(i.HAL_GPIO_DeInit) for HAL_GPIO_DeInit
    rtx_conf_cm.o(.emb_text) refers to rt_cmsis.o(i.osKernelInitialize) for osKernelInitialize
    rtx_conf_cm.o(.emb_text) refers to rt_cmsis.o(i.osThreadCreate) for osThreadCreate
    rtx_conf_cm.o(.emb_text) refers to rt_cmsis.o(i.osKernelStart) for osKernelStart
    rtx_conf_cm.o(.emb_text) refers to exit.o(.text) for exit
    rtx_conf_cm.o(.emb_text) refers to rtx_conf_cm.o(.constdata) for os_thread_def_main
    rtx_conf_cm.o(i.__user_perthread_libspace) refers to rt_task.o(i.rt_tsk_self) for rt_tsk_self
    rtx_conf_cm.o(i.__user_perthread_libspace) refers to rt_cmsis.o(.data) for os_running
    rtx_conf_cm.o(i.__user_perthread_libspace) refers to rtx_conf_cm.o(.bss) for .bss
    rtx_conf_cm.o(i.__user_perthread_libspace) refers to libspace.o(.bss) for __libspace_start
    rtx_conf_cm.o(i._mutex_acquire) refers to rt_cmsis.o(.data) for os_running
    rtx_conf_cm.o(i._mutex_acquire) refers to rt_mutex.o(i.rt_mut_wait) for rt_mut_wait
    rtx_conf_cm.o(i._mutex_initialize) refers to rt_mutex.o(i.rt_mut_init) for rt_mut_init
    rtx_conf_cm.o(i._mutex_initialize) refers to rtx_conf_cm.o(.data) for .data
    rtx_conf_cm.o(i._mutex_initialize) refers to rtx_conf_cm.o(.bss) for .bss
[...]
    SPI_Uninitialize                         0x080027e9   Thumb Code    84  spi_stm32f4xx.o(i.SPI_Uninitialize)
    i.SystemClock_Config                     0x0800283c   Section        0  main.o(i.SystemClock_Config)
    SystemClock_Config                       0x0800283d   Thumb Code   180  main.o(i.SystemClock_Config)
    i.SystemCoreClockUpdate                  0x080028fc   Section        0  system_stm32f4xx.o(i.SystemCoreClockUpdate)
    i.SystemInit                             0x080029bc   Section        0  system_stm32f4xx.o(i.SystemInit)
    i.USART1_Control                         0x08002a20   Section        0  usart_stm32f4xx.o(i.USART1_Control)
    USART1_Control                           0x08002a21   Thumb Code    18  usart_stm32f4xx.o(i.USART1_Control)
    i.USART1_GetCapabilities                 0x08002a38   Section        0  usart_stm32f4xx.o(i.USART1_GetCapabilities)
    USART1_GetCapabilities                   0x08002a39   Thumb Code    12  usart_stm32f4xx.o(i.USART1_GetCapabilities)
    i.USART1_GetModemStatus                  0x08002a48   Section        0  usart_stm32f4xx.o(i.USART1_GetModemStatus)
    USART1_GetModemStatus                    0x08002a49   Thumb Code    12  usart_stm32f4xx.o(i.USART1_GetModemStatus)
    i.USART1_GetRxCount                      0x08002a58   Section        0  usart_stm32f4xx.o(i.USART1_GetRxCount)
    USART1_GetRxCount                        0x08002a59   Thumb Code    10  usart_stm32f4xx.o(i.USART1_GetRxCount)
    i.USART1_GetStatus                       0x08002a68   Section        0  usart_stm32f4xx.o(i.USART1_GetStatus)
    USART1_GetStatus                         0x08002a69   Thumb Code    12  usart_stm32f4xx.o(i.USART1_GetStatus)
    i.USART1_GetTxCount                      0x08002a78   Section        0  usart_stm32f4xx.o(i.USART1_GetTxCount)
    USART1_GetTxCount                        0x08002a79   Thumb Code    10  usart_stm32f4xx.o(i.USART1_GetTxCount)
    i.USART1_IRQHandler                      0x08002a88   Section        0  usart_stm32f4xx.o(i.USART1_IRQHandler)
    i.USART1_Initialize                      0x08002a98   Section        0  usart_stm32f4xx.o(i.USART1_Initialize)
    USART1_Initialize                        0x08002a99   Thumb Code    14  usart_stm32f4xx.o(i.USART1_Initialize)
    i.USART1_PowerControl                    0x08002aac   Section        0  usart_stm32f4xx.o(i.USART1_PowerControl)
    USART1_PowerControl                      0x08002aad   Thumb Code    14  usart_stm32f4xx.o(i.USART1_PowerControl)
    i.USART1_Receive                         0x08002ac0   Section        0  usart_stm32f4xx.o(i.USART1_Receive)
    USART1_Receive                           0x08002ac1   Thumb Code    18  usart_stm32f4xx.o(i.USART1_Receive)
    i.USART1_Send                            0x08002ad8   Section        0  usart_stm32f4xx.o(i.USART1_Send)
    USART1_Send                              0x08002ad9   Thumb Code    18  usart_stm32f4xx.o(i.USART1_Send)
    i.USART1_SetModemControl                 0x08002af0   Section        0  usart_stm32f4xx.o(i.USART1_SetModemControl)
    USART1_SetModemControl                   0x08002af1   Thumb Code    14  usart_stm32f4xx.o(i.USART1_SetModemControl)
    i.USART1_Transfer                        0x08002b04   Section        0  usart_stm32f4xx.o(i.USART1_Transfer)
    USART1_Transfer                          0x08002b05   Thumb Code    22  usart_stm32f4xx.o(i.USART1_Transfer)
    i.USART1_Uninitialize                    0x08002b20   Section        0  usart_stm32f4xx.o(i.USART1_Uninitialize)
    USART1_Uninitialize                      0x08002b21   Thumb Code    10  usart_stm32f4xx.o(i.USART1_Uninitialize)
    i.USART_Control                          0x08002b30   Section        0  usart_stm32f4xx.o(i.USART_Control)
    USART_Control                            0x08002b31   Thumb Code  2280  usart_stm32f4xx.o(i.USART_Control)
    i.USART_GetCapabilities                  0x08003418   Section        0  usart_stm32f4xx.o(i.USART_GetCapabilities)
    USART_GetCapabilities                    0x08003419   Thumb Code     6  usart_stm32f4xx.o(i.USART_GetCapabilities)
    i.USART_GetModemStatus                   0x0800341e   Section        0  usart_stm32f4xx.o(i.USART_GetModemStatus)
    USART_GetModemStatus                     0x0800341f   Thumb Code   140  usart_stm32f4xx.o(i.USART_GetModemStatus)
    i.USART_GetRxCount                       0x080034aa   Section        0  usart_stm32f4xx.o(i.USART_GetRxCount)
    USART_GetRxCount                         0x080034ab   Thumb Code     8  usart_stm32f4xx.o(i.USART_GetRxCount)
    i.USART_GetStatus                        0x080034b2   Section        0  usart_stm32f4xx.o(i.USART_GetStatus)
    USART_GetStatus                          0x080034b3   Thumb Code   212  usart_stm32f4xx.o(i.USART_GetStatus)
    i.USART_GetTxCount                       0x08003586   Section        0  usart_stm32f4xx.o(i.USART_GetTxCount)
    USART_GetTxCount                         0x08003587   Thumb Code     8  usart_stm32f4xx.o(i.USART_GetTxCount)
    i.USART_IRQHandler                       0x0800358e   Section        0  usart_stm32f4xx.o(i.USART_IRQHandler)
    i.USART_Initialize                       0x08003800   Section        0  usart_stm32f4xx.o(i.USART_Initialize)
    USART_Initialize                         0x08003801   Thumb Code   146  usart_stm32f4xx.o(i.USART_Initialize)
    i.USART_PeripheralReset                  0x08003894   Section        0  usart_stm32f4xx.o(i.USART_PeripheralReset)
    USART_PeripheralReset                    0x08003895   Thumb Code   278  usart_stm32f4xx.o(i.USART_PeripheralReset)
    i.USART_PowerControl                     0x080039c8   Section        0  usart_stm32f4xx.o(i.USART_PowerControl)
    USART_PowerControl                       0x080039c9   Thumb Code   680  usart_stm32f4xx.o(i.USART_PowerControl)
    i.USART_Receive                          0x08003c90   Section        0  usart_stm32f4xx.o(i.USART_Receive)
    USART_Receive                            0x08003c91   Thumb Code   162  usart_stm32f4xx.o(i.USART_Receive)
    i.USART_Send                             0x08003d32   Section        0  usart_stm32f4xx.o(i.USART_Send)
    USART_Send                               0x08003d33   Thumb Code   136  usart_stm32f4xx.o(i.USART_Send)
    i.USART_SetModemControl                  0x08003dba   Section        0  usart_stm32f4xx.o(i.USART_SetModemControl)
    USART_SetModemControl                    0x08003dbb   Thumb Code   140  usart_stm32f4xx.o(i.USART_SetModemControl)
    i.USART_Transfer                         0x08003e46   Section        0  usart_stm32f4xx.o(i.USART_Transfer)
    USART_Transfer                           0x08003e47   Thumb Code   106  usart_stm32f4xx.o(i.USART_Transfer)
    i.USART_Uninitialize                     0x08003eb0   Section        0  usart_stm32f4xx.o(i.USART_Uninitialize)
    USART_Uninitialize                       0x08003eb1   Thumb Code   106  usart_stm32f4xx.o(i.USART_Uninitialize)
    i.USARTx_GetVersion                      0x08003f1c   Section        0  usart_stm32f4xx.o(i.USARTx_GetVersion)
    USARTx_GetVersion                        0x08003f1d   Thumb Code    10  usart_stm32f4xx.o(i.USARTx_GetVersion)
    i.__NVIC_GetPriorityGrouping             0x08003f2c   Section        0  stm32f4xx_hal_cortex.o(i.__NVIC_GetPriorityGrouping)
    __NVIC_GetPriorityGrouping               0x08003f2d   Thumb Code    10  stm32f4xx_hal_cortex.o(i.__NVIC_GetPriorityGrouping)
    i.__NVIC_SetPriority                     0x08003f3c   Section        0  stm32f4xx_hal_cortex.o(i.__NVIC_SetPriority)
    __NVIC_SetPriority                       0x08003f3d   Thumb Code    32  stm32f4xx_hal_cortex.o(i.__NVIC_SetPriority)
    i._init_box                              0x08003f64   Section        0  rt_membox.o(i._init_box)
    i._mutex_acquire                         0x08003fac   Section        0  rtx_conf_cm.o(i._mutex_acquire)
    __tagsym$$used                           0x08003fad   Number         0  rtx_conf_cm.o(i._mutex_acquire)
    i._mutex_release                         0x08003fcc   Section        0  rtx_conf_cm.o(i._mutex_release)
    __tagsym$$used                           0x08003fcd   Number         0  rtx_conf_cm.o(i._mutex_release)
    i.dbg_init                               0x08003fe8   Section        0  hal_cm.o(i.dbg_init)
    i.dbg_task_notify                        0x08004018   Section        0  hal_cm.o(i.dbg_task_notify)
    i.dbg_task_switch                        0x08004038   Section        0  hal_cm.o(i.dbg_task_switch)
    i.init_PIN_PA0_ALS                       0x08004048   Section        0  main.o(i.init_PIN_PA0_ALS)
    i.isrMessageGet                          0x080040ec   Section        0  rt_cmsis.o(i.isrMessageGet)
    i.isrMessagePut                          0x08004116   Section        0  rt_cmsis.o(i.isrMessagePut)
    i.isr_mbx_receive                        0x08004144   Section        0  rt_mailbox.o(i.isr_mbx_receive)
    i.isr_mbx_send                           0x0800419a   Section        0  rt_mailbox.o(i.isr_mbx_send)
    i.lecture_capteur                        0x080041a8   Section        0  main.o(i.lecture_capteur)
    i.main                                   0x080041d8   Section        0  main.o(i.main)
    i.mySPI_Thread                           0x08004220   Section        0  main.o(i.mySPI_Thread)
    i.osDelay                                0x080042f0   Section        0  rt_cmsis.o(i.osDelay)
    i.osKernelInitialize                     0x08004308   Section        0  rt_cmsis.o(i.osKernelInitialize)
    i.osKernelStart                          0x0800432c   Section        0  rt_cmsis.o(i.osKernelStart)
    i.osMessageGet                           0x08004398   Section        0  rt_cmsis.o(i.osMessageGet)
    i.osThreadCreate                         0x080043b0   Section        0  rt_cmsis.o(i.osThreadCreate)
    i.osThreadExit                           0x080043dc   Section        0  rt_cmsis.o(i.osThreadExit)
    i.osTimerCall                            0x080043f4   Section        0  rt_cmsis.o(i.osTimerCall)
    i.osTimerThread                          0x08004400   Section        0  rt_cmsis.o(i.osTimerThread)
    i.os_error                               0x0800442c   Section        0  rtx_conf_cm.o(i.os_error)
    i.os_idle_demon                          0x0800444e   Section        0  rtx_conf_cm.o(i.os_idle_demon)
    i.os_tick_init                           0x08004454   Section        0  rt_system.o(i.os_tick_init)
    i.os_tick_irqack                         0x0800447c   Section        0  rt_system.o(i.os_tick_irqack)
    i.rt_alloc_box                           0x0800447e   Section        0  rt_membox.o(i.rt_alloc_box)
    i.rt_alloc_mem                           0x08004498   Section        0  rt_memory.o(i.rt_alloc_mem)
    i.rt_block                               0x080044d8   Section        0  rt_task.o(i.rt_block)
    i.rt_chk_robin                           0x08004510   Section        0  rt_robin.o(i.rt_chk_robin)
    i.rt_dec_dly                             0x08004558   Section        0  rt_list.o(i.rt_dec_dly)
    i.rt_dispatch                            0x080045c8   Section        0  rt_task.o(i.rt_dispatch)
    i.rt_dly_wait                            0x0800460c   Section        0  rt_time.o(i.rt_dly_wait)
    i.rt_evt_psh                             0x08004614   Section        0  rt_event.o(i.rt_evt_psh)
    i.rt_free_box                            0x08004664   Section        0  rt_membox.o(i.rt_free_box)
    i.rt_free_mem                            0x08004690   Section        0  rt_memory.o(i.rt_free_mem)
    i.rt_get_first                           0x080046b8   Section        0  rt_list.o(i.rt_get_first)
    i.rt_id2obj                              0x080046e0   Section        0  rt_cmsis.o(i.rt_id2obj)
    rt_id2obj                                0x080046e1   Thumb Code     8  rt_cmsis.o(i.rt_id2obj)
    i.rt_init_context                        0x080046e8   Section        0  rt_task.o(i.rt_init_context)
    rt_init_context                          0x080046e9   Thumb Code    66  rt_task.o(i.rt_init_context)
    i.rt_init_mem                            0x08004730   Section        0  rt_memory.o(i.rt_init_mem)
    i.rt_init_robin                          0x0800474c   Section        0  rt_robin.o(i.rt_init_robin)
    i.rt_init_stack                          0x08004764   Section        0  hal_cm.o(i.rt_init_stack)
    i.rt_mbx_check                           0x080047e4   Section        0  rt_mailbox.o(i.rt_mbx_check)
    i.rt_mbx_init                            0x080047ec   Section        0  rt_mailbox.o(i.rt_mbx_init)
    i.rt_mbx_psh                             0x08004808   Section        0  rt_mailbox.o(i.rt_mbx_psh)
    i.rt_mbx_wait                            0x080048f8   Section        0  rt_mailbox.o(i.rt_mbx_wait)
    i.rt_ms2tick                             0x080049ac   Section        0  rt_cmsis.o(i.rt_ms2tick)
    rt_ms2tick                               0x080049ad   Thumb Code    58  rt_cmsis.o(i.rt_ms2tick)
    i.rt_mut_release                         0x080049f0   Section        0  rt_mutex.o(i.rt_mut_release)
    i.rt_mut_wait                            0x08004ac8   Section        0  rt_mutex.o(i.rt_mut_wait)
    i.rt_pop_req                             0x08004b40   Section        0  rt_system.o(i.rt_pop_req)
    i.rt_psh_req                             0x08004bbc   Section        0  rt_system.o(i.rt_psh_req)
    i.rt_psq_enq                             0x08004bdc   Section        0  rt_list.o(i.rt_psq_enq)
    i.rt_put_dly                             0x08004c38   Section        0  rt_list.o(i.rt_put_dly)
    i.rt_put_prio                            0x08004c80   Section        0  rt_list.o(i.rt_put_prio)
    i.rt_put_rdy_first                       0x08004cb8   Section        0  rt_list.o(i.rt_put_rdy_first)
    i.rt_resort_prio                         0x08004ccc   Section        0  rt_list.o(i.rt_resort_prio)
    i.rt_ret_regs                            0x08004d00   Section        0  hal_cm.o(i.rt_ret_regs)
    rt_ret_regs                              0x08004d01   Thumb Code    16  hal_cm.o(i.rt_ret_regs)
    i.rt_ret_val                             0x08004d10   Section        0  hal_cm.o(i.rt_ret_val)
    i.rt_ret_val2                            0x08004d1c   Section        0  hal_cm.o(i.rt_ret_val2)
    i.rt_rmv_dly                             0x08004d2c   Section        0  rt_list.o(i.rt_rmv_dly)
    i.rt_rmv_list                            0x08004d54   Section        0  rt_list.o(i.rt_rmv_list)
    i.rt_sem_psh                             0x08004d84   Section        0  rt_semaphore.o(i.rt_sem_psh)
    i.rt_stk_check                           0x08004db8   Section        0  rt_system.o(i.rt_stk_check)
    i.rt_switch_req                          0x08004ddc   Section        0  rt_task.o(i.rt_switch_req)
    i.rt_sys_init                            0x08004e04   Section        0  rt_task.o(i.rt_sys_init)
    i.rt_sys_start                           0x08004ed0   Section        0  rt_task.o(i.rt_sys_start)
    i.rt_systick                             0x08004f48   Section        0  rt_system.o(i.rt_systick)
    i.rt_tid2ptcb                            0x08004f88   Section        0  rt_cmsis.o(i.rt_tid2ptcb)
    rt_tid2ptcb                              0x08004f89   Thumb Code    18  rt_cmsis.o(i.rt_tid2ptcb)
    i.rt_timer_insert                        0x08004f9c   Section        0  rt_cmsis.o(i.rt_timer_insert)
    rt_timer_insert                          0x08004f9d   Thumb Code    48  rt_cmsis.o(i.rt_timer_insert)
    i.rt_tsk_create                          0x08004fd0   Section        0  rt_task.o(i.rt_tsk_create)
    i.rt_tsk_delete                          0x08005058   Section        0  rt_task.o(i.rt_tsk_delete)
    i.rt_tsk_prio                            0x080051d4   Section        0  rt_task.o(i.rt_tsk_prio)
    i.rt_tsk_self                            0x08005250   Section        0  rt_task.o(i.rt_tsk_self)
    i.svcDelay                               0x08005260   Section        0  rt_cmsis.o(i.svcDelay)
    i.svcKernelInitialize                    0x08005274   Section        0  rt_cmsis.o(i.svcKernelInitialize)
    i.svcKernelStart                         0x080052e4   Section        0  rt_cmsis.o(i.svcKernelStart)
    i.svcMessageCreate                       0x0800532c   Section        0  rt_cmsis.o(i.svcMessageCreate)
    i.svcMessageGet                          0x08005350   Section        0  rt_cmsis.o(i.svcMessageGet)
    i.svcThreadCreate                        0x0800538c   Section        0  rt_cmsis.o(i.svcThreadCreate)
    i.svcThreadGetId                         0x080053f8   Section        0  rt_cmsis.o(i.svcThreadGetId)
    i.svcThreadTerminate                     0x08005414   Section        0  rt_cmsis.o(i.svcThreadTerminate)
    i.svcTimerCall                           0x0800544c   Section        0  rt_cmsis.o(i.svcTimerCall)
    i.sysTimerTick                           0x08005464   Section        0  rt_cmsis.o(i.sysTimerTick)
    x$fpl$fpinit                             0x080054c0   Section       10  fpinit.o(x$fpl$fpinit)
    $v0                                      0x080054c0   Number         0  fpinit.o(x$fpl$fpinit)
    .constdata                               0x080054cc   Section       16  main.o(.constdata)
    .constdata                               0x080054dc   Section      104  rtx_conf_cm.o(.constdata)
    __tagsym$$used                           0x080054f8   Number         0  rtx_conf_cm.o(.constdata)
    __tagsym$$used                           0x080054fc   Number         0  rtx_conf_cm.o(.constdata)
    __tagsym$$used                           0x08005500   Number         0  rtx_conf_cm.o(.constdata)
    __tagsym$$used                           0x08005504   Number         0  rtx_conf_cm.o(.constdata)
    .constdata                               0x08005544   Section      128  spi_stm32f4xx.o(.constdata)
    DriverVersion                            0x08005544   Data           4  spi_stm32f4xx.o(.constdata)
    DriverCapabilities                       0x08005548   Data           4  spi_stm32f4xx.o(.constdata)
    SPI1_mosi                                0x0800554c   Data          16  spi_stm32f4xx.o(.constdata)
    SPI1_sck                                 0x0800555c   Data          16  spi_stm32f4xx.o(.constdata)
    SPI1_Resources                           0x0800556c   Data          44  spi_stm32f4xx.o(.constdata)
    .constdata                               0x080055c4   Section      136  usart_stm32f4xx.o(.constdata)
    usart_driver_version                     0x080055c4   Data           4  usart_stm32f4xx.o(.constdata)
    USART1_tx                                0x080055c8   Data          12  usart_stm32f4xx.o(.constdata)
    USART1_rx                                0x080055d4   Data          12  usart_stm32f4xx.o(.constdata)
    USART1_Resources                         0x080055e0   Data          52  usart_stm32f4xx.o(.constdata)
    .constdata                               0x0800564c   Section       24  system_stm32f4xx.o(.constdata)
    .data                                    0x20000000   Section        8  main.o(.data)
    .data                                    0x20000008   Section       20  rtx_conf_cm.o(.data)
    nr_mutex                                 0x20000018   Data           4  rtx_conf_cm.o(.data)
    .data                                    0x2000001c   Section        9  stm32f4xx_hal.o(.data)
    .data                                    0x20000028   Section        4  system_stm32f4xx.o(.data)
    .data                                    0x2000002c   Section        8  rt_cmsis.o(.data)
    .data                                    0x20000034   Section        8  rt_task.o(.data)
    .data                                    0x2000003c   Section        8  rt_system.o(.data)
    os_lock                                  0x2000003c   Data           1  rt_system.o(.data)
    os_psh_flag                              0x2000003d   Data           1  rt_system.o(.data)
    pend_flags                               0x2000003e   Data           1  rt_system.o(.data)
    .data                                    0x20000044   Section        4  rt_time.o(.data)
    .data                                    0x20000048   Section        8  rt_robin.o(.data)
    .data                                    0x20000050   Section        1  hal_cm.o(.data)
    .bss                                     0x20000054   Section       72  main.o(.bss)
    .bss                                     0x200000a0   Section     3016  rtx_conf_cm.o(.bss)
    std_libspace                             0x20000948   Data         672  rtx_conf_cm.o(.bss)
    std_libmutex                             0x20000be8   Data         128  rtx_conf_cm.o(.bss)
    .bss                                     0x20000c68   Section       44  spi_stm32f4xx.o(.bss)
    SPI1_Info                                0x20000c68   Data          16  spi_stm32f4xx.o(.bss)
    SPI1_TransferInfo                        0x20000c78   Data          28  spi_stm32f4xx.o(.bss)
    .bss                                     0x20000c94   Section       56  usart_stm32f4xx.o(.bss)
    USART1_Info                              0x20000c94   Data          20  usart_stm32f4xx.o(.bss)
    USART1_TransferInfo                      0x20000ca8   Data          36  usart_stm32f4xx.o(.bss)
    .bss                                     0x20000ccc   Section       52  rt_task.o(.bss)
    .bss                                     0x20000d00   Section       48  rt_list.o(.bss)
    .bss                                     0x20000d30   Section       96  libspace.o(.bss)
    HEAP                                     0x20000d90   Section      512  startup_stm32f407xx.o(HEAP)
    Heap_Mem                                 0x20000d90   Data         512  startup_stm32f407xx.o(HEAP)
    STACK                                    0x20000f90   Section     1024  startup_stm32f407xx.o(STACK)
    Stack_Mem                                0x20000f90   Data        1024  startup_stm32f407xx.o(STACK)
    __initial_sp                             0x20001390   Data           0  startup_stm32f407xx.o(STACK)

    Global Symbols

    Symbol Name                              Value     Ov Type        Size  Object(Section)

    BuildAttributes$$THM_ISAv4$E$P$D$K$B$S$7EM$VFPi3$EXTD16$VFPS$VFMA$PE$A:L22UL41UL21$X:L11$S22US41US21$IEEE1$IW$USESV6$~STKCKD$USESV7$~SHL$OSPACE$ROPI$EBA8$UX$STANDARDLIB$REQ8$PRES8$EABIv2 0x00000000   Number         0  anon$$obj.o ABSOLUTE
    __ARM_use_no_argv                        0x00000000   Number         0  main.o ABSOLUTE
    __ARM_exceptions_init                     - Undefined Weak Reference
    __alloca_initialize                       - Undefined Weak Reference
    __arm_preinit_                            - Undefined Weak Reference
    __cpp_initialize__aeabi_                  - Undefined Weak Reference
    __cxa_finalize                            - Undefined Weak Reference
    __rt_locale                               - Undefined Weak Reference
    __sigvec_lookup                           - Undefined Weak Reference
    _atexit_init                              - Undefined Weak Reference
    _call_atexit_fns                          - Undefined Weak Reference
    _clock_init                               - Undefined Weak Reference
    _fp_trap_init                             - Undefined Weak Reference
    _fp_trap_shutdown                         - Undefined Weak Reference
    _get_lc_collate                           - Undefined Weak Reference
    _get_lc_ctype                             - Undefined Weak Reference
    _get_lc_monetary                          - Undefined Weak Reference
    _get_lc_numeric                           - Undefined Weak Reference
    _get_lc_time                              - Undefined Weak Reference
    _getenv_init                              - Undefined Weak Reference
    _handle_redirection                       - Undefined Weak Reference
    _init_alloc                               - Undefined Weak Reference
    _init_user_alloc                          - Undefined Weak Reference
    _initio                                   - Undefined Weak Reference
    _rand_init                                - Undefined Weak Reference
    _signal_finish                            - Undefined Weak Reference
    _signal_init                              - Undefined Weak Reference
    _terminate_alloc                          - Undefined Weak Reference
    _terminate_user_alloc                     - Undefined Weak Reference
    _terminateio                              - Undefined Weak Reference
    __Vectors_Size                           0x00000188   Number         0  startup_stm32f407xx.o ABSOLUTE
    __RL_RTX_VER                             0x00000482   Number         0  rt_system.o ABSOLUTE
    __Vectors                                0x08000000   Data           4  startup_stm32f407xx.o(RESET)
    __Vectors_End                            0x08000188   Data           0  startup_stm32f407xx.o(RESET)
    __main                                   0x08000189   Thumb Code     8  __main.o(!!!main)
    __scatterload                            0x08000191   Thumb Code     0  __scatter.o(!!!scatter)
    __scatterload_rt2                        0x08000191   Thumb Code    44  __scatter.o(!!!scatter)
    __scatterload_rt2_thumb_only             0x08000191   Thumb Code     0  __scatter.o(!!!scatter)
    __scatterload_null                       0x0800019f   Thumb Code     0  __scatter.o(!!!scatter)
    __scatterload_copy                       0x080001c5   Thumb Code    26  __scatter_copy.o(!!handler_copy)
    __scatterload_zeroinit                   0x080001e1   Thumb Code    28  __scatter_zi.o(!!handler_zi)
    __rt_lib_init                            0x080001fd   Thumb Code     0  libinit.o(.ARM.Collect$$libinit$$00000000)
    __rt_lib_init_fp_1                       0x080001ff   Thumb Code     0  libinit2.o(.ARM.Collect$$libinit$$00000001)
    __rt_lib_init_alloca_1                   0x08000203   Thumb Code     0  libinit2.o(.ARM.Collect$$libinit$$0000002E)
    __rt_lib_init_argv_1                     0x08000203   Thumb Code     0  libinit2.o(.ARM.Collect$$libinit$$0000002C)
    __rt_lib_init_atexit_1                   0x08000203   Thumb Code     0  libinit2.o(.ARM.Collect$$libinit$$0000001B)
    __rt_lib_init_clock_1                    0x08000203   Thumb Code     0  libinit2.o(.ARM.Collect$$libinit$$00000021)
    __rt_lib_init_cpp_1                      0x08000203   Thumb Code     0  libinit2.o(.ARM.Collect$$libinit$$00000032)
    __rt_lib_init_exceptions_1               0x08000203   Thumb Code     0  libinit2.o(.ARM.Collect$$libinit$$00000030)
    __rt_lib_init_fp_trap_1                  0x08000203   Thumb Code     0  libinit2.o(.ARM.Collect$$libinit$$0000001F)
    __rt_lib_init_getenv_1                   0x08000203   Thumb Code     0  libinit2.o(.ARM.Collect$$libinit$$00000023)
    __rt_lib_init_heap_1                     0x08000203   Thumb Code     0  libinit2.o(.ARM.Collect$$libinit$$0000000A)
    __rt_lib_init_lc_collate_1               0x08000203   Thumb Code     0  libinit2.o(.ARM.Collect$$libinit$$00000011)
    __rt_lib_init_lc_ctype_1                 0x08000203   Thumb Code     0  libinit2.o(.ARM.Collect$$libinit$$00000013)
    __rt_lib_init_lc_monetary_1              0x08000203   Thumb Code     0  libinit2.o(.ARM.Collect$$libinit$$00000015)
    __rt_lib_init_lc_numeric_1               0x08000203   Thumb Code     0  libinit2.o(.ARM.Collect$$libinit$$00000017)
    __rt_lib_init_lc_time_1                  0x08000203   Thumb Code     0  libinit2.o(.ARM.Collect$$libinit$$00000019)
    __rt_lib_init_preinit_1                  0x08000203   Thumb Code     0  libinit2.o(.ARM.Collect$$libinit$$00000004)
    __rt_lib_init_rand_1                     0x08000203   Thumb Code     0  libinit2.o(.ARM.Collect$$libinit$$0000000E)
    __rt_lib_init_return                     0x08000203   Thumb Code     0  libinit2.o(.ARM.Collect$$libinit$$00000033)
    __rt_lib_init_signal_1                   0x08000203   Thumb Code     0  libinit2.o(.ARM.Collect$$libinit$$0000001D)
    __rt_lib_init_stdio_1                    0x08000203   Thumb Code     0  libinit2.o(.ARM.Collect$$libinit$$00000025)
    __rt_lib_init_user_alloc_1               0x08000203   Thumb Code     0  libinit2.o(.ARM.Collect$$libinit$$0000000C)
    __rt_lib_shutdown                        0x08000205   Thumb Code     0  libshutdown.o(.ARM.Collect$$libshutdown$$00000000)
    __rt_lib_shutdown_cpp_1                  0x08000207   Thumb Code     0  libshutdown2.o(.ARM.Collect$$libshutdown$$00000002)
    __rt_lib_shutdown_fp_trap_1              0x08000207   Thumb Code     0  libshutdown2.o(.ARM.Collect$$libshutdown$$00000007)
    __rt_lib_shutdown_heap_1                 0x08000207   Thumb Code     0  libshutdown2.o(.ARM.Collect$$libshutdown$$0000000F)
    __rt_lib_shutdown_return                 0x08000207   Thumb Code     0  libshutdown2.o(.ARM.Collect$$libshutdown$$00000010)
    __rt_lib_shutdown_signal_1               0x08000207   Thumb Code     0  libshutdown2.o(.ARM.Collect$$libshutdown$$0000000A)
    __rt_lib_shutdown_stdio_1                0x08000207   Thumb Code     0  libshutdown2.o(.ARM.Collect$$libshutdown$$00000004)
    __rt_lib_shutdown_user_alloc_1           0x08000207   Thumb Code     0  libshutdown2.o(.ARM.Collect$$libshutdown$$0000000C)
    __rt_entry                               0x08000209   Thumb Code     0  __rtentry.o(.ARM.Collect$$rtentry$$00000000)
    __rt_entry_presh_1                       0x08000209   Thumb Code     0  __rtentry2.o(.ARM.Collect$$rtentry$$00000002)
    __rt_entry_sh                            0x08000209   Thumb Code     0  __rtentry4.o(.ARM.Collect$$rtentry$$00000004)
    __rt_entry_li                            0x0800020f   Thumb Code     0  __rtentry2.o(.ARM.Collect$$rtentry$$0000000A)
    __rt_entry_postsh_1                      0x0800020f   Thumb Code     0  __rtentry2.o(.ARM.Collect$$rtentry$$00000009)
    __rt_entry_postli_1                      0x08000213   Thumb Code     0  __rtentry2.o(.ARM.Collect$$rtentry$$0000000B)
    __rt_entry_main                          0x0800021b   Thumb Code     0  __rtentry2.o(.ARM.Collect$$rtentry$$0000000D)
    __rt_exit                                0x08000223   Thumb Code     0  rtexit.o(.ARM.Collect$$rtexit$$00000000)
    __rt_exit_ls                             0x08000225   Thumb Code     0  rtexit2.o(.ARM.Collect$$rtexit$$00000003)
    __rt_exit_prels_1                        0x08000225   Thumb Code     0  rtexit2.o(.ARM.Collect$$rtexit$$00000002)
    __rt_exit_exit                           0x08000229   Thumb Code     0  rtexit2.o(.ARM.Collect$$rtexit$$00000004)
    _platform_post_lib_init                  0x08000231   Thumb Code    24  rtx_conf_cm.o(.emb_text)
    rt_set_PSP                               0x0800024d   Thumb Code     6  hal_cm4.o(.emb_text)
    rt_get_PSP                               0x08000253   Thumb Code     6  hal_cm4.o(.emb_text)
    os_set_env                               0x08000259   Thumb Code    24  hal_cm4.o(.emb_text)
    _alloc_box                               0x08000275   Thumb Code    28  hal_cm4.o(.emb_text)
    _free_box                                0x08000295   Thumb Code    28  hal_cm4.o(.emb_text)
    SVC_Handler                              0x080002b5   Thumb Code   168  hal_cm4.o(.emb_text)
    PendSV_Handler                           0x0800036d   Thumb Code    96  hal_cm4.o(.emb_text)
    SysTick_Handler                          0x080003d1   Thumb Code     8  hal_cm4.o(.emb_text)
    OS_Tick_Handler                          0x080003d9   Thumb Code    12  hal_cm4.o(.emb_text)
    Reset_Handler                            0x080003e5   Thumb Code     8  startup_stm32f407xx.o(.text)
    NMI_Handler                              0x080003ed   Thumb Code     2  startup_stm32f407xx.o(.text)
    HardFault_Handler                        0x080003ef   Thumb Code     2  startup_stm32f407xx.o(.text)
    MemManage_Handler                        0x080003f1   Thumb Code     2  startup_stm32f407xx.o(.text)
    BusFault_Handler                         0x080003f3   Thumb Code     2  startup_stm32f407xx.o(.text)
    UsageFault_Handler                       0x080003f5   Thumb Code     2  startup_stm32f407xx.o(.text)
    DebugMon_Handler                         0x080003f9   Thumb Code     2  startup_stm32f407xx.o(.text)
    ADC_IRQHandler                           0x080003ff   Thumb Code     0  startup_stm32f407xx.o(.text)
    CAN1_RX0_IRQHandler                      0x080003ff   Thumb Code     0  startup_stm32f407xx.o(.text)
    CAN1_RX1_IRQHandler                      0x080003ff   Thumb Code     0  startup_stm32f407xx.o(.text)
    CAN1_SCE_IRQHandler                      0x080003ff   Thumb Code     0  startup_stm32f407xx.o(.text)
    CAN1_TX_IRQHandler                       0x080003ff   Thumb Code     0  startup_stm32f407xx.o(.text)
    CAN2_RX0_IRQHandler                      0x080003ff   Thumb Code     0  startup_stm32f407xx.o(.text)
    CAN2_RX1_IRQHandler                      0x080003ff   Thumb Code     0  startup_stm32f407xx.o(.text)
    CAN2_SCE_IRQHandler                      0x080003ff   Thumb Code     0  startup_stm32f407xx.o(.text)
    CAN2_TX_IRQHandler                       0x080003ff   Thumb Code     0  startup_stm32f407xx.o(.text)
    DCMI_IRQHandler                          0x080003ff   Thumb Code     0  startup_stm32f407xx.o(.text)
    DMA1_Stream0_IRQHandler                  0x080003ff   Thumb Code     0  startup_stm32f407xx.o(.text)
    DMA1_Stream1_IRQHandler                  0x080003ff   Thumb Code     0  startup_stm32f407xx.o(.text)
    DMA1_Stream2_IRQHandler                  0x080003ff   Thumb Code     0  startup_stm32f407xx.o(.text)
    DMA1_Stream3_IRQHandler                  0x080003ff   Thumb Code     0  startup_stm32f407xx.o(.text)
    DMA1_Stream4_IRQHandler                  0x080003ff   Thumb Code     0  startup_stm32f407xx.o(.text)
    DMA1_Stream5_IRQHandler                  0x080003ff   Thumb Code     0  startup_stm32f407xx.o(.text)
    DMA1_Stream6_IRQHandler                  0x080003ff   Thumb Code     0  startup_stm32f407xx.o(.text)
    DMA1_Stream7_IRQHandler                  0x080003ff   Thumb Code     0  startup_stm32f407xx.o(.text)
    DMA2_Stream0_IRQHandler                  0x080003ff   Thumb Code     0  startup_stm32f407xx.o(.text)
    DMA2_Stream1_IRQHandler                  0x080003ff   Thumb Code     0  startup_stm32f407xx.o(.text)
    DMA2_Stream2_IRQHandler                  0x080003ff   Thumb Code     0  startup_stm32f407xx.o(.text)
    DMA2_Stream3_IRQHandler                  0x080003ff   Thumb Code     0  startup_stm32f407xx.o(.text)
    DMA2_Stream4_IRQHandler                  0x080003ff   Thumb Code     0  startup_stm32f407xx.o(.text)
    DMA2_Stream5_IRQHandler                  0x080003ff   Thumb Code     0  startup_stm32f407xx.o(.text)
    DMA2_Stream6_IRQHandler                  0x080003ff   Thumb Code     0  startup_stm32f407xx.o(.text)
    DMA2_Stream7_IRQHandler                  0x080003ff   Thumb Code     0  startup_stm32f407xx.o(.text)
    ETH_IRQHandler                           0x080003ff   Thumb Code     0  startup_stm32f407xx.o(.text)
    ETH_WKUP_IRQHandler                      0x080003ff   Thumb Code     0  startup_stm32f407xx.o(.text)
    EXTI0_IRQHandler                         0x080003ff   Thumb Code     0  startup_stm32f407xx.o(.text)
    EXTI15_10_IRQHandler                     0x080003ff   Thumb Code     0  startup_stm32f407xx.o(.text)
    EXTI1_IRQHandler                         0x080003ff   Thumb Code     0  startup_stm32f407xx.o(.text)
    EXTI2_IRQHandler                         0x080003ff   Thumb Code     0  startup_stm32f407xx.o(.text)
    EXTI3_IRQHandler                         0x080003ff   Thumb Code     0  startup_stm32f407xx.o(.text)
    EXTI4_IRQHandler                         0x080003ff   Thumb Code     0  startup_stm32f407xx.o(.text)
    EXTI9_5_IRQHandler                       0x080003ff   Thumb Code     0  startup_stm32f407xx.o(.text)
    FLASH_IRQHandler                         0x080003ff   Thumb Code     0  startup_stm32f407xx.o(.text)
    FMC_IRQHandler                           0x080003ff   Thumb Code     0  startup_stm32f407xx.o(.text)
    FPU_IRQHandler                           0x080003ff   Thumb Code     0  startup_stm32f407xx.o(.text)
    HASH_RNG_IRQHandler                      0x080003ff   Thumb Code     0  startup_stm32f407xx.o(.text)
    I2C1_ER_IRQHandler                       0x080003ff   Thumb Code     0  startup_stm32f407xx.o(.text)
    I2C1_EV_IRQHandler                       0x080003ff   Thumb Code     0  startup_stm32f407xx.o(.text)
    I2C2_ER_IRQHandler                       0x080003ff   Thumb Code     0  startup_stm32f407xx.o(.text)
    I2C2_EV_IRQHandler                       0x080003ff   Thumb Code     0  startup_stm32f407xx.o(.text)
    I2C3_ER_IRQHandler                       0x080003ff   Thumb Code     0  startup_stm32f407xx.o(.text)
    I2C3_EV_IRQHandler                       0x080003ff   Thumb Code     0  startup_stm32f407xx.o(.text)
    OTG_FS_IRQHandler                        0x080003ff   Thumb Code     0  startup_stm32f407xx.o(.text)
    OTG_FS_WKUP_IRQHandler                   0x080003ff   Thumb Code     0  startup_stm32f407xx.o(.text)
    OTG_HS_EP1_IN_IRQHandler                 0x080003ff   Thumb Code     0  startup_stm32f407xx.o(.text)
    OTG_HS_EP1_OUT_IRQHandler                0x080003ff   Thumb Code     0  startup_stm32f407xx.o(.text)
    OTG_HS_IRQHandler                        0x080003ff   Thumb Code     0  startup_stm32f407xx.o(.text)
    OTG_HS_WKUP_IRQHandler                   0x080003ff   Thumb Code     0  startup_stm32f407xx.o(.text)
    PVD_IRQHandler                           0x080003ff   Thumb Code     0  startup_stm32f407xx.o(.text)
    RCC_IRQHandler                           0x080003ff   Thumb Code     0  startup_stm32f407xx.o(.text)
    RTC_Alarm_IRQHandler                     0x080003ff   Thumb Code     0  startup_stm32f407xx.o(.text)
    RTC_WKUP_IRQHandler                      0x080003ff   Thumb Code     0  startup_stm32f407xx.o(.text)
    SDIO_IRQHandler                          0x080003ff   Thumb Code     0  startup_stm32f407xx.o(.text)
    SPI2_IRQHandler                          0x080003ff   Thumb Code     0  startup_stm32f407xx.o(.text)
    SPI3_IRQHandler                          0x080003ff   Thumb Code     0  startup_stm32f407xx.o(.text)
    TAMP_STAMP_IRQHandler                    0x080003ff   Thumb Code     0  startup_stm32f407xx.o(.text)
    TIM1_BRK_TIM9_IRQHandler                 0x080003ff   Thumb Code     0  startup_stm32f407xx.o(.text)
    TIM1_CC_IRQHandler                       0x080003ff   Thumb Code     0  startup_stm32f407xx.o(.text)
    TIM1_TRG_COM_TIM11_IRQHandler            0x080003ff   Thumb Code     0  startup_stm32f407xx.o(.text)
    TIM1_UP_TIM10_IRQHandler                 0x080003ff   Thumb Code     0  startup_stm32f407xx.o(.text)
    TIM2_IRQHandler                          0x080003ff   Thumb Code     0  startup_stm32f407xx.o(.text)
    TIM3_IRQHandler                          0x080003ff   Thumb Code     0  startup_stm32f407xx.o(.text)
    TIM4_IRQHandler                          0x080003ff   Thumb Code     0  startup_stm32f407xx.o(.text)
    TIM5_IRQHandler                          0x080003ff   Thumb Code     0  startup_stm32f407xx.o(.text)
    TIM6_DAC_IRQHandler                      0x080003ff   Thumb Code     0  startup_stm32f407xx.o(.text)
    TIM7_IRQHandler                          0x080003ff   Thumb Code     0  startup_stm32f407xx.o(.text)
    TIM8_BRK_TIM12_IRQHandler                0x080003ff   Thumb Code     0  startup_stm32f407xx.o(.text)
    TIM8_CC_IRQHandler                       0x080003ff   Thumb Code     0  startup_stm32f407xx.o(.text)
    TIM8_TRG_COM_TIM14_IRQHandler            0x080003ff   Thumb Code     0  startup_stm32f407xx.o(.text)
    TIM8_UP_TIM13_IRQHandler                 0x080003ff   Thumb Code     0  startup_stm32f407xx.o(.text)
    UART4_IRQHandler                         0x080003ff   Thumb Code     0  startup_stm32f407xx.o(.text)
    UART5_IRQHandler                         0x080003ff   Thumb Code     0  startup_stm32f407xx.o(.text)
    USART2_IRQHandler                        0x080003ff   Thumb Code     0  startup_stm32f407xx.o(.text)
    USART3_IRQHandler                        0x080003ff   Thumb Code     0  startup_stm32f407xx.o(.text)
    USART6_IRQHandler                        0x080003ff   Thumb Code     0  startup_stm32f407xx.o(.text)
    WWDG_IRQHandler                          0x080003ff   Thumb Code     0  startup_stm32f407xx.o(.text)
    __user_initial_stackheap                 0x08000401   Thumb Code     0  startup_stm32f407xx.o(.text)
    __user_libspace                          0x08000425   Thumb Code     8  libspace.o(.text)
    __user_perproc_libspace                  0x08000425   Thumb Code     0  libspace.o(.text)
    __aeabi_uldivmod                         0x0800042d   Thumb Code     0  lludivv7m.o(.text)
    _ll_udiv                                 0x0800042d   Thumb Code   238  lludivv7m.o(.text)
    exit                                     0x0800051b   Thumb Code    18  exit.o(.text)
    __aeabi_memclr4                          0x0800052d   Thumb Code     0  rt_memclr_w.o(.text)
    __aeabi_memclr8                          0x0800052d   Thumb Code     0  rt_memclr_w.o(.text)
    __rt_memclr_w                            0x0800052d   Thumb Code    78  rt_memclr_w.o(.text)
    _memset_w                                0x08000531   Thumb Code     0  rt_memclr_w.o(.text)
    __use_two_region_memory                  0x0800057b   Thumb Code     2  heapauxi.o(.text)
    __rt_heap_escrow$2region                 0x0800057d   Thumb Code     2  heapauxi.o(.text)
    __rt_heap_expand$2region                 0x0800057f   Thumb Code     2  heapauxi.o(.text)
    _sys_exit                                0x08000581   Thumb Code     8  sys_exit.o(.text)
    __user_setup_stackheap                   0x0800058d   Thumb Code    74  sys_stackheap_outer.o(.text)
    __I$use$semihosting                      0x080005d7   Thumb Code     0  use_no_semi.o(.text)
    __use_no_semihosting_swi                 0x080005d7   Thumb Code     2  use_no_semi.o(.text)
    SVC_Count                                0x080005d8   Data           4  svc_table.o(SVC_TABLE)
    __semihosting_library_function           0x080005d9   Thumb Code     0  indicate_semi.o(.text)
    SVC_Table                                0x080005dc   Data           0  svc_table.o(SVC_TABLE)
    HAL_ADC_ConfigChannel                    0x08000a49   Thumb Code   380  stm32f4xx_hal_adc.o(i.HAL_ADC_ConfigChannel)
    HAL_ADC_GetValue                         0x08000bd5   Thumb Code     8  stm32f4xx_hal_adc.o(i.HAL_ADC_GetValue)
    HAL_ADC_Init                             0x08000bdd   Thumb Code   100  stm32f4xx_hal_adc.o(i.HAL_ADC_Init)
    HAL_ADC_MspInit                          0x08000c45   Thumb Code     2  stm32f4xx_hal_adc.o(i.HAL_ADC_MspInit)
    HAL_ADC_PollForConversion                0x08000c47   Thumb Code   194  stm32f4xx_hal_adc.o(i.HAL_ADC_PollForConversion)
    HAL_ADC_Start                            0x08000d09   Thumb Code   290  stm32f4xx_hal_adc.o(i.HAL_ADC_Start)
    HAL_ADC_Stop                             0x08000e45   Thumb Code    72  stm32f4xx_hal_adc.o(i.HAL_ADC_Stop)
    HAL_DMA_Abort                            0x08000e8d   Thumb Code   170  stm32f4xx_hal_dma.o(i.HAL_DMA_Abort)
    HAL_GPIO_DeInit                          0x08000f39   Thumb Code   316  stm32f4xx_hal_gpio.o(i.HAL_GPIO_DeInit)
    HAL_GPIO_Init                            0x0800109d   Thumb Code   466  stm32f4xx_hal_gpio.o(i.HAL_GPIO_Init)
    HAL_GPIO_ReadPin                         0x0800129d   Thumb Code    16  stm32f4xx_hal_gpio.o(i.HAL_GPIO_ReadPin)
    HAL_GPIO_WritePin                        0x080012ad   Thumb Code    12  stm32f4xx_hal_gpio.o(i.HAL_GPIO_WritePin)
    HAL_GetREVID                             0x080012b9   Thumb Code     8  stm32f4xx_hal.o(i.HAL_GetREVID)
    HAL_GetTick                              0x080012c5   Thumb Code     6  stm32f4xx_hal.o(i.HAL_GetTick)
    HAL_Init                                 0x080012d1   Thumb Code    44  stm32f4xx_hal.o(i.HAL_Init)
    HAL_InitTick                             0x08001301   Thumb Code    64  stm32f4xx_hal.o(i.HAL_InitTick)
    HAL_MspInit                              0x0800134d   Thumb Code     2  stm32f4xx_hal.o(i.HAL_MspInit)
    HAL_NVIC_DisableIRQ                      0x08001351   Thumb Code    62  stm32f4xx_hal_cortex.o(i.HAL_NVIC_DisableIRQ)
    HAL_NVIC_SetPriority                     0x08001395   Thumb Code   124  stm32f4xx_hal_cortex.o(i.HAL_NVIC_SetPriority)
    HAL_NVIC_SetPriorityGrouping             0x08001411   Thumb Code    32  stm32f4xx_hal_cortex.o(i.HAL_NVIC_SetPriorityGrouping)
    HAL_RCC_ClockConfig                      0x08001439   Thumb Code   366  stm32f4xx_hal_rcc.o(i.HAL_RCC_ClockConfig)
    HAL_RCC_GetHCLKFreq                      0x080015b9   Thumb Code     6  stm32f4xx_hal_rcc.o(i.HAL_RCC_GetHCLKFreq)
    HAL_RCC_GetPCLK2Freq                     0x080015c5   Thumb Code    22  stm32f4xx_hal_rcc.o(i.HAL_RCC_GetPCLK2Freq)
    HAL_RCC_GetSysClockFreq                  0x080015e5   Thumb Code   162  stm32f4xx_hal_rcc.o(i.HAL_RCC_GetSysClockFreq)
    HAL_RCC_OscConfig                        0x08001695   Thumb Code  1086  stm32f4xx_hal_rcc.o(i.HAL_RCC_OscConfig)
    HAL_SYSTICK_Config                       0x08001add   Thumb Code    52  stm32f4xx_hal_cortex.o(i.HAL_SYSTICK_Config)
    Init_SPI                                 0x08001b11   Thumb Code    42  main.o(i.Init_SPI)
    Init_UART                                0x08001b45   Thumb Code    52  main.o(i.Init_UART)
    LED_Initialize                           0x08001b7d   Thumb Code    68  led_f4discovery.o(i.LED_Initialize)
    SPI1_IRQHandler                          0x08001c01   Thumb Code    10  spi_stm32f4xx.o(i.SPI1_IRQHandler)
    SystemCoreClockUpdate                    0x080028fd   Thumb Code   170  system_stm32f4xx.o(i.SystemCoreClockUpdate)
    SystemInit                               0x080029bd   Thumb Code    82  system_stm32f4xx.o(i.SystemInit)
    USART1_IRQHandler                        0x08002a89   Thumb Code    10  usart_stm32f4xx.o(i.USART1_IRQHandler)
    USART_IRQHandler                         0x0800358f   Thumb Code   626  usart_stm32f4xx.o(i.USART_IRQHandler)
    _init_box                                0x08003f65   Thumb Code    70  rt_membox.o(i._init_box)
    _mutex_acquire                           0x08003fad   Thumb Code    22  rtx_conf_cm.o(i._mutex_acquire)
    _mutex_release                           0x08003fcd   Thumb Code    18  rtx_conf_cm.o(i._mutex_release)
    dbg_init                                 0x08003fe9   Thumb Code    34  hal_cm.o(i.dbg_init)
    dbg_task_notify                          0x08004019   Thumb Code    32  hal_cm.o(i.dbg_task_notify)
    dbg_task_switch                          0x08004039   Thumb Code    16  hal_cm.o(i.dbg_task_switch)
    init_PIN_PA0_ALS                         0x08004049   Thumb Code   148  main.o(i.init_PIN_PA0_ALS)
    isrMessageGet                            0x080040ed   Thumb Code    42  rt_cmsis.o(i.isrMessageGet)
    isrMessagePut                            0x08004117   Thumb Code    44  rt_cmsis.o(i.isrMessagePut)
    isr_mbx_receive                          0x08004145   Thumb Code    86  rt_mailbox.o(i.isr_mbx_receive)
    isr_mbx_send                             0x0800419b   Thumb Code    14  rt_mailbox.o(i.isr_mbx_send)
    lecture_capteur                          0x080041a9   Thumb Code    40  main.o(i.lecture_capteur)
    main                                     0x080041d9   Thumb Code    62  main.o(i.main)
    mySPI_Thread                             0x08004221   Thumb Code   200  main.o(i.mySPI_Thread)
    osDelay                                  0x080042f1   Thumb Code    18  rt_cmsis.o(i.osDelay)
    osKernelInitialize                       0x08004309   Thumb Code    30  rt_cmsis.o(i.osKernelInitialize)
    osKernelStart                            0x0800432d   Thumb Code    98  rt_cmsis.o(i.osKernelStart)
    osMessageGet                             0x08004399   Thumb Code    18  rt_cmsis.o(i.osMessageGet)
    osThreadCreate                           0x080043b1   Thumb Code    36  rt_cmsis.o(i.osThreadCreate)
    osThreadExit                             0x080043dd   Thumb Code    14  rt_cmsis.o(i.osThreadExit)
    osTimerCall                              0x080043f5   Thumb Code     8  rt_cmsis.o(i.osTimerCall)
    osTimerThread                            0x08004401   Thumb Code    38  rt_cmsis.o(i.osTimerThread)
    os_error                                 0x0800442d   Thumb Code    34  rtx_conf_cm.o(i.os_error)
    os_idle_demon                            0x0800444f   Thumb Code     4  rtx_conf_cm.o(i.os_idle_demon)
    os_tick_init                             0x08004455   Thumb Code    32  rt_system.o(i.os_tick_init)
    os_tick_irqack                           0x0800447d   Thumb Code     2  rt_system.o(i.os_tick_irqack)
    rt_alloc_box                             0x0800447f   Thumb Code    26  rt_membox.o(i.rt_alloc_box)
    rt_alloc_mem                             0x08004499   Thumb Code    62  rt_memory.o(i.rt_alloc_mem)
    rt_block                                 0x080044d9   Thumb Code    48  rt_task.o(i.rt_block)
    rt_chk_robin                             0x08004511   Thumb Code    60  rt_robin.o(i.rt_chk_robin)
    rt_dec_dly                               0x08004559   Thumb Code   102  rt_list.o(i.rt_dec_dly)
    rt_dispatch                              0x080045c9   Thumb Code    60  rt_task.o(i.rt_dispatch)
    rt_dly_wait                              0x0800460d   Thumb Code     6  rt_time.o(i.rt_dly_wait)
    rt_evt_psh                               0x08004615   Thumb Code    76  rt_event.o(i.rt_evt_psh)
    rt_free_box                              0x08004665   Thumb Code    44  rt_membox.o(i.rt_free_box)
    rt_free_mem                              0x08004691   Thumb Code    40  rt_memory.o(i.rt_free_mem)
    rt_get_first                             0x080046b9   Thumb Code    40  rt_list.o(i.rt_get_first)
    rt_init_mem                              0x08004731   Thumb Code    26  rt_memory.o(i.rt_init_mem)
    rt_init_robin                            0x0800474d   Thumb Code    14  rt_robin.o(i.rt_init_robin)
    rt_init_stack                            0x08004765   Thumb Code   118  hal_cm.o(i.rt_init_stack)
    rt_mbx_check                             0x080047e5   Thumb Code     8  rt_mailbox.o(i.rt_mbx_check)
    rt_mbx_init                              0x080047ed   Thumb Code    26  rt_mailbox.o(i.rt_mbx_init)
    rt_mbx_psh                               0x08004809   Thumb Code   236  rt_mailbox.o(i.rt_mbx_psh)
    rt_mbx_wait                              0x080048f9   Thumb Code   174  rt_mailbox.o(i.rt_mbx_wait)
    rt_mut_release                           0x080049f1   Thumb Code   208  rt_mutex.o(i.rt_mut_release)
    rt_mut_wait                              0x08004ac9   Thumb Code   114  rt_mutex.o(i.rt_mut_wait)
    rt_pop_req                               0x08004b41   Thumb Code   112  rt_system.o(i.rt_pop_req)
    rt_psh_req                               0x08004bbd   Thumb Code    22  rt_system.o(i.rt_psh_req)
    rt_psq_enq                               0x08004bdd   Thumb Code    88  rt_list.o(i.rt_psq_enq)
    rt_put_dly                               0x08004c39   Thumb Code    68  rt_list.o(i.rt_put_dly)
    rt_put_prio                              0x08004c81   Thumb Code    54  rt_list.o(i.rt_put_prio)
    rt_put_rdy_first                         0x08004cb9   Thumb Code    14  rt_list.o(i.rt_put_rdy_first)
    rt_resort_prio                           0x08004ccd   Thumb Code    46  rt_list.o(i.rt_resort_prio)
    rt_ret_val                               0x08004d11   Thumb Code    12  hal_cm.o(i.rt_ret_val)
    rt_ret_val2                              0x08004d1d   Thumb Code    16  hal_cm.o(i.rt_ret_val2)
    rt_rmv_dly                               0x08004d2d   Thumb Code    40  rt_list.o(i.rt_rmv_dly)
    rt_rmv_list                              0x08004d55   Thumb Code    44  rt_list.o(i.rt_rmv_list)
    rt_sem_psh                               0x08004d85   Thumb Code    48  rt_semaphore.o(i.rt_sem_psh)
    rt_stk_check                             0x08004db9   Thumb Code    28  rt_system.o(i.rt_stk_check)
    rt_switch_req                            0x08004ddd   Thumb Code    30  rt_task.o(i.rt_switch_req)
    rt_sys_init                              0x08004e05   Thumb Code   138  rt_task.o(i.rt_sys_init)
    rt_sys_start                             0x08004ed1   Thumb Code   110  rt_task.o(i.rt_sys_start)
    rt_systick                               0x08004f49   Thumb Code    50  rt_system.o(i.rt_systick)
    rt_tsk_create                            0x08004fd1   Thumb Code   118  rt_task.o(i.rt_tsk_create)
    rt_tsk_delete                            0x08005059   Thumb Code   352  rt_task.o(i.rt_tsk_delete)
    rt_tsk_prio                              0x080051d5   Thumb Code   108  rt_task.o(i.rt_tsk_prio)
    rt_tsk_self                              0x08005251   Thumb Code    12  rt_task.o(i.rt_tsk_self)
    svcDelay                                 0x08005261   Thumb Code    18  rt_cmsis.o(i.svcDelay)
    svcKernelInitialize                      0x08005275   Thumb Code    80  rt_cmsis.o(i.svcKernelInitialize)
    svcKernelStart                           0x080052e5   Thumb Code    62  rt_cmsis.o(i.svcKernelStart)
    svcMessageCreate                         0x0800532d   Thumb Code    36  rt_cmsis.o(i.svcMessageCreate)
    svcMessageGet                            0x08005351   Thumb Code    58  rt_cmsis.o(i.svcMessageGet)
    svcThreadCreate                          0x0800538d   Thumb Code    96  rt_cmsis.o(i.svcThreadCreate)
    svcThreadGetId                           0x080053f9   Thumb Code    22  rt_cmsis.o(i.svcThreadGetId)
    svcThreadTerminate                       0x08005415   Thumb Code    50  rt_cmsis.o(i.svcThreadTerminate)
    svcTimerCall                             0x0800544d   Thumb Code    24  rt_cmsis.o(i.svcTimerCall)
    sysTimerTick                             0x08005465   Thumb Code    84  rt_cmsis.o(i.sysTimerTick)
    _fp_init                                 0x080054c1   Thumb Code    10  fpinit.o(x$fpl$fpinit)
    __fplib_config_fpu_vfp                   0x080054c9   Thumb Code     0  fpinit.o(x$fpl$fpinit)
    __fplib_config_pureend_doubles           0x080054c9   Thumb Code     0  fpinit.o(x$fpl$fpinit)
    os_thread_def_mySPI_Thread               0x080054cc   Data          16  main.o(.constdata)
    os_maxtaskrun                            0x080054dc   Data           2  rtx_conf_cm.o(.constdata)
    os_stackinfo                             0x080054e0   Data           4  rtx_conf_cm.o(.constdata)
    os_rrobin                                0x080054e4   Data           4  rtx_conf_cm.o(.constdata)
    os_tickfreq                              0x080054e8   Data           4  rtx_conf_cm.o(.constdata)
    os_tickus_i                              0x080054ec   Data           2  rtx_conf_cm.o(.constdata)
    os_tickus_f                              0x080054ee   Data           2  rtx_conf_cm.o(.constdata)
    os_trv                                   0x080054f0   Data           4  rtx_conf_cm.o(.constdata)
    os_flags                                 0x080054f4   Data           1  rtx_conf_cm.o(.constdata)
    CMSIS_RTOS_API_Version                   0x080054f8   Data           4  rtx_conf_cm.o(.constdata)
    CMSIS_RTOS_RTX_Version                   0x080054fc   Data           4  rtx_conf_cm.o(.constdata)
    os_clockrate                             0x08005500   Data           4  rtx_conf_cm.o(.constdata)
    os_timernum                              0x08005504   Data           4  rtx_conf_cm.o(.constdata)
    mp_tcb_size                              0x08005508   Data           2  rtx_conf_cm.o(.constdata)
    mp_stk_size                              0x0800550c   Data           4  rtx_conf_cm.o(.constdata)
    os_stack_sz                              0x08005510   Data           4  rtx_conf_cm.o(.constdata)
    os_fifo_size                             0x08005514   Data           1  rtx_conf_cm.o(.constdata)
    os_thread_def_osTimerThread              0x08005518   Data          16  rtx_conf_cm.o(.constdata)
    os_messageQ_def_osTimerMessageQ          0x08005528   Data           8  rtx_conf_cm.o(.constdata)
    mp_tmr_size                              0x08005530   Data           2  rtx_conf_cm.o(.constdata)
    os_thread_def_main                       0x08005534   Data          16  rtx_conf_cm.o(.constdata)
    Driver_SPI1                              0x08005598   Data          44  spi_stm32f4xx.o(.constdata)
    Driver_USART1                            0x08005614   Data          56  usart_stm32f4xx.o(.constdata)
    AHBPrescTable                            0x0800564c   Data          16  system_stm32f4xx.o(.constdata)
    APBPrescTable                            0x0800565c   Data           8  system_stm32f4xx.o(.constdata)
    Region$$Table$$Base                      0x08005664   Number         0  anon$$obj.o(Region$$Table)
    Region$$Table$$Limit                     0x08005684   Number         0  anon$$obj.o(Region$$Table)
    tid_mySPI_Thread                         0x20000000   Data           4  main.o(.data)
    ADC_Value                                0x20000004   Data           4  main.o(.data)
    osThreadId_osTimerThread                 0x20000008   Data           4  rtx_conf_cm.o(.data)
    osMessageQId_osTimerMessageQ             0x2000000c   Data           4  rtx_conf_cm.o(.data)
    os_tmr                                   0x20000010   Data           4  rtx_conf_cm.o(.data)
    m_tmr                                    0x20000014   Data           4  rtx_conf_cm.o(.data)
    uwTick                                   0x2000001c   Data           4  stm32f4xx_hal.o(.data)
    uwTickPrio                               0x20000020   Data           4  stm32f4xx_hal.o(.data)
    uwTickFreq                               0x20000024   Data           1  stm32f4xx_hal.o(.data)
    SystemCoreClock                          0x20000028   Data           4  system_stm32f4xx.o(.data)
    os_initialized                           0x2000002c   Data           1  rt_cmsis.o(.data)
    os_running                               0x2000002d   Data           1  rt_cmsis.o(.data)
    os_timer_head                            0x20000030   Data           4  rt_cmsis.o(.data)
    os_tsk                                   0x20000034   Data           8  rt_task.o(.data)
    os_tick_irqn                             0x20000040   Data           4  rt_system.o(.data)
    os_time                                  0x20000044   Data           4  rt_time.o(.data)
    os_robin                                 0x20000048   Data           8  rt_robin.o(.data)
    dbg_msg                                  0x20000050   Data           1  hal_cm.o(.data)
    myADC2Handle                             0x20000054   Data          72  main.o(.bss)
    mp_tcb                                   0x200000a0   Data         376  rtx_conf_cm.o(.bss)
    mp_stk                                   0x20000218   Data        1216  rtx_conf_cm.o(.bss)
    os_stack_mem                             0x200006d8   Data         432  rtx_conf_cm.o(.bss)
    os_fifo                                  0x20000888   Data         132  rtx_conf_cm.o(.bss)
    os_active_TCB                            0x2000090c   Data          28  rtx_conf_cm.o(.bss)
    os_messageQ_q_osTimerMessageQ            0x20000928   Data          32  rtx_conf_cm.o(.bss)
    os_idle_TCB                              0x20000ccc   Data          52  rt_task.o(.bss)
    os_rdy                                   0x20000d00   Data          24  rt_list.o(.bss)
    os_dly                                   0x20000d18   Data          24  rt_list.o(.bss)
    __libspace_start                         0x20000d30   Data          96  libspace.o(.bss)
    __temporary_stack_top$libspace           0x20000d90   Data           0  libspace.o(.bss)



==============================================================================

Memory Map of the image

  Image Entry point : 0x08000189

  Load Region LR_IROM1 (Base: 0x08000000, Size: 0x000056d8, Max: 0x00100000, ABSOLUTE)

    Execution Region ER_IROM1 (Base: 0x08000000, Size: 0x00005684, Max: 0x00100000, ABSOLUTE)

    Base Addr    Size         Type   Attr      Idx    E Section Name        Object

    0x08000000   0x00000188   Data   RO         2888    RESET               startup_stm32f407xx.o
    0x08000188   0x00000008   Code   RO         4159  * !!!main             c_w.l(__main.o)
    0x08000190   0x00000034   Code   RO         4320    !!!scatter          c_w.l(__scatter.o)
    0x080001c4   0x0000001a   Code   RO         4322    !!handler_copy      c_w.l(__scatter_copy.o)
    0x080001de   0x00000002   PAD
    0x080001e0   0x0000001c   Code   RO         4324    !!handler_zi        c_w.l(__scatter_zi.o)
    0x080001fc   0x00000002   Code   RO         4206    .ARM.Collect$$libinit$$00000000  c_w.l(libinit.o)
    0x080001fe   0x00000004   Code   RO         4217    .ARM.Collect$$libinit$$00000001  c_w.l(libinit2.o)
    0x08000202   0x00000000   Code   RO         4220    .ARM.Collect$$libinit$$00000004  c_w.l(libinit2.o)
    0x08000202   0x00000000   Code   RO         4223    .ARM.Collect$$libinit$$0000000A  c_w.l(libinit2.o)
    0x08000202   0x00000000   Code   RO         4225    .ARM.Collect$$libinit$$0000000C  c_w.l(libinit2.o)
    0x08000202   0x00000000   Code   RO         4227    .ARM.Collect$$libinit$$0000000E  c_w.l(libinit2.o)
    0x08000202   0x00000000   Code   RO         4230    .ARM.Collect$$libinit$$00000011  c_w.l(libinit2.o)
    0x08000202   0x00000000   Code   RO         4232    .ARM.Collect$$libinit$$00000013  c_w.l(libinit2.o)
    0x08000202   0x00000000   Code   RO         4234    .ARM.Collect$$libinit$$00000015  c_w.l(libinit2.o)
    0x08000202   0x00000000   Code   RO         4236    .ARM.Collect$$libinit$$00000017  c_w.l(libinit2.o)
    0x08000202   0x00000000   Code   RO         4238    .ARM.Collect$$libinit$$00000019  c_w.l(libinit2.o)
    0x08000202   0x00000000   Code   RO         4240    .ARM.Collect$$libinit$$0000001B  c_w.l(libinit2.o)
    0x08000202   0x00000000   Code   RO         4242    .ARM.Collect$$libinit$$0000001D  c_w.l(libinit2.o)
    0x08000202   0x00000000   Code   RO         4244    .ARM.Collect$$libinit$$0000001F  c_w.l(libinit2.o)
    0x08000202   0x00000000   Code   RO         4246    .ARM.Collect$$libinit$$00000021  c_w.l(libinit2.o)
    0x08000202   0x00000000   Code   RO         4248    .ARM.Collect$$libinit$$00000023  c_w.l(libinit2.o)
    0x08000202   0x00000000   Code   RO         4250    .ARM.Collect$$libinit$$00000025  c_w.l(libinit2.o)
    0x08000202   0x00000000   Code   RO         4254    .ARM.Collect$$libinit$$0000002C  c_w.l(libinit2.o)
    0x08000202   0x00000000   Code   RO         4256    .ARM.Collect$$libinit$$0000002E  c_w.l(libinit2.o)
    0x08000202   0x00000000   Code   RO         4258    .ARM.Collect$$libinit$$00000030  c_w.l(libinit2.o)
    0x08000202   0x00000000   Code   RO         4260    .ARM.Collect$$libinit$$00000032  c_w.l(libinit2.o)
    0x08000202   0x00000002   Code   RO         4261    .ARM.Collect$$libinit$$00000033  c_w.l(libinit2.o)
    0x08000204   0x00000002   Code   RO         4207    .ARM.Collect$$libshutdown$$00000000  c_w.l(libshutdown.o)
    0x08000206   0x00000000   Code   RO         4263    .ARM.Collect$$libshutdown$$00000002  c_w.l(libshutdown2.o)
    0x08000206   0x00000000   Code   RO         4265    .ARM.Collect$$libshutdown$$00000004  c_w.l(libshutdown2.o)
    0x08000206   0x00000000   Code   RO         4268    .ARM.Collect$$libshutdown$$00000007  c_w.l(libshutdown2.o)
    0x08000206   0x00000000   Code   RO         4271    .ARM.Collect$$libshutdown$$0000000A  c_w.l(libshutdown2.o)
    0x08000206   0x00000000   Code   RO         4273    .ARM.Collect$$libshutdown$$0000000C  c_w.l(libshutdown2.o)
    0x08000206   0x00000000   Code   RO         4276    .ARM.Collect$$libshutdown$$0000000F  c_w.l(libshutdown2.o)
    0x08000206   0x00000002   Code   RO         4277    .ARM.Collect$$libshutdown$$00000010  c_w.l(libshutdown2.o)
    0x08000208   0x00000000   Code   RO         4161    .ARM.Collect$$rtentry$$00000000  c_w.l(__rtentry.o)
    0x08000208   0x00000000   Code   RO         4169    .ARM.Collect$$rtentry$$00000002  c_w.l(__rtentry2.o)
    0x08000208   0x00000006   Code   RO         4181    .ARM.Collect$$rtentry$$00000004  c_w.l(__rtentry4.o)
    0x0800020e   0x00000000   Code   RO         4171    .ARM.Collect$$rtentry$$00000009  c_w.l(__rtentry2.o)
    0x0800020e   0x00000004   Code   RO         4172    .ARM.Collect$$rtentry$$0000000A  c_w.l(__rtentry2.o)
    0x08000212   0x00000008   Code   RO         4173    .ARM.Collect$$rtentry$$0000000B  c_w.l(__rtentry2.o)
    0x0800021a   0x00000008   Code   RO         4175    .ARM.Collect$$rtentry$$0000000D  c_w.l(__rtentry2.o)
    0x08000222   0x00000002   Code   RO         4162    .ARM.Collect$$rtexit$$00000000  c_w.l(rtexit.o)
    0x08000224   0x00000000   Code   RO         4184    .ARM.Collect$$rtexit$$00000002  c_w.l(rtexit2.o)
    0x08000224   0x00000004   Code   RO         4185    .ARM.Collect$$rtexit$$00000003  c_w.l(rtexit2.o)
    0x08000228   0x00000006   Code   RO         4186    .ARM.Collect$$rtexit$$00000004  c_w.l(rtexit2.o)
    0x0800022e   0x00000002   PAD
    0x08000230   0x0000001c   Code   RO          266    .emb_text           rtx_conf_cm.o
    0x0800024c   0x00000198   Code   RO         4133    .emb_text           RTX_CM4.lib(hal_cm4.o)
    0x080003e4   0x00000040   Code   RO         2889    .text               startup_stm32f407xx.o
    0x08000424   0x00000008   Code   RO         4148    .text               c_w.l(libspace.o)
    0x0800042c   0x000000ee   Code   RO         4151    .text               c_w.l(lludivv7m.o)
    0x0800051a   0x00000012   Code   RO         4153    .text               c_w.l(exit.o)
    0x0800052c   0x0000004e   Code   RO         4155    .text               c_w.l(rt_memclr_w.o)
    0x0800057a   0x00000006   Code   RO         4157    .text               c_w.l(heapauxi.o)
    0x08000580   0x0000000c   Code   RO         4192    .text               c_w.l(sys_exit.o)
    0x0800058c   0x0000004a   Code   RO         4194    .text               c_w.l(sys_stackheap_outer.o)
    0x080005d6   0x00000002   Code   RO         4208    .text               c_w.l(use_no_semi.o)
    0x080005d8   0x00000000   Code   RO         4210    .text               c_w.l(indicate_semi.o)
    0x080005d8   0x00000004   Code   RO         4143    SVC_TABLE           RTX_CM4.lib(svc_table.o)
    0x080005dc   0x00000160   Code   RO          864    i.ADC_Init          stm32f4xx_hal_adc.o
    0x0800073c   0x00000184   Code   RO          327    i.Enable_GPIO_Clock  spi_stm32f4xx.o
    0x080008c0   0x00000184   Code   RO          496    i.Enable_GPIO_Clock  usart_stm32f4xx.o
    0x08000a44   0x00000004   Code   RO            4    i.Error_Handler     main.o
    0x08000a48   0x0000018c   Code   RO          866    i.HAL_ADC_ConfigChannel  stm32f4xx_hal_adc.o
    0x08000bd4   0x00000008   Code   RO          873    i.HAL_ADC_GetValue  stm32f4xx_hal_adc.o
    0x08000bdc   0x00000068   Code   RO          875    i.HAL_ADC_Init      stm32f4xx_hal_adc.o
    0x08000c44   0x00000002   Code   RO          878    i.HAL_ADC_MspInit   stm32f4xx_hal_adc.o
    0x08000c46   0x000000c2   Code   RO          879    i.HAL_ADC_PollForConversion  stm32f4xx_hal_adc.o
    0x08000d08   0x0000013c   Code   RO          881    i.HAL_ADC_Start     stm32f4xx_hal_adc.o
    0x08000e44   0x00000048   Code   RO          884    i.HAL_ADC_Stop      stm32f4xx_hal_adc.o
    0x08000e8c   0x000000aa   Code   RO         1279    i.HAL_DMA_Abort     stm32f4xx_hal_dma.o
    0x08000f36   0x00000002   PAD
    0x08000f38   0x00000164   Code   RO         1423    i.HAL_GPIO_DeInit   stm32f4xx_hal_gpio.o
    0x0800109c   0x00000200   Code   RO         1426    i.HAL_GPIO_Init     stm32f4xx_hal_gpio.o
    0x0800129c   0x00000010   Code   RO         1428    i.HAL_GPIO_ReadPin  stm32f4xx_hal_gpio.o
    0x080012ac   0x0000000c   Code   RO         1430    i.HAL_GPIO_WritePin  stm32f4xx_hal_gpio.o
    0x080012b8   0x0000000c   Code   RO          690    i.HAL_GetREVID      stm32f4xx_hal.o
    0x080012c4   0x0000000c   Code   RO          691    i.HAL_GetTick       stm32f4xx_hal.o
    0x080012d0   0x00000030   Code   RO          698    i.HAL_Init          stm32f4xx_hal.o
    0x08001300   0x0000004c   Code   RO          699    i.HAL_InitTick      stm32f4xx_hal.o
    0x0800134c   0x00000002   Code   RO          701    i.HAL_MspInit       stm32f4xx_hal.o
    0x0800134e   0x00000002   PAD
    0x08001350   0x00000044   Code   RO         1140    i.HAL_NVIC_DisableIRQ  stm32f4xx_hal_cortex.o
    0x08001394   0x0000007c   Code   RO         1147    i.HAL_NVIC_SetPriority  stm32f4xx_hal_cortex.o
    0x08001410   0x00000028   Code   RO         1148    i.HAL_NVIC_SetPriorityGrouping  stm32f4xx_hal_cortex.o
    0x08001438   0x00000180   Code   RO         2126    i.HAL_RCC_ClockConfig  stm32f4xx_hal_rcc.o
    0x080015b8   0x0000000c   Code   RO         2131    i.HAL_RCC_GetHCLKFreq  stm32f4xx_hal_rcc.o
    0x080015c4   0x00000020   Code   RO         2134    i.HAL_RCC_GetPCLK2Freq  stm32f4xx_hal_rcc.o
    0x080015e4   0x000000b0   Code   RO         2135    i.HAL_RCC_GetSysClockFreq  stm32f4xx_hal_rcc.o
    0x08001694   0x00000448   Code   RO         2138    i.HAL_RCC_OscConfig  stm32f4xx_hal_rcc.o
    0x08001adc   0x00000034   Code   RO         1152    i.HAL_SYSTICK_Config  stm32f4xx_hal_cortex.o
    0x08001b10   0x00000034   Code   RO            5    i.Init_SPI          main.o
    0x08001b44   0x00000038   Code   RO            6    i.Init_UART         main.o
    0x08001b7c   0x0000004c   Code   RO          211    i.LED_Initialize    led_f4discovery.o
    0x08001bc8   0x00000018   Code   RO          328    i.SPI1_Control      spi_stm32f4xx.o
    0x08001be0   0x00000010   Code   RO          329    i.SPI1_GetDataCount  spi_stm32f4xx.o
    0x08001bf0   0x00000010   Code   RO          330    i.SPI1_GetStatus    spi_stm32f4xx.o
    0x08001c00   0x00000010   Code   RO          331    i.SPI1_IRQHandler   spi_stm32f4xx.o
    0x08001c10   0x00000014   Code   RO          332    i.SPI1_Initialize   spi_stm32f4xx.o
    0x08001c24   0x00000014   Code   RO          333    i.SPI1_PowerControl  spi_stm32f4xx.o
    0x08001c38   0x00000018   Code   RO          334    i.SPI1_Receive      spi_stm32f4xx.o
    0x08001c50   0x00000018   Code   RO          335    i.SPI1_Send         spi_stm32f4xx.o
    0x08001c68   0x0000001c   Code   RO          336    i.SPI1_Transfer     spi_stm32f4xx.o
    0x08001c84   0x00000010   Code   RO          337    i.SPI1_Uninitialize  spi_stm32f4xx.o
    0x08001c94   0x0000000c   Code   RO          338    i.SPIX_GetCapabilities  spi_stm32f4xx.o
    0x08001ca0   0x00000010   Code   RO          339    i.SPIX_GetVersion   spi_stm32f4xx.o
    0x08001cb0   0x0000046c   Code   RO          340    i.SPI_Control       spi_stm32f4xx.o
    0x0800211c   0x00000008   Code   RO          341    i.SPI_GetDataCount  spi_stm32f4xx.o
    0x08002124   0x0000005a   Code   RO          342    i.SPI_GetStatus     spi_stm32f4xx.o
    0x0800217e   0x00000106   Code   RO          343    i.SPI_IRQHandler    spi_stm32f4xx.o
    0x08002284   0x000000d4   Code   RO          344    i.SPI_Initialize    spi_stm32f4xx.o
    0x08002358   0x000000a0   Code   RO          345    i.SPI_PeripheralReset  spi_stm32f4xx.o
    0x080023f8   0x000001c0   Code   RO          346    i.SPI_PowerControl  spi_stm32f4xx.o
    0x080025b8   0x00000088   Code   RO          347    i.SPI_Receive       spi_stm32f4xx.o
    0x08002640   0x00000056   Code   RO          348    i.SPI_RxData        spi_stm32f4xx.o
    0x08002696   0x00000088   Code   RO          349    i.SPI_Send          spi_stm32f4xx.o
    0x0800271e   0x00000076   Code   RO          350    i.SPI_Transfer      spi_stm32f4xx.o
    0x08002794   0x00000054   Code   RO          351    i.SPI_TxData        spi_stm32f4xx.o
    0x080027e8   0x00000054   Code   RO          352    i.SPI_Uninitialize  spi_stm32f4xx.o
    0x0800283c   0x000000c0   Code   RO            7    i.SystemClock_Config  main.o
    0x080028fc   0x000000c0   Code   RO         2896    i.SystemCoreClockUpdate  system_stm32f4xx.o
    0x080029bc   0x00000064   Code   RO         2897    i.SystemInit        system_stm32f4xx.o
    0x08002a20   0x00000018   Code   RO          497    i.USART1_Control    usart_stm32f4xx.o
    0x08002a38   0x00000010   Code   RO          498    i.USART1_GetCapabilities  usart_stm32f4xx.o
    0x08002a48   0x00000010   Code   RO          499    i.USART1_GetModemStatus  usart_stm32f4xx.o
    0x08002a58   0x00000010   Code   RO          500    i.USART1_GetRxCount  usart_stm32f4xx.o
    0x08002a68   0x00000010   Code   RO          501    i.USART1_GetStatus  usart_stm32f4xx.o
    0x08002a78   0x00000010   Code   RO          502    i.USART1_GetTxCount  usart_stm32f4xx.o
    0x08002a88   0x00000010   Code   RO          503    i.USART1_IRQHandler  usart_stm32f4xx.o
    0x08002a98   0x00000014   Code   RO          504    i.USART1_Initialize  usart_stm32f4xx.o
    0x08002aac   0x00000014   Code   RO          505    i.USART1_PowerControl  usart_stm32f4xx.o
    0x08002ac0   0x00000018   Code   RO          506    i.USART1_Receive    usart_stm32f4xx.o
    0x08002ad8   0x00000018   Code   RO          507    i.USART1_Send       usart_stm32f4xx.o
    0x08002af0   0x00000014   Code   RO          508    i.USART1_SetModemControl  usart_stm32f4xx.o
    0x08002b04   0x0000001c   Code   RO          509    i.USART1_Transfer   usart_stm32f4xx.o
    0x08002b20   0x00000010   Code   RO          510    i.USART1_Uninitialize  usart_stm32f4xx.o
    0x08002b30   0x000008e8   Code   RO          511    i.USART_Control     usart_stm32f4xx.o
    0x08003418   0x00000006   Code   RO          512    i.USART_GetCapabilities  usart_stm32f4xx.o
    0x0800341e   0x0000008c   Code   RO          513    i.USART_GetModemStatus  usart_stm32f4xx.o
    0x080034aa   0x00000008   Code   RO          514    i.USART_GetRxCount  usart_stm32f4xx.o
    0x080034b2   0x000000d4   Code   RO          515    i.USART_GetStatus   usart_stm32f4xx.o
    0x08003586   0x00000008   Code   RO          516    i.USART_GetTxCount  usart_stm32f4xx.o
    0x0800358e   0x00000272   Code   RO          517    i.USART_IRQHandler  usart_stm32f4xx.o
    0x08003800   0x00000092   Code   RO          518    i.USART_Initialize  usart_stm32f4xx.o
    0x08003892   0x00000002   PAD
    0x08003894   0x00000134   Code   RO          519    i.USART_PeripheralReset  usart_stm32f4xx.o
    0x080039c8   0x000002c8   Code   RO          520    i.USART_PowerControl  usart_stm32f4xx.o
    0x08003c90   0x000000a2   Code   RO          521    i.USART_Receive     usart_stm32f4xx.o
    0x08003d32   0x00000088   Code   RO          522    i.USART_Send        usart_stm32f4xx.o
    0x08003dba   0x0000008c   Code   RO          523    i.USART_SetModemControl  usart_stm32f4xx.o
    0x08003e46   0x0000006a   Code   RO          524    i.USART_Transfer    usart_stm32f4xx.o
    0x08003eb0   0x0000006a   Code   RO          525    i.USART_Uninitialize  usart_stm32f4xx.o
    0x08003f1a   0x00000002   PAD
    0x08003f1c   0x00000010   Code   RO          526    i.USARTx_GetVersion  usart_stm32f4xx.o
    0x08003f2c   0x00000010   Code   RO         1154    i.__NVIC_GetPriorityGrouping  stm32f4xx_hal_cortex.o
    0x08003f3c   0x00000028   Code   RO         1155    i.__NVIC_SetPriority  stm32f4xx_hal_cortex.o
    0x08003f64   0x00000046   Code   RO         4027    i._init_box         RTX_CM4.lib(rt_membox.o)
    0x08003faa   0x00000002   PAD
    0x08003fac   0x00000020   Code   RO          268    i._mutex_acquire    rtx_conf_cm.o
    0x08003fcc   0x0000001c   Code   RO          270    i._mutex_release    rtx_conf_cm.o
    0x08003fe8   0x00000030   Code   RO         4080    i.dbg_init          RTX_CM4.lib(hal_cm.o)
    0x08004018   0x00000020   Code   RO         4081    i.dbg_task_notify   RTX_CM4.lib(hal_cm.o)
    0x08004038   0x00000010   Code   RO         4082    i.dbg_task_switch   RTX_CM4.lib(hal_cm.o)
    0x08004048   0x000000a4   Code   RO            8    i.init_PIN_PA0_ALS  main.o
    0x080040ec   0x0000002a   Code   RO         2933    i.isrMessageGet     RTX_CM4.lib(rt_cmsis.o)
    0x08004116   0x0000002c   Code   RO         2934    i.isrMessagePut     RTX_CM4.lib(rt_cmsis.o)
    0x08004142   0x00000002   PAD
    0x08004144   0x00000056   Code   RO         3882    i.isr_mbx_receive   RTX_CM4.lib(rt_mailbox.o)
    0x0800419a   0x0000000e   Code   RO         3883    i.isr_mbx_send      RTX_CM4.lib(rt_mailbox.o)
    0x080041a8   0x00000030   Code   RO            9    i.lecture_capteur   main.o
    0x080041d8   0x00000048   Code   RO           10    i.main              main.o
    0x08004220   0x000000d0   Code   RO           11    i.mySPI_Thread      main.o
    0x080042f0   0x00000018   Code   RO         2937    i.osDelay           RTX_CM4.lib(rt_cmsis.o)
    0x08004308   0x00000024   Code   RO         2938    i.osKernelInitialize  RTX_CM4.lib(rt_cmsis.o)
    0x0800432c   0x0000006c   Code   RO         2940    i.osKernelStart     RTX_CM4.lib(rt_cmsis.o)
    0x08004398   0x00000018   Code   RO         2949    i.osMessageGet      RTX_CM4.lib(rt_cmsis.o)
    0x080043b0   0x0000002c   Code   RO         2966    i.osThreadCreate    RTX_CM4.lib(rt_cmsis.o)
    0x080043dc   0x00000018   Code   RO         2967    i.osThreadExit      RTX_CM4.lib(rt_cmsis.o)
    0x080043f4   0x0000000c   Code   RO         2973    i.osTimerCall       RTX_CM4.lib(rt_cmsis.o)
    0x08004400   0x0000002c   Code   RO         2978    i.osTimerThread     RTX_CM4.lib(rt_cmsis.o)
    0x0800442c   0x00000022   Code   RO          271    i.os_error          rtx_conf_cm.o
    0x0800444e   0x00000004   Code   RO          272    i.os_idle_demon     rtx_conf_cm.o
    0x08004452   0x00000002   PAD
    0x08004454   0x00000028   Code   RO         3674    i.os_tick_init      RTX_CM4.lib(rt_system.o)
    0x0800447c   0x00000002   Code   RO         3675    i.os_tick_irqack    RTX_CM4.lib(rt_system.o)
    0x0800447e   0x0000001a   Code   RO         4028    i.rt_alloc_box      RTX_CM4.lib(rt_membox.o)
    0x08004498   0x0000003e   Code   RO         4056    i.rt_alloc_mem      RTX_CM4.lib(rt_memory.o)
    0x080044d6   0x00000002   PAD
    0x080044d8   0x00000038   Code   RO         3555    i.rt_block          RTX_CM4.lib(rt_task.o)
    0x08004510   0x00000048   Code   RO         4005    i.rt_chk_robin      RTX_CM4.lib(rt_robin.o)
    0x08004558   0x00000070   Code   RO         3806    i.rt_dec_dly        RTX_CM4.lib(rt_list.o)
    0x080045c8   0x00000044   Code   RO         3556    i.rt_dispatch       RTX_CM4.lib(rt_task.o)
    0x0800460c   0x00000006   Code   RO         3972    i.rt_dly_wait       RTX_CM4.lib(rt_time.o)
    0x08004612   0x00000002   PAD
    0x08004614   0x00000050   Code   RO         3767    i.rt_evt_psh        RTX_CM4.lib(rt_event.o)
    0x08004664   0x0000002c   Code   RO         4029    i.rt_free_box       RTX_CM4.lib(rt_membox.o)
    0x08004690   0x00000028   Code   RO         4057    i.rt_free_mem       RTX_CM4.lib(rt_memory.o)
    0x080046b8   0x00000028   Code   RO         3807    i.rt_get_first      RTX_CM4.lib(rt_list.o)
    0x080046e0   0x00000008   Code   RO         2983    i.rt_id2obj         RTX_CM4.lib(rt_cmsis.o)
    0x080046e8   0x00000048   Code   RO         3557    i.rt_init_context   RTX_CM4.lib(rt_task.o)
    0x08004730   0x0000001a   Code   RO         4058    i.rt_init_mem       RTX_CM4.lib(rt_memory.o)
    0x0800474a   0x00000002   PAD
    0x0800474c   0x00000018   Code   RO         4006    i.rt_init_robin     RTX_CM4.lib(rt_robin.o)
    0x08004764   0x00000080   Code   RO         4083    i.rt_init_stack     RTX_CM4.lib(hal_cm.o)
    0x080047e4   0x00000008   Code   RO         3884    i.rt_mbx_check      RTX_CM4.lib(rt_mailbox.o)
    0x080047ec   0x0000001a   Code   RO         3885    i.rt_mbx_init       RTX_CM4.lib(rt_mailbox.o)
    0x08004806   0x00000002   PAD
    0x08004808   0x000000f0   Code   RO         3886    i.rt_mbx_psh        RTX_CM4.lib(rt_mailbox.o)
    0x080048f8   0x000000b4   Code   RO         3888    i.rt_mbx_wait       RTX_CM4.lib(rt_mailbox.o)
    0x080049ac   0x00000044   Code   RO         2984    i.rt_ms2tick        RTX_CM4.lib(rt_cmsis.o)
    0x080049f0   0x000000d8   Code   RO         3641    i.rt_mut_release    RTX_CM4.lib(rt_mutex.o)
    0x08004ac8   0x00000078   Code   RO         3642    i.rt_mut_wait       RTX_CM4.lib(rt_mutex.o)
    0x08004b40   0x0000007c   Code   RO         3678    i.rt_pop_req        RTX_CM4.lib(rt_system.o)
    0x08004bbc   0x00000020   Code   RO         3679    i.rt_psh_req        RTX_CM4.lib(rt_system.o)
    0x08004bdc   0x0000005c   Code   RO         3809    i.rt_psq_enq        RTX_CM4.lib(rt_list.o)
    0x08004c38   0x00000048   Code   RO         3810    i.rt_put_dly        RTX_CM4.lib(rt_list.o)
    0x08004c80   0x00000036   Code   RO         3811    i.rt_put_prio       RTX_CM4.lib(rt_list.o)
    0x08004cb6   0x00000002   PAD
    0x08004cb8   0x00000014   Code   RO         3812    i.rt_put_rdy_first  RTX_CM4.lib(rt_list.o)
    0x08004ccc   0x00000034   Code   RO         3813    i.rt_resort_prio    RTX_CM4.lib(rt_list.o)
    0x08004d00   0x00000010   Code   RO         4084    i.rt_ret_regs       RTX_CM4.lib(hal_cm.o)
    0x08004d10   0x0000000c   Code   RO         4085    i.rt_ret_val        RTX_CM4.lib(hal_cm.o)
    0x08004d1c   0x00000010   Code   RO         4086    i.rt_ret_val2       RTX_CM4.lib(hal_cm.o)
    0x08004d2c   0x00000028   Code   RO         3814    i.rt_rmv_dly        RTX_CM4.lib(rt_list.o)
    0x08004d54   0x00000030   Code   RO         3815    i.rt_rmv_list       RTX_CM4.lib(rt_list.o)
    0x08004d84   0x00000034   Code   RO         3933    i.rt_sem_psh        RTX_CM4.lib(rt_semaphore.o)
    0x08004db8   0x00000024   Code   RO         3681    i.rt_stk_check      RTX_CM4.lib(rt_system.o)
    0x08004ddc   0x00000028   Code   RO         3558    i.rt_switch_req     RTX_CM4.lib(rt_task.o)
    0x08004e04   0x000000cc   Code   RO         3559    i.rt_sys_init       RTX_CM4.lib(rt_task.o)
    0x08004ed0   0x00000078   Code   RO         3560    i.rt_sys_start      RTX_CM4.lib(rt_task.o)
    0x08004f48   0x00000040   Code   RO         3683    i.rt_systick        RTX_CM4.lib(rt_system.o)
    0x08004f88   0x00000012   Code   RO         2985    i.rt_tid2ptcb       RTX_CM4.lib(rt_cmsis.o)
    0x08004f9a   0x00000002   PAD
    0x08004f9c   0x00000034   Code   RO         2986    i.rt_timer_insert   RTX_CM4.lib(rt_cmsis.o)
    0x08004fd0   0x00000088   Code   RO         3561    i.rt_tsk_create     RTX_CM4.lib(rt_task.o)
    0x08005058   0x0000017c   Code   RO         3562    i.rt_tsk_delete     RTX_CM4.lib(rt_task.o)
    0x080051d4   0x0000007c   Code   RO         3564    i.rt_tsk_prio       RTX_CM4.lib(rt_task.o)
    0x08005250   0x00000010   Code   RO         3565    i.rt_tsk_self       RTX_CM4.lib(rt_task.o)
    0x08005260   0x00000012   Code   RO         2988    i.svcDelay          RTX_CM4.lib(rt_cmsis.o)
    0x08005272   0x00000002   PAD
    0x08005274   0x00000070   Code   RO         2989    i.svcKernelInitialize  RTX_CM4.lib(rt_cmsis.o)
    0x080052e4   0x00000048   Code   RO         2991    i.svcKernelStart    RTX_CM4.lib(rt_cmsis.o)
    0x0800532c   0x00000024   Code   RO         2994    i.svcMessageCreate  RTX_CM4.lib(rt_cmsis.o)
    0x08005350   0x0000003a   Code   RO         2995    i.svcMessageGet     RTX_CM4.lib(rt_cmsis.o)
    0x0800538a   0x00000002   PAD
    0x0800538c   0x0000006c   Code   RO         3009    i.svcThreadCreate   RTX_CM4.lib(rt_cmsis.o)
    0x080053f8   0x0000001c   Code   RO         3010    i.svcThreadGetId    RTX_CM4.lib(rt_cmsis.o)
    0x08005414   0x00000038   Code   RO         3013    i.svcThreadTerminate  RTX_CM4.lib(rt_cmsis.o)
    0x0800544c   0x00000018   Code   RO         3015    i.svcTimerCall      RTX_CM4.lib(rt_cmsis.o)
    0x08005464   0x0000005c   Code   RO         3024    i.sysTimerTick      RTX_CM4.lib(rt_cmsis.o)
    0x080054c0   0x0000000a   Code   RO         4284    x$fpl$fpinit        fz_wm.l(fpinit.o)
    0x080054ca   0x00000002   PAD
    0x080054cc   0x00000010   Data   RO           13    .constdata          main.o
    0x080054dc   0x00000068   Data   RO          274    .constdata          rtx_conf_cm.o
    0x08005544   0x00000080   Data   RO          354    .constdata          spi_stm32f4xx.o
    0x080055c4   0x00000088   Data   RO          528    .constdata          usart_stm32f4xx.o
    0x0800564c   0x00000018   Data   RO         2898    .constdata          system_stm32f4xx.o
    0x08005664   0x00000020   Data   RO         4318    Region$$Table       anon$$obj.o


    Execution Region RW_IRAM1 (Base: 0x20000000, Size: 0x00001390, Max: 0x00020000, ABSOLUTE)

    Base Addr    Size         Type   Attr      Idx    E Section Name        Object

    0x20000000   0x00000008   Data   RW           14    .data               main.o
    0x20000008   0x00000014   Data   RW          275    .data               rtx_conf_cm.o
    0x2000001c   0x00000009   Data   RW          705    .data               stm32f4xx_hal.o
    0x20000025   0x00000003   PAD
    0x20000028   0x00000004   Data   RW         2899    .data               system_stm32f4xx.o
    0x2000002c   0x00000008   Data   RW         3027    .data               RTX_CM4.lib(rt_cmsis.o)
    0x20000034   0x00000008   Data   RW         3567    .data               RTX_CM4.lib(rt_task.o)
    0x2000003c   0x00000008   Data   RW         3686    .data               RTX_CM4.lib(rt_system.o)
    0x20000044   0x00000004   Data   RW         3976    .data               RTX_CM4.lib(rt_time.o)
    0x20000048   0x00000008   Data   RW         4007    .data               RTX_CM4.lib(rt_robin.o)
    0x20000050   0x00000001   Data   RW         4087    .data               RTX_CM4.lib(hal_cm.o)
    0x20000051   0x00000003   PAD
    0x20000054   0x00000048   Zero   RW           12    .bss                main.o
    0x2000009c   0x00000004   PAD
    0x200000a0   0x00000bc8   Zero   RW          273    .bss                rtx_conf_cm.o
    0x20000c68   0x0000002c   Zero   RW          353    .bss                spi_stm32f4xx.o
    0x20000c94   0x00000038   Zero   RW          527    .bss                usart_stm32f4xx.o
    0x20000ccc   0x00000034   Zero   RW         3566    .bss                RTX_CM4.lib(rt_task.o)
    0x20000d00   0x00000030   Zero   RW         3816    .bss                RTX_CM4.lib(rt_list.o)
    0x20000d30   0x00000060   Zero   RW         4149    .bss                c_w.l(libspace.o)
    0x20000d90   0x00000200   Zero   RW         2887    HEAP                startup_stm32f407xx.o
    0x20000f90   0x00000400   Zero   RW         2886    STACK               startup_stm32f407xx.o


==============================================================================

Image component sizes


      Code (inc. data)   RO Data    RW Data    ZI Data      Debug   Object Name

        76          8          0          0          0       1397   led_f4discovery.o
       796         68         16          8         72     685325   main.o
       126         26        104         20       3016       9219   rtx_conf_cm.o
      3576        150        128          0         44      52823   spi_stm32f4xx.o
        64         26        392          0       1536        848   startup_stm32f407xx.o
       150         26          0          9          0       4720   stm32f4xx_hal.o
      1444         54          0          0          0       6739   stm32f4xx_hal_adc.o
       340         28          0          0          0      34744   stm32f4xx_hal_cortex.o
       170          0          0          0          0       1424   stm32f4xx_hal_dma.o
       896         86          0          0          0       4105   stm32f4xx_hal_gpio.o
      1700         74          0          0          0       5229   stm32f4xx_hal_rcc.o
       292         40         24          4          0       1987   system_stm32f4xx.o
      5772        220        136          0         56      28383   usart_stm32f4xx.o

    ----------------------------------------------------------------------
     15412        806        832         44       4728     836943   Object Totals
         0          0         32          0          0          0   (incl. Generated)
        10          0          0          3          4          0   (incl. Padding)

    ----------------------------------------------------------------------

      Code (inc. data)   RO Data    RW Data    ZI Data      Debug   Library Member Name

       268         24          0          1          0       4472   hal_cm.o
       408         34          0          0          0        816   hal_cm4.o
      1152        144          0          8          0      35878   rt_cmsis.o
        80          4          0          0          0        701   rt_event.o
       530         34          0          0         48       8601   rt_list.o
       554         10          0          0          0       4189   rt_mailbox.o
       140          0          0          0          0       2045   rt_membox.o
       128          0          0          0          0       2419   rt_memory.o
       336         14          0          0          0       1727   rt_mutex.o
        96         22          0          8          0       1230   rt_robin.o
        52          4          0          0          0        613   rt_semaphore.o
       298         52          0          8          0       6439   rt_system.o
      1216        174          0          8         52      10045   rt_task.o
         6          0          0          4          0        692   rt_time.o
         4          4          0          0          0        200   svc_table.o
         8          0          0          0          0         68   __main.o
         0          0          0          0          0          0   __rtentry.o
        20          0          0          0          0          0   __rtentry2.o
         6          0          0          0          0          0   __rtentry4.o
        52          8          0          0          0          0   __scatter.o
        26          0          0          0          0          0   __scatter_copy.o
        28          0          0          0          0          0   __scatter_zi.o
        18          0          0          0          0         80   exit.o
         6          0          0          0          0        152   heapauxi.o
         0          0          0          0          0          0   indicate_semi.o
         2          0          0          0          0          0   libinit.o
         6          0          0          0          0          0   libinit2.o
         2          0          0          0          0          0   libshutdown.o
         2          0          0          0          0          0   libshutdown2.o
         8          4          0          0         96         68   libspace.o
       238          0          0          0          0        100   lludivv7m.o
        78          0          0          0          0         80   rt_memclr_w.o
         2          0          0          0          0          0   rtexit.o
        10          0          0          0          0          0   rtexit2.o
        12          4          0          0          0         68   sys_exit.o
        74          0          0          0          0         80   sys_stackheap_outer.o
         2          0          0          0          0         68   use_no_semi.o
        10          0          0          0          0        116   fpinit.o

    ----------------------------------------------------------------------
      5904        536          0         40        196      80947   Library Totals
        26          0          0          3          0          0   (incl. Padding)

    ----------------------------------------------------------------------

      Code (inc. data)   RO Data    RW Data    ZI Data      Debug   Library Name

      5268        520          0         37        100      80067   RTX_CM4.lib
       600         16          0          0         96        764   c_w.l
        10          0          0          0          0        116   fz_wm.l

    ----------------------------------------------------------------------
      5904        536          0         40        196      80947   Library Totals

    ----------------------------------------------------------------------

==============================================================================


      Code (inc. data)   RO Data    RW Data    ZI Data      Debug   

     21316       1342        832         84       4924     900830   Grand Totals
     21316       1342        832         84       4924     900830   ELF Image Totals
     21316       1342        832         84          0          0   ROM Totals

==============================================================================

    Total RO  Size (Code + RO Data)                22148 (  21.63kB)
    Total RW  Size (RW Data + ZI Data)              5008 (   4.89kB)
    Total ROM Size (Code + RO Data + RW Data)      22232 (  21.71kB)

==============================================================================

